{
  "queryType": "timeseries",
  "aggregations": [
    {
      "type": "expression",
      "name": "Time",
      "initialValue": 946774860000,
      "fold": "max(\u0022__time\u0022, _acc)",
      "fields": [
        "\u0022__time\u0022"
      ]
    },
    {
      "type": "expression",
      "name": "Bool",
      "initialValue": 1,
      "fold": "\u0022Boolean\u0022 \u0026\u0026 _acc",
      "fields": [
        "\u0022Boolean\u0022"
      ]
    }
  ]
}
