{
  "queryType": "timeseries",
  "intervals": [
    "2000-01-02T01:01:00.0000000\u002B00:00/2000-01-02T01:01:00.0000000\u002B00:00"
  ],
  "descending": false,
  "granularity": "minute",
  "virtualColumns": [
    {
      "type": "expression",
      "name": "TReal",
      "expression": "__time"
    }
  ],
  "filter": {
    "fields": [
      {
        "column": "TReal",
        "type": "null"
      },
      {
        "matchValue": "e3af0803-3fc1-407c-9071-29c5f1cdc8d2",
        "matchValueType": "String",
        "column": "iotObjectId",
        "type": "equals"
      }
    ],
    "type": "or"
  },
  "aggregations": [
    {
      "type": "longMax",
      "name": "TMax",
      "fieldName": "__time"
    },
    {
      "type": "doubleLast",
      "name": "LastValue",
      "fieldName": "value"
    }
  ]
}
