{
  "queryType": "timeseries",
  "aggregations": [
    {
      "type": "doubleMin",
      "name": "OnType",
      "fieldName": "value"
    },
    {
      "type": "longLast",
      "name": "OnData",
      "fieldName": "processedTimestamp"
    },
    {
      "type": "doubleMin",
      "name": "OnType_Nested",
      "fieldName": "value"
    },
    {
      "type": "longLast",
      "name": "OnData_Nested",
      "fieldName": "processedTimestamp"
    }
  ],
  "postAggregations": [
    {
      "type": "constant",
      "name": "PostAggregations",
      "value": 0
    }
  ]
}
