{
  "queryType": "groupBy",
  "intervals": [
    "1999-01-02T01:01:00.0000000\u002B00:00/2000-01-02T01:01:00.0000000\u002B00:00"
  ],
  "granularity": "all",
  "dimensions": [
    {
      "type": "default",
      "outputName": "DomainID",
      "dimension": "DomainID"
    }
  ],
  "aggregations": [
    {
      "type": "longSum",
      "name": "Duration",
      "fieldName": "Duration"
    },
    {
      "type": "HLLSketchBuild",
      "name": "userCount",
      "fieldName": "UserID"
    }
  ]
}
