{
  "queryType": "timeseries",
  "aggregations": [
    {
      "type": "filtered",
      "name": "Aggregations",
      "filter": {
        "value": 1,
        "dimension": "value",
        "type": "selector"
      },
      "aggregator": {
        "type": "doubleFirst",
        "name": "Aggregations",
        "fieldName": "value"
      }
    }
  ]
}
