{
  "queryType": "timeseries",
  "aggregations": [
    {
      "type": "doubleMax",
      "name": "OnType",
      "fieldName": "value"
    },
    {
      "type": "longLast",
      "name": "OnData",
      "fieldName": "__time"
    },
    {
      "type": "doubleFirst",
      "name": "OnType_Nested",
      "fieldName": "value"
    },
    {
      "type": "longLast",
      "name": "OnData_Nested",
      "fieldName": "__time"
    }
  ],
  "postAggregations": [
    {
      "type": "constant",
      "name": "PostAggregations",
      "value": 1
    }
  ]
}
