{
  "queryType": "topN",
  "intervals": [
    "2000-01-02T01:01:00.0000000\u002B00:00/2000-01-02T01:01:00.0000000\u002B00:00"
  ],
  "granularity": "minute",
  "filter": {
    "fields": [
      {
        "column": "TReal",
        "type": "null"
      },
      {
        "matchValue": "e3af0803-3fc1-407c-9071-29c5f1cdc8d2",
        "matchValueType": "String",
        "column": "iotObjectId",
        "type": "equals"
      }
    ],
    "type": "or"
  },
  "dimension": {
    "type": "default",
    "outputName": "IotObjectId",
    "dimension": "iotObjectId"
  },
  "metric": {
    "metric": "Sum",
    "type": "numeric"
  },
  "threshold": 5,
  "context": {
    "minTopNThreshold": 5
  },
  "aggregations": [
    {
      "type": "longMax",
      "name": "TMax",
      "fieldName": "__time"
    },
    {
      "type": "doubleLast",
      "name": "LastValue",
      "fieldName": "value"
    }
  ],
  "postAggregations": [
    {
      "type": "arithmetic",
      "name": "Sum",
      "fn": "\u002B",
      "fields": [
        {
          "type": "finalizingFieldAccess",
          "fieldName": "LastValue"
        }
      ]
    }
  ],
  "virtualColumns": [
    {
      "type": "expression",
      "name": "TReal",
      "expression": "__time"
    }
  ]
}
