{
  "queryType": "scan",
  "columns": [
    "signal",
    "iotObjectId",
    "value",
    "__time"
  ],
  "limit": 10000,
  "batchSize": 2000,
  "offset": 4000,
  "filter": {
    "lower": 100,
    "lowerOpen": false,
    "upperOpen": false,
    "matchValueType": "Double",
    "column": "value",
    "type": "range"
  },
  "intervals": [
    "2000-01-02T01:01:00.0000000\u002B00:00/2000-01-02T01:01:00.0000000\u002B00:00"
  ],
  "descending": false
}
