{
  "queryType": "groupBy",
  "intervals": [
    "2000-01-02T01:01:00.0000000\u002B00:00/2000-01-02T01:01:00.0000000\u002B00:00"
  ],
  "granularity": "minute",
  "virtualColumns": [
    {
      "type": "expression",
      "name": "VirtualColumns",
      "expression": "__time"
    }
  ],
  "dimensions": [
    {
      "type": "default",
      "outputName": "IotObjectId",
      "dimension": "iotObjectId"
    },
    {
      "type": "default",
      "outputName": "VariableName",
      "dimension": "signal"
    }
  ],
  "aggregations": [
    {
      "type": "longMax",
      "name": "TMax",
      "fieldName": "__time"
    },
    {
      "type": "doubleLast",
      "name": "LastValue",
      "fieldName": "value"
    }
  ],
  "limitSpec": {
    "limit": 5000,
    "columns": [
      {
        "dimension": "IotObjectId",
        "dimensionOrder": "Lexicographic"
      },
      {
        "dimension": "LastValue",
        "dimensionOrder": "Lexicographic"
      }
    ],
    "type": "default"
  },
  "having": {
    "filter": {
      "lower": 0,
      "lowerOpen": false,
      "upperOpen": false,
      "matchValueType": "Double",
      "column": "LastValue",
      "type": "range"
    },
    "type": "filter"
  }
}
