[
  {
    "Timestamp": "2016-06-27T00:00:00+00:00",
    "Value": {
      "Dimension": "Chef (film)",
      "Aggregations": 3
    }
  },
  {
    "Timestamp": "2016-06-27T00:00:00+00:00",
    "Value": {
      "Dimension": "Википедия:Опросы/Унификация шаблонов «Не переведено»",
      "Aggregations": 3
    }
  },
  {
    "Timestamp": "2016-06-27T00:00:00+00:00",
    "Value": {
      "Dimension": "تصنيف:النساء في السودان",
      "Aggregations": 3
    }
  },
  {
    "Timestamp": "2016-06-27T00:00:00+00:00",
    "Value": {
      "Dimension": "Apophatic theology",
      "Aggregations": 2
    }
  },
  {
    "Timestamp": "2016-06-27T00:00:00+00:00",
    "Value": {
      "Dimension": "Bailando 2015",
      "Aggregations": 2
    }
  },
  {
    "Timestamp": "2016-06-27T00:00:00+00:00",
    "Value": {
      "Dimension": "Benutzer:BrutFork/Schnippelbox/Negative Einkommensteuer",
      "Aggregations": 2
    }
  },
  {
    "Timestamp": "2016-06-27T00:00:00+00:00",
    "Value": {
      "Dimension": "Canis lupus familiaris",
      "Aggregations": 2
    }
  },
  {
    "Timestamp": "2016-06-27T00:00:00+00:00",
    "Value": {
      "Dimension": "Clasificación para la Eurocopa Sub-21 de 2017",
      "Aggregations": 2
    }
  },
  {
    "Timestamp": "2016-06-27T00:00:00+00:00",
    "Value": {
      "Dimension": "Espresso (software)",
      "Aggregations": 2
    }
  },
  {
    "Timestamp": "2016-06-27T00:00:00+00:00",
    "Value": {
      "Dimension": "France national rugby union team",
      "Aggregations": 2
    }
  },
  {
    "Timestamp": "2016-06-27T01:00:00+00:00",
    "Value": {
      "Dimension": "Anexo:Rutas de TransCaribe",
      "Aggregations": 3
    }
  },
  {
    "Timestamp": "2016-06-27T01:00:00+00:00",
    "Value": {
      "Dimension": "Copa América Centenario",
      "Aggregations": 3
    }
  },
  {
    "Timestamp": "2016-06-27T01:00:00+00:00",
    "Value": {
      "Dimension": "Guild Wars Nightfall",
      "Aggregations": 3
    }
  },
  {
    "Timestamp": "2016-06-27T01:00:00+00:00",
    "Value": {
      "Dimension": "Jeanne Louise Milde",
      "Aggregations": 3
    }
  },
  {
    "Timestamp": "2016-06-27T01:00:00+00:00",
    "Value": {
      "Dimension": "2016年英國脫離歐盟公投",
      "Aggregations": 2
    }
  },
  {
    "Timestamp": "2016-06-27T01:00:00+00:00",
    "Value": {
      "Dimension": "All-New X-Men",
      "Aggregations": 2
    }
  },
  {
    "Timestamp": "2016-06-27T01:00:00+00:00",
    "Value": {
      "Dimension": "Big Brother 18 (U.S.)",
      "Aggregations": 2
    }
  },
  {
    "Timestamp": "2016-06-27T01:00:00+00:00",
    "Value": {
      "Dimension": "Crossroads (1976 film)",
      "Aggregations": 2
    }
  },
  {
    "Timestamp": "2016-06-27T01:00:00+00:00",
    "Value": {
      "Dimension": "Death of David Coughlin",
      "Aggregations": 2
    }
  },
  {
    "Timestamp": "2016-06-27T01:00:00+00:00",
    "Value": {
      "Dimension": "Héber Lopes",
      "Aggregations": 2
    }
  },
  {
    "Timestamp": "2016-06-27T02:00:00+00:00",
    "Value": {
      "Dimension": "Copa América Centenario",
      "Aggregations": 8
    }
  },
  {
    "Timestamp": "2016-06-27T02:00:00+00:00",
    "Value": {
      "Dimension": "User:B-bot/Event log",
      "Aggregations": 4
    }
  },
  {
    "Timestamp": "2016-06-27T02:00:00+00:00",
    "Value": {
      "Dimension": "Schweizerland",
      "Aggregations": 3
    }
  },
  {
    "Timestamp": "2016-06-27T02:00:00+00:00",
    "Value": {
      "Dimension": "2016年の鉄道",
      "Aggregations": 2
    }
  },
  {
    "Timestamp": "2016-06-27T02:00:00+00:00",
    "Value": {
      "Dimension": "Anexo:Temporada 2016 del Barcelona Sporting Club",
      "Aggregations": 2
    }
  },
  {
    "Timestamp": "2016-06-27T02:00:00+00:00",
    "Value": {
      "Dimension": "Armored Core: Verdict Day",
      "Aggregations": 2
    }
  },
  {
    "Timestamp": "2016-06-27T02:00:00+00:00",
    "Value": {
      "Dimension": "Copa América",
      "Aggregations": 2
    }
  },
  {
    "Timestamp": "2016-06-27T02:00:00+00:00",
    "Value": {
      "Dimension": "Divine presence",
      "Aggregations": 2
    }
  },
  {
    "Timestamp": "2016-06-27T02:00:00+00:00",
    "Value": {
      "Dimension": "Eloise Drew",
      "Aggregations": 2
    }
  },
  {
    "Timestamp": "2016-06-27T02:00:00+00:00",
    "Value": {
      "Dimension": "If Americans Knew",
      "Aggregations": 2
    }
  },
  {
    "Timestamp": "2016-06-27T03:00:00+00:00",
    "Value": {
      "Dimension": "Copa América Centenario",
      "Aggregations": 8
    }
  },
  {
    "Timestamp": "2016-06-27T03:00:00+00:00",
    "Value": {
      "Dimension": "User:Osterb/sandbox",
      "Aggregations": 4
    }
  },
  {
    "Timestamp": "2016-06-27T03:00:00+00:00",
    "Value": {
      "Dimension": "Copa América",
      "Aggregations": 3
    }
  },
  {
    "Timestamp": "2016-06-27T03:00:00+00:00",
    "Value": {
      "Dimension": "Divine presence",
      "Aggregations": 3
    }
  },
  {
    "Timestamp": "2016-06-27T03:00:00+00:00",
    "Value": {
      "Dimension": "Eduardo Vargas",
      "Aggregations": 3
    }
  },
  {
    "Timestamp": "2016-06-27T03:00:00+00:00",
    "Value": {
      "Dimension": "La vita è bella (song)",
      "Aggregations": 3
    }
  },
  {
    "Timestamp": "2016-06-27T03:00:00+00:00",
    "Value": {
      "Dimension": "BMW X4",
      "Aggregations": 2
    }
  },
  {
    "Timestamp": "2016-06-27T03:00:00+00:00",
    "Value": {
      "Dimension": "Catherine Siachoque",
      "Aggregations": 2
    }
  },
  {
    "Timestamp": "2016-06-27T03:00:00+00:00",
    "Value": {
      "Dimension": "Guillermo Ochoa",
      "Aggregations": 2
    }
  },
  {
    "Timestamp": "2016-06-27T03:00:00+00:00",
    "Value": {
      "Dimension": "Hashim Thaçi",
      "Aggregations": 2
    }
  },
  {
    "Timestamp": "2016-06-27T04:00:00+00:00",
    "Value": {
      "Dimension": "Bailando 2015",
      "Aggregations": 6
    }
  },
  {
    "Timestamp": "2016-06-27T04:00:00+00:00",
    "Value": {
      "Dimension": "List of Mexican football transfers summer 2016",
      "Aggregations": 3
    }
  },
  {
    "Timestamp": "2016-06-27T04:00:00+00:00",
    "Value": {
      "Dimension": "User:Osterb/sandbox",
      "Aggregations": 3
    }
  },
  {
    "Timestamp": "2016-06-27T04:00:00+00:00",
    "Value": {
      "Dimension": "2014 Hun Sen Cup",
      "Aggregations": 2
    }
  },
  {
    "Timestamp": "2016-06-27T04:00:00+00:00",
    "Value": {
      "Dimension": "2016 in sports",
      "Aggregations": 2
    }
  },
  {
    "Timestamp": "2016-06-27T04:00:00+00:00",
    "Value": {
      "Dimension": "Agnes Gierck",
      "Aggregations": 2
    }
  },
  {
    "Timestamp": "2016-06-27T04:00:00+00:00",
    "Value": {
      "Dimension": "Alemania Federal en la Eurocopa 1988",
      "Aggregations": 2
    }
  },
  {
    "Timestamp": "2016-06-27T04:00:00+00:00",
    "Value": {
      "Dimension": "American Nazi Party",
      "Aggregations": 2
    }
  },
  {
    "Timestamp": "2016-06-27T04:00:00+00:00",
    "Value": {
      "Dimension": "Copa América",
      "Aggregations": 2
    }
  },
  {
    "Timestamp": "2016-06-27T04:00:00+00:00",
    "Value": {
      "Dimension": "F-VE DOLLS",
      "Aggregations": 2
    }
  },
  {
    "Timestamp": "2016-06-27T05:00:00+00:00",
    "Value": {
      "Dimension": "James Hepburn (golfer)",
      "Aggregations": 3
    }
  },
  {
    "Timestamp": "2016-06-27T05:00:00+00:00",
    "Value": {
      "Dimension": "Вікіпедія:Заявки на позбавлення прав патрульного",
      "Aggregations": 3
    }
  },
  {
    "Timestamp": "2016-06-27T05:00:00+00:00",
    "Value": {
      "Dimension": "1995 NHL Entry Draft",
      "Aggregations": 2
    }
  },
  {
    "Timestamp": "2016-06-27T05:00:00+00:00",
    "Value": {
      "Dimension": "Aaron Leya Iseka",
      "Aggregations": 2
    }
  },
  {
    "Timestamp": "2016-06-27T05:00:00+00:00",
    "Value": {
      "Dimension": "Antares (rocket)",
      "Aggregations": 2
    }
  },
  {
    "Timestamp": "2016-06-27T05:00:00+00:00",
    "Value": {
      "Dimension": "Budhabare, Mechi",
      "Aggregations": 2
    }
  },
  {
    "Timestamp": "2016-06-27T05:00:00+00:00",
    "Value": {
      "Dimension": "Kidston State Battery & Township",
      "Aggregations": 2
    }
  },
  {
    "Timestamp": "2016-06-27T05:00:00+00:00",
    "Value": {
      "Dimension": "Roberto Saviano",
      "Aggregations": 2
    }
  },
  {
    "Timestamp": "2016-06-27T05:00:00+00:00",
    "Value": {
      "Dimension": "Spike (rapper)",
      "Aggregations": 2
    }
  },
  {
    "Timestamp": "2016-06-27T05:00:00+00:00",
    "Value": {
      "Dimension": "Sramana Mitra",
      "Aggregations": 2
    }
  },
  {
    "Timestamp": "2016-06-27T06:00:00+00:00",
    "Value": {
      "Dimension": "Kompleks Mahkamah Kuala Lumpur",
      "Aggregations": 4
    }
  },
  {
    "Timestamp": "2016-06-27T06:00:00+00:00",
    "Value": {
      "Dimension": "Make a Woman Cry",
      "Aggregations": 3
    }
  },
  {
    "Timestamp": "2016-06-27T06:00:00+00:00",
    "Value": {
      "Dimension": "River lamprey",
      "Aggregations": 3
    }
  },
  {
    "Timestamp": "2016-06-27T06:00:00+00:00",
    "Value": {
      "Dimension": "Воротынец",
      "Aggregations": 3
    }
  },
  {
    "Timestamp": "2016-06-27T06:00:00+00:00",
    "Value": {
      "Dimension": "2016 in sports",
      "Aggregations": 2
    }
  },
  {
    "Timestamp": "2016-06-27T06:00:00+00:00",
    "Value": {
      "Dimension": "Ain't That a Shame",
      "Aggregations": 2
    }
  },
  {
    "Timestamp": "2016-06-27T06:00:00+00:00",
    "Value": {
      "Dimension": "Bavonatal",
      "Aggregations": 2
    }
  },
  {
    "Timestamp": "2016-06-27T06:00:00+00:00",
    "Value": {
      "Dimension": "Curt von Jesser",
      "Aggregations": 2
    }
  },
  {
    "Timestamp": "2016-06-27T06:00:00+00:00",
    "Value": {
      "Dimension": "Diskussion:Schlacht um Verdun",
      "Aggregations": 2
    }
  },
  {
    "Timestamp": "2016-06-27T06:00:00+00:00",
    "Value": {
      "Dimension": "Form 1120",
      "Aggregations": 2
    }
  },
  {
    "Timestamp": "2016-06-27T07:00:00+00:00",
    "Value": {
      "Dimension": "2015–16 Ligas Regionales (Spanish women's football)",
      "Aggregations": 3
    }
  },
  {
    "Timestamp": "2016-06-27T07:00:00+00:00",
    "Value": {
      "Dimension": "Draft:David Sikhosana",
      "Aggregations": 3
    }
  },
  {
    "Timestamp": "2016-06-27T07:00:00+00:00",
    "Value": {
      "Dimension": "The Winds of Winter (Game of Thrones)",
      "Aggregations": 3
    }
  },
  {
    "Timestamp": "2016-06-27T07:00:00+00:00",
    "Value": {
      "Dimension": "Wikipedia:Usernames for administrator attention",
      "Aggregations": 3
    }
  },
  {
    "Timestamp": "2016-06-27T07:00:00+00:00",
    "Value": {
      "Dimension": "Albert Fish",
      "Aggregations": 2
    }
  },
  {
    "Timestamp": "2016-06-27T07:00:00+00:00",
    "Value": {
      "Dimension": "Baclofen",
      "Aggregations": 2
    }
  },
  {
    "Timestamp": "2016-06-27T07:00:00+00:00",
    "Value": {
      "Dimension": "Benutzer:Tuxensen/Artikelentwurf",
      "Aggregations": 2
    }
  },
  {
    "Timestamp": "2016-06-27T07:00:00+00:00",
    "Value": {
      "Dimension": "El Gran Show 2015 (season 1)",
      "Aggregations": 2
    }
  },
  {
    "Timestamp": "2016-06-27T07:00:00+00:00",
    "Value": {
      "Dimension": "Finding Dory",
      "Aggregations": 2
    }
  },
  {
    "Timestamp": "2016-06-27T07:00:00+00:00",
    "Value": {
      "Dimension": "Jimmy Vesey",
      "Aggregations": 2
    }
  },
  {
    "Timestamp": "2016-06-27T08:00:00+00:00",
    "Value": {
      "Dimension": "利用者‐会話:Hfaw1234",
      "Aggregations": 4
    }
  },
  {
    "Timestamp": "2016-06-27T08:00:00+00:00",
    "Value": {
      "Dimension": "Copa América Centenario",
      "Aggregations": 3
    }
  },
  {
    "Timestamp": "2016-06-27T08:00:00+00:00",
    "Value": {
      "Dimension": "The Winds of Winter (Game of Thrones)",
      "Aggregations": 3
    }
  },
  {
    "Timestamp": "2016-06-27T08:00:00+00:00",
    "Value": {
      "Dimension": "Anett Kontaveit",
      "Aggregations": 2
    }
  },
  {
    "Timestamp": "2016-06-27T08:00:00+00:00",
    "Value": {
      "Dimension": "El Gran Show 2015 (season 1)",
      "Aggregations": 2
    }
  },
  {
    "Timestamp": "2016-06-27T08:00:00+00:00",
    "Value": {
      "Dimension": "Lijst van Belgische expreswegen",
      "Aggregations": 2
    }
  },
  {
    "Timestamp": "2016-06-27T08:00:00+00:00",
    "Value": {
      "Dimension": "List of power stations in Thailand",
      "Aggregations": 2
    }
  },
  {
    "Timestamp": "2016-06-27T08:00:00+00:00",
    "Value": {
      "Dimension": "London (William Blake poem)",
      "Aggregations": 2
    }
  },
  {
    "Timestamp": "2016-06-27T08:00:00+00:00",
    "Value": {
      "Dimension": "Nha Trang Air Base",
      "Aggregations": 2
    }
  },
  {
    "Timestamp": "2016-06-27T08:00:00+00:00",
    "Value": {
      "Dimension": "Religious communism",
      "Aggregations": 2
    }
  },
  {
    "Timestamp": "2016-06-27T09:00:00+00:00",
    "Value": {
      "Dimension": "Wikipedia:Vandalismusmeldung",
      "Aggregations": 4
    }
  },
  {
    "Timestamp": "2016-06-27T09:00:00+00:00",
    "Value": {
      "Dimension": "Benutzer Diskussion:Iwesb",
      "Aggregations": 3
    }
  },
  {
    "Timestamp": "2016-06-27T09:00:00+00:00",
    "Value": {
      "Dimension": "Fanny de Sivers",
      "Aggregations": 3
    }
  },
  {
    "Timestamp": "2016-06-27T09:00:00+00:00",
    "Value": {
      "Dimension": "M. S. Viswanathan discography",
      "Aggregations": 3
    }
  },
  {
    "Timestamp": "2016-06-27T09:00:00+00:00",
    "Value": {
      "Dimension": "Bilgram",
      "Aggregations": 2
    }
  },
  {
    "Timestamp": "2016-06-27T09:00:00+00:00",
    "Value": {
      "Dimension": "Bruker:F.bendik/Greyhound Lines",
      "Aggregations": 2
    }
  },
  {
    "Timestamp": "2016-06-27T09:00:00+00:00",
    "Value": {
      "Dimension": "Buddhistischer Kanon",
      "Aggregations": 2
    }
  },
  {
    "Timestamp": "2016-06-27T09:00:00+00:00",
    "Value": {
      "Dimension": "Dil Apna Aur Preet Parai",
      "Aggregations": 2
    }
  },
  {
    "Timestamp": "2016-06-27T09:00:00+00:00",
    "Value": {
      "Dimension": "Doodstraf",
      "Aggregations": 2
    }
  },
  {
    "Timestamp": "2016-06-27T09:00:00+00:00",
    "Value": {
      "Dimension": "G.I. Joe (IDW Publishing)",
      "Aggregations": 2
    }
  },
  {
    "Timestamp": "2016-06-27T10:00:00+00:00",
    "Value": {
      "Dimension": "Championnat du Maroc de football 1957-1958",
      "Aggregations": 4
    }
  },
  {
    "Timestamp": "2016-06-27T10:00:00+00:00",
    "Value": {
      "Dimension": "Championnat du Maroc de football 1956-1957",
      "Aggregations": 3
    }
  },
  {
    "Timestamp": "2016-06-27T10:00:00+00:00",
    "Value": {
      "Dimension": "Gilan Province",
      "Aggregations": 3
    }
  },
  {
    "Timestamp": "2016-06-27T10:00:00+00:00",
    "Value": {
      "Dimension": "Lionel Messi",
      "Aggregations": 3
    }
  },
  {
    "Timestamp": "2016-06-27T10:00:00+00:00",
    "Value": {
      "Dimension": "Wikipedia:Usernames for administrator attention",
      "Aggregations": 3
    }
  },
  {
    "Timestamp": "2016-06-27T10:00:00+00:00",
    "Value": {
      "Dimension": "Айрат",
      "Aggregations": 3
    }
  },
  {
    "Timestamp": "2016-06-27T10:00:00+00:00",
    "Value": {
      "Dimension": "2016 Chinese Taipei Open Grand Prix Gold",
      "Aggregations": 2
    }
  },
  {
    "Timestamp": "2016-06-27T10:00:00+00:00",
    "Value": {
      "Dimension": "2016 in Philippine television",
      "Aggregations": 2
    }
  },
  {
    "Timestamp": "2016-06-27T10:00:00+00:00",
    "Value": {
      "Dimension": "Benutzer:Wm. Brook/Lotsenbrüderschaft Emden",
      "Aggregations": 2
    }
  },
  {
    "Timestamp": "2016-06-27T10:00:00+00:00",
    "Value": {
      "Dimension": "Black Sea Shipping Company",
      "Aggregations": 2
    }
  },
  {
    "Timestamp": "2016-06-27T11:00:00+00:00",
    "Value": {
      "Dimension": "Alejandro Rodríguez Lema",
      "Aggregations": 3
    }
  },
  {
    "Timestamp": "2016-06-27T11:00:00+00:00",
    "Value": {
      "Dimension": "List of American television series",
      "Aggregations": 3
    }
  },
  {
    "Timestamp": "2016-06-27T11:00:00+00:00",
    "Value": {
      "Dimension": "Philippe Montanier",
      "Aggregations": 3
    }
  },
  {
    "Timestamp": "2016-06-27T11:00:00+00:00",
    "Value": {
      "Dimension": "User:IndianBio/sandbox7",
      "Aggregations": 3
    }
  },
  {
    "Timestamp": "2016-06-27T11:00:00+00:00",
    "Value": {
      "Dimension": "ولاية الجزائر",
      "Aggregations": 3
    }
  },
  {
    "Timestamp": "2016-06-27T11:00:00+00:00",
    "Value": {
      "Dimension": "2016 Wimbledon Championships – Men's Singles",
      "Aggregations": 2
    }
  },
  {
    "Timestamp": "2016-06-27T11:00:00+00:00",
    "Value": {
      "Dimension": "Albert Coppé",
      "Aggregations": 2
    }
  },
  {
    "Timestamp": "2016-06-27T11:00:00+00:00",
    "Value": {
      "Dimension": "Användare:HangsnaBot/UtanStandardsortering",
      "Aggregations": 2
    }
  },
  {
    "Timestamp": "2016-06-27T11:00:00+00:00",
    "Value": {
      "Dimension": "Athy",
      "Aggregations": 2
    }
  },
  {
    "Timestamp": "2016-06-27T11:00:00+00:00",
    "Value": {
      "Dimension": "Democrazia diretta",
      "Aggregations": 2
    }
  },
  {
    "Timestamp": "2016-06-27T12:00:00+00:00",
    "Value": {
      "Dimension": "World Deaf Championships",
      "Aggregations": 3
    }
  },
  {
    "Timestamp": "2016-06-27T12:00:00+00:00",
    "Value": {
      "Dimension": "مكتب تنسيق التعريب",
      "Aggregations": 3
    }
  },
  {
    "Timestamp": "2016-06-27T12:00:00+00:00",
    "Value": {
      "Dimension": "台灣那麼旺 Taiwan NO.1",
      "Aggregations": 3
    }
  },
  {
    "Timestamp": "2016-06-27T12:00:00+00:00",
    "Value": {
      "Dimension": "1741 au Canada",
      "Aggregations": 2
    }
  },
  {
    "Timestamp": "2016-06-27T12:00:00+00:00",
    "Value": {
      "Dimension": "Artikelentwurf FF Kaulsdorf",
      "Aggregations": 2
    }
  },
  {
    "Timestamp": "2016-06-27T12:00:00+00:00",
    "Value": {
      "Dimension": "Barakat Mahmoud",
      "Aggregations": 2
    }
  },
  {
    "Timestamp": "2016-06-27T12:00:00+00:00",
    "Value": {
      "Dimension": "Barok (stijlperiode)",
      "Aggregations": 2
    }
  },
  {
    "Timestamp": "2016-06-27T12:00:00+00:00",
    "Value": {
      "Dimension": "Elena Gogoleva",
      "Aggregations": 2
    }
  },
  {
    "Timestamp": "2016-06-27T12:00:00+00:00",
    "Value": {
      "Dimension": "Gulat pada Pekan Olahraga Nasional XIX – Kualifikasi",
      "Aggregations": 2
    }
  },
  {
    "Timestamp": "2016-06-27T12:00:00+00:00",
    "Value": {
      "Dimension": "IKON",
      "Aggregations": 2
    }
  },
  {
    "Timestamp": "2016-06-27T13:00:00+00:00",
    "Value": {
      "Dimension": "Park Shin-hye",
      "Aggregations": 4
    }
  },
  {
    "Timestamp": "2016-06-27T13:00:00+00:00",
    "Value": {
      "Dimension": "Ветра зимы (Игра престолов)",
      "Aggregations": 4
    }
  },
  {
    "Timestamp": "2016-06-27T13:00:00+00:00",
    "Value": {
      "Dimension": "Ingo Fröhlich",
      "Aggregations": 3
    }
  },
  {
    "Timestamp": "2016-06-27T13:00:00+00:00",
    "Value": {
      "Dimension": "Wallix",
      "Aggregations": 3
    }
  },
  {
    "Timestamp": "2016-06-27T13:00:00+00:00",
    "Value": {
      "Dimension": "Wikipedia:Administrator intervention against vandalism",
      "Aggregations": 3
    }
  },
  {
    "Timestamp": "2016-06-27T13:00:00+00:00",
    "Value": {
      "Dimension": "Étrusques",
      "Aggregations": 3
    }
  },
  {
    "Timestamp": "2016-06-27T13:00:00+00:00",
    "Value": {
      "Dimension": "ولاية الجزائر",
      "Aggregations": 3
    }
  },
  {
    "Timestamp": "2016-06-27T13:00:00+00:00",
    "Value": {
      "Dimension": "2016–17 Leeds United F.C. season",
      "Aggregations": 2
    }
  },
  {
    "Timestamp": "2016-06-27T13:00:00+00:00",
    "Value": {
      "Dimension": "Aurora State Airport",
      "Aggregations": 2
    }
  },
  {
    "Timestamp": "2016-06-27T13:00:00+00:00",
    "Value": {
      "Dimension": "Benutzer:Phoenix Galax/Syntax/Basic",
      "Aggregations": 2
    }
  },
  {
    "Timestamp": "2016-06-27T14:00:00+00:00",
    "Value": {
      "Dimension": "Benutzer:Bergfalke2/Hangar/Polizeiruf 110: Smoke on the Water",
      "Aggregations": 5
    }
  },
  {
    "Timestamp": "2016-06-27T14:00:00+00:00",
    "Value": {
      "Dimension": "2016 Wimbledon Championships – Men's Singles",
      "Aggregations": 3
    }
  },
  {
    "Timestamp": "2016-06-27T14:00:00+00:00",
    "Value": {
      "Dimension": "Asian Rugby League Federation",
      "Aggregations": 3
    }
  },
  {
    "Timestamp": "2016-06-27T14:00:00+00:00",
    "Value": {
      "Dimension": "Mission Backup Earth",
      "Aggregations": 3
    }
  },
  {
    "Timestamp": "2016-06-27T14:00:00+00:00",
    "Value": {
      "Dimension": "Wikipedia:WikiProject Warhammer 40,000/References",
      "Aggregations": 3
    }
  },
  {
    "Timestamp": "2016-06-27T14:00:00+00:00",
    "Value": {
      "Dimension": "ویکی‌پدیا:درخواست محافظت صفحه",
      "Aggregations": 3
    }
  },
  {
    "Timestamp": "2016-06-27T14:00:00+00:00",
    "Value": {
      "Dimension": "Acantholycosa khakassica",
      "Aggregations": 2
    }
  },
  {
    "Timestamp": "2016-06-27T14:00:00+00:00",
    "Value": {
      "Dimension": "Castel Nuovo",
      "Aggregations": 2
    }
  },
  {
    "Timestamp": "2016-06-27T14:00:00+00:00",
    "Value": {
      "Dimension": "David Ribeiro Telles",
      "Aggregations": 2
    }
  },
  {
    "Timestamp": "2016-06-27T14:00:00+00:00",
    "Value": {
      "Dimension": "Diriliş: Ertuğrul",
      "Aggregations": 2
    }
  },
  {
    "Timestamp": "2016-06-27T15:00:00+00:00",
    "Value": {
      "Dimension": "Wikipedia:Sperrprüfung",
      "Aggregations": 4
    }
  },
  {
    "Timestamp": "2016-06-27T15:00:00+00:00",
    "Value": {
      "Dimension": "2016 Wimbledon Championships – Men's Singles",
      "Aggregations": 3
    }
  },
  {
    "Timestamp": "2016-06-27T15:00:00+00:00",
    "Value": {
      "Dimension": "Anne Akiko Meyers",
      "Aggregations": 3
    }
  },
  {
    "Timestamp": "2016-06-27T15:00:00+00:00",
    "Value": {
      "Dimension": "Benutzer Diskussion:RolandUnger",
      "Aggregations": 3
    }
  },
  {
    "Timestamp": "2016-06-27T15:00:00+00:00",
    "Value": {
      "Dimension": "El Gran Show 2015 (season 2)",
      "Aggregations": 3
    }
  },
  {
    "Timestamp": "2016-06-27T15:00:00+00:00",
    "Value": {
      "Dimension": "Eraïm Miriam Delaborde",
      "Aggregations": 3
    }
  },
  {
    "Timestamp": "2016-06-27T15:00:00+00:00",
    "Value": {
      "Dimension": "Usuário:GualdimG/Testes",
      "Aggregations": 3
    }
  },
  {
    "Timestamp": "2016-06-27T15:00:00+00:00",
    "Value": {
      "Dimension": "2015–16 Ukrainian Basketball SuperLeague",
      "Aggregations": 2
    }
  },
  {
    "Timestamp": "2016-06-27T15:00:00+00:00",
    "Value": {
      "Dimension": "2016 Portland Timbers season",
      "Aggregations": 2
    }
  },
  {
    "Timestamp": "2016-06-27T15:00:00+00:00",
    "Value": {
      "Dimension": "2016–17 Motherwell F.C. season",
      "Aggregations": 2
    }
  },
  {
    "Timestamp": "2016-06-27T16:00:00+00:00",
    "Value": {
      "Dimension": "Flightglobal",
      "Aggregations": 4
    }
  },
  {
    "Timestamp": "2016-06-27T16:00:00+00:00",
    "Value": {
      "Dimension": "List of diplomatic missions of Malaysia",
      "Aggregations": 3
    }
  },
  {
    "Timestamp": "2016-06-27T16:00:00+00:00",
    "Value": {
      "Dimension": "Podemos",
      "Aggregations": 3
    }
  },
  {
    "Timestamp": "2016-06-27T16:00:00+00:00",
    "Value": {
      "Dimension": "日産・ブルーバード",
      "Aggregations": 3
    }
  },
  {
    "Timestamp": "2016-06-27T16:00:00+00:00",
    "Value": {
      "Dimension": "1891",
      "Aggregations": 2
    }
  },
  {
    "Timestamp": "2016-06-27T16:00:00+00:00",
    "Value": {
      "Dimension": "Alfred Rudolf Lundgren",
      "Aggregations": 2
    }
  },
  {
    "Timestamp": "2016-06-27T16:00:00+00:00",
    "Value": {
      "Dimension": "BAMN",
      "Aggregations": 2
    }
  },
  {
    "Timestamp": "2016-06-27T16:00:00+00:00",
    "Value": {
      "Dimension": "Benutzer Diskussion:Alnilam",
      "Aggregations": 2
    }
  },
  {
    "Timestamp": "2016-06-27T16:00:00+00:00",
    "Value": {
      "Dimension": "Championnat du Maroc de football 1985-1986",
      "Aggregations": 2
    }
  },
  {
    "Timestamp": "2016-06-27T16:00:00+00:00",
    "Value": {
      "Dimension": "Coimbatore International Airport",
      "Aggregations": 2
    }
  },
  {
    "Timestamp": "2016-06-27T17:00:00+00:00",
    "Value": {
      "Dimension": "Académie des Beaux-Arts",
      "Aggregations": 3
    }
  },
  {
    "Timestamp": "2016-06-27T17:00:00+00:00",
    "Value": {
      "Dimension": "List of Caribbean music genres",
      "Aggregations": 3
    }
  },
  {
    "Timestamp": "2016-06-27T17:00:00+00:00",
    "Value": {
      "Dimension": "User:Antigng/test",
      "Aggregations": 3
    }
  },
  {
    "Timestamp": "2016-06-27T17:00:00+00:00",
    "Value": {
      "Dimension": "User:Cyde/List of candidates for speedy deletion/Subpage",
      "Aggregations": 3
    }
  },
  {
    "Timestamp": "2016-06-27T17:00:00+00:00",
    "Value": {
      "Dimension": "Wikipedia:Administrators' noticeboard/Incidents",
      "Aggregations": 3
    }
  },
  {
    "Timestamp": "2016-06-27T17:00:00+00:00",
    "Value": {
      "Dimension": "Winona Ryder",
      "Aggregations": 3
    }
  },
  {
    "Timestamp": "2016-06-27T17:00:00+00:00",
    "Value": {
      "Dimension": "Википедия:Запросы к ботоводам",
      "Aggregations": 3
    }
  },
  {
    "Timestamp": "2016-06-27T17:00:00+00:00",
    "Value": {
      "Dimension": "1890 год у гісторыі беларускага выяўленчага мастацтва",
      "Aggregations": 2
    }
  },
  {
    "Timestamp": "2016-06-27T17:00:00+00:00",
    "Value": {
      "Dimension": "Attorney General for England and Wales",
      "Aggregations": 2
    }
  },
  {
    "Timestamp": "2016-06-27T17:00:00+00:00",
    "Value": {
      "Dimension": "Benutzer Diskussion:Mabschaaf",
      "Aggregations": 2
    }
  },
  {
    "Timestamp": "2016-06-27T18:00:00+00:00",
    "Value": {
      "Dimension": "Wikipedia:Administrators' noticeboard/Incidents",
      "Aggregations": 5
    }
  },
  {
    "Timestamp": "2016-06-27T18:00:00+00:00",
    "Value": {
      "Dimension": "2016 Wimbledon Championships – Men's Singles",
      "Aggregations": 4
    }
  },
  {
    "Timestamp": "2016-06-27T18:00:00+00:00",
    "Value": {
      "Dimension": "Three Days Grace discography",
      "Aggregations": 4
    }
  },
  {
    "Timestamp": "2016-06-27T18:00:00+00:00",
    "Value": {
      "Dimension": "Wikipedia:Administrators' noticeboard",
      "Aggregations": 4
    }
  },
  {
    "Timestamp": "2016-06-27T18:00:00+00:00",
    "Value": {
      "Dimension": "2016 Asian Beach Games",
      "Aggregations": 3
    }
  },
  {
    "Timestamp": "2016-06-27T18:00:00+00:00",
    "Value": {
      "Dimension": "Apache Kid",
      "Aggregations": 3
    }
  },
  {
    "Timestamp": "2016-06-27T18:00:00+00:00",
    "Value": {
      "Dimension": "Bytom",
      "Aggregations": 3
    }
  },
  {
    "Timestamp": "2016-06-27T18:00:00+00:00",
    "Value": {
      "Dimension": "Frivolités",
      "Aggregations": 3
    }
  },
  {
    "Timestamp": "2016-06-27T18:00:00+00:00",
    "Value": {
      "Dimension": "Kristian Levring",
      "Aggregations": 3
    }
  },
  {
    "Timestamp": "2016-06-27T18:00:00+00:00",
    "Value": {
      "Dimension": "Sophie-Charlotte en Bavière",
      "Aggregations": 3
    }
  },
  {
    "Timestamp": "2016-06-27T19:00:00+00:00",
    "Value": {
      "Dimension": "שיחת משתמשת:אילילה",
      "Aggregations": 4
    }
  },
  {
    "Timestamp": "2016-06-27T19:00:00+00:00",
    "Value": {
      "Dimension": "Europees kampioenschap voetbal 2016",
      "Aggregations": 3
    }
  },
  {
    "Timestamp": "2016-06-27T19:00:00+00:00",
    "Value": {
      "Dimension": "Heydar Aliyev International Airport",
      "Aggregations": 3
    }
  },
  {
    "Timestamp": "2016-06-27T19:00:00+00:00",
    "Value": {
      "Dimension": "Mistrzostwa Europy w Piłce Nożnej 2016",
      "Aggregations": 3
    }
  },
  {
    "Timestamp": "2016-06-27T19:00:00+00:00",
    "Value": {
      "Dimension": "User:Jupiter1976/sandbox",
      "Aggregations": 3
    }
  },
  {
    "Timestamp": "2016-06-27T19:00:00+00:00",
    "Value": {
      "Dimension": "1891",
      "Aggregations": 2
    }
  },
  {
    "Timestamp": "2016-06-27T19:00:00+00:00",
    "Value": {
      "Dimension": "2016 Sacramento riot",
      "Aggregations": 2
    }
  },
  {
    "Timestamp": "2016-06-27T19:00:00+00:00",
    "Value": {
      "Dimension": "Championnat du Maroc de football 1982-1983",
      "Aggregations": 2
    }
  },
  {
    "Timestamp": "2016-06-27T19:00:00+00:00",
    "Value": {
      "Dimension": "Deportivo Independiente Medellín",
      "Aggregations": 2
    }
  },
  {
    "Timestamp": "2016-06-27T19:00:00+00:00",
    "Value": {
      "Dimension": "Di tích Việt Nam",
      "Aggregations": 2
    }
  },
  {
    "Timestamp": "2016-06-27T20:00:00+00:00",
    "Value": {
      "Dimension": "Bud Spencer",
      "Aggregations": 6
    }
  },
  {
    "Timestamp": "2016-06-27T20:00:00+00:00",
    "Value": {
      "Dimension": "Lunar Jim",
      "Aggregations": 3
    }
  },
  {
    "Timestamp": "2016-06-27T20:00:00+00:00",
    "Value": {
      "Dimension": "The Dillinger Escape Plan band members",
      "Aggregations": 3
    }
  },
  {
    "Timestamp": "2016-06-27T20:00:00+00:00",
    "Value": {
      "Dimension": "Albert Road gas holder",
      "Aggregations": 2
    }
  },
  {
    "Timestamp": "2016-06-27T20:00:00+00:00",
    "Value": {
      "Dimension": "Club Atlético Banfield",
      "Aggregations": 2
    }
  },
  {
    "Timestamp": "2016-06-27T20:00:00+00:00",
    "Value": {
      "Dimension": "Colette McSorley",
      "Aggregations": 2
    }
  },
  {
    "Timestamp": "2016-06-27T20:00:00+00:00",
    "Value": {
      "Dimension": "Eurocopa 2016",
      "Aggregations": 2
    }
  },
  {
    "Timestamp": "2016-06-27T20:00:00+00:00",
    "Value": {
      "Dimension": "Ferrari Mondial",
      "Aggregations": 2
    }
  },
  {
    "Timestamp": "2016-06-27T20:00:00+00:00",
    "Value": {
      "Dimension": "Finding Dory",
      "Aggregations": 2
    }
  },
  {
    "Timestamp": "2016-06-27T20:00:00+00:00",
    "Value": {
      "Dimension": "Helene Gotthold",
      "Aggregations": 2
    }
  },
  {
    "Timestamp": "2016-06-27T21:00:00+00:00",
    "Value": {
      "Dimension": "Bud Spencer",
      "Aggregations": 3
    }
  },
  {
    "Timestamp": "2016-06-27T21:00:00+00:00",
    "Value": {
      "Dimension": "מתיחה",
      "Aggregations": 3
    }
  },
  {
    "Timestamp": "2016-06-27T21:00:00+00:00",
    "Value": {
      "Dimension": "A Aa",
      "Aggregations": 2
    }
  },
  {
    "Timestamp": "2016-06-27T21:00:00+00:00",
    "Value": {
      "Dimension": "Bella Ramsey",
      "Aggregations": 2
    }
  },
  {
    "Timestamp": "2016-06-27T21:00:00+00:00",
    "Value": {
      "Dimension": "Conway Twitty",
      "Aggregations": 2
    }
  },
  {
    "Timestamp": "2016-06-27T21:00:00+00:00",
    "Value": {
      "Dimension": "Lavia (animal genus)",
      "Aggregations": 2
    }
  },
  {
    "Timestamp": "2016-06-27T21:00:00+00:00",
    "Value": {
      "Dimension": "Liga Mundial de Voleibol de 2016",
      "Aggregations": 2
    }
  },
  {
    "Timestamp": "2016-06-27T21:00:00+00:00",
    "Value": {
      "Dimension": "User:Dd1495/sandbox",
      "Aggregations": 2
    }
  },
  {
    "Timestamp": "2016-06-27T21:00:00+00:00",
    "Value": {
      "Dimension": "Wikipedia:Café",
      "Aggregations": 2
    }
  },
  {
    "Timestamp": "2016-06-27T21:00:00+00:00",
    "Value": {
      "Dimension": "... from the Inside",
      "Aggregations": 1
    }
  }
]
