[
  {
    "SegmentId": "wikipedia_2016-06-27T00:00:00.000Z_2016-06-28T00:00:00.000Z_2024-03-06T22:10:26.236Z",
    "Value": {
      "Timestamp": "2016-06-27T00:02:59.759+00:00",
      "IsRobot": false,
      "Channel": "#en.wikipedia",
      "Flags": "",
      "IsUnpatrolled": false,
      "Page": "Deaton-Flanigen Productions",
      "DiffUri": "https://en.wikipedia.org/w/index.php?diff=727144420&oldid=727144324",
      "Added": 1,
      "Comment": "/* Videos directed */",
      "CommentLength": 21,
      "IsNew": false,
      "IsMinor": false,
      "Delta": 1,
      "IsAnonymous": true,
      "User": "71.68.160.54",
      "DeltaBucket": 0,
      "Deleted": 0,
      "Namespace": "Main",
      "CityName": "Hartsville",
      "CountryName": "United States",
      "RegionIsoCode": "SC",
      "MetroCode": 570,
      "CountryIsoCode": "US",
      "RegionName": "South Carolina"
    }
  },
  {
    "SegmentId": "wikipedia_2016-06-27T00:00:00.000Z_2016-06-28T00:00:00.000Z_2024-03-06T22:10:26.236Z",
    "Value": {
      "Timestamp": "2016-06-27T00:03:27.265+00:00",
      "IsRobot": false,
      "Channel": "#en.wikipedia",
      "Flags": "",
      "IsUnpatrolled": false,
      "Page": "Sticky Fingers",
      "DiffUri": "https://en.wikipedia.org/w/index.php?diff=727144475&oldid=726755003",
      "Added": 19,
      "Comment": "Added content",
      "CommentLength": 13,
      "IsNew": false,
      "IsMinor": false,
      "Delta": 19,
      "IsAnonymous": true,
      "User": "66.87.79.73",
      "DeltaBucket": 0,
      "Deleted": 0,
      "Namespace": "Main",
      "CityName": "Chicago",
      "CountryName": "United States",
      "RegionIsoCode": "IL",
      "MetroCode": 602,
      "CountryIsoCode": "US",
      "RegionName": "Illinois"
    }
  },
  {
    "SegmentId": "wikipedia_2016-06-27T00:00:00.000Z_2016-06-28T00:00:00.000Z_2024-03-06T22:10:26.236Z",
    "Value": {
      "Timestamp": "2016-06-27T00:09:05.633+00:00",
      "IsRobot": false,
      "Channel": "#en.wikipedia",
      "Flags": "",
      "IsUnpatrolled": false,
      "Page": "Big Brother 17 (U.S.)",
      "DiffUri": "https://en.wikipedia.org/w/index.php?diff=727145106&oldid=727101422",
      "Added": 9,
      "Comment": "Fixed",
      "CommentLength": 5,
      "IsNew": false,
      "IsMinor": false,
      "Delta": 9,
      "IsAnonymous": true,
      "User": "38.129.221.17",
      "DeltaBucket": 0,
      "Deleted": 0,
      "Namespace": "Main",
      "CityName": "Leland",
      "CountryName": "United States",
      "RegionIsoCode": "NC",
      "MetroCode": 550,
      "CountryIsoCode": "US",
      "RegionName": "North Carolina"
    }
  }
]
