[
  {
    "Timestamp": "2016-06-27T00:00:00+00:00",
    "Value": {
      "Dimensions": "Thailand",
      "Aggregations": 8
    }
  },
  {
    "Timestamp": "2016-06-27T00:00:00+00:00",
    "Value": {
      "Dimensions": "Tanzania",
      "Aggregations": 2
    }
  },
  {
    "Timestamp": "2016-06-27T00:00:00+00:00",
    "Value": {
      "Dimensions": "Tajikistan",
      "Aggregations": 1
    }
  },
  {
    "Timestamp": "2016-06-27T00:00:00+00:00",
    "Value": {
      "Dimensions": "Taiwan",
      "Aggregations": 66
    }
  },
  {
    "Timestamp": "2016-06-27T00:00:00+00:00",
    "Value": {
      "Dimensions": "Switzerland",
      "Aggregations": 15
    }
  },
  {
    "Timestamp": "2016-06-27T00:00:00+00:00",
    "Value": {
      "Dimensions": "Sweden",
      "Aggregations": 17
    }
  },
  {
    "Timestamp": "2016-06-27T00:00:00+00:00",
    "Value": {
      "Dimensions": "Suriname",
      "Aggregations": 1
    }
  },
  {
    "Timestamp": "2016-06-27T00:00:00+00:00",
    "Value": {
      "Dimensions": "Sri Lanka",
      "Aggregations": 4
    }
  },
  {
    "Timestamp": "2016-06-27T00:00:00+00:00",
    "Value": {
      "Dimensions": "Spain",
      "Aggregations": 59
    }
  },
  {
    "Timestamp": "2016-06-27T00:00:00+00:00",
    "Value": {
      "Dimensions": "South Africa",
      "Aggregations": 4
    }
  }
]
