[
  {
    "SegmentId": "wikipedia_2016-06-27T00:00:00.000Z_2016-06-28T00:00:00.000Z_2024-03-06T22:10:26.236Z",
    "Value": {
      "Timestamp": "2016-06-27T00:00:11.08+00:00",
      "IsRobot": true,
      "Channel": "#sv.wikipedia",
      "Flags": "NB",
      "IsUnpatrolled": false,
      "Page": "Salo Toraut",
      "DiffUri": "https://sv.wikipedia.org/w/index.php?oldid=36099284&rcid=89369918",
      "Added": 31,
      "Comment": "Botskapande Indonesien omdirigering",
      "CommentLength": 35,
      "IsNew": true,
      "IsMinor": false,
      "Delta": 31,
      "IsAnonymous": false,
      "User": "Lsjbot",
      "DeltaBucket": 0,
      "Deleted": 0,
      "Namespace": "Main",
      "CityName": null,
      "CountryName": null,
      "RegionIsoCode": null,
      "MetroCode": null,
      "CountryIsoCode": null,
      "RegionName": null
    }
  },
  {
    "SegmentId": "wikipedia_2016-06-27T00:00:00.000Z_2016-06-28T00:00:00.000Z_2024-03-06T22:10:26.236Z",
    "Value": {
      "Timestamp": "2016-06-27T00:00:58.599+00:00",
      "IsRobot": true,
      "Channel": "#pl.wikipedia",
      "Flags": "NB",
      "IsUnpatrolled": false,
      "Page": "Kategoria:Dyskusje nad usunięciem artykułu zakończone bez konsensusu − lipiec 2016",
      "DiffUri": "https://pl.wikipedia.org/w/index.php?oldid=46204477&rcid=68522573",
      "Added": 270,
      "Comment": "utworzenie kategorii",
      "CommentLength": 20,
      "IsNew": true,
      "IsMinor": false,
      "Delta": 270,
      "IsAnonymous": false,
      "User": "Beau.bot",
      "DeltaBucket": 200,
      "Deleted": 0,
      "Namespace": "Kategoria",
      "CityName": null,
      "CountryName": null,
      "RegionIsoCode": null,
      "MetroCode": null,
      "CountryIsoCode": null,
      "RegionName": null
    }
  },
  {
    "SegmentId": "wikipedia_2016-06-27T00:00:00.000Z_2016-06-28T00:00:00.000Z_2024-03-06T22:10:26.236Z",
    "Value": {
      "Timestamp": "2016-06-27T00:01:07.347+00:00",
      "IsRobot": true,
      "Channel": "#ceb.wikipedia",
      "Flags": "NB",
      "IsUnpatrolled": false,
      "Page": "Neqerssuaq",
      "DiffUri": "https://ceb.wikipedia.org/w/index.php?oldid=9563239&rcid=36193146",
      "Added": 4150,
      "Comment": "Paghimo ni bot Greenland",
      "CommentLength": 24,
      "IsNew": true,
      "IsMinor": false,
      "Delta": 4150,
      "IsAnonymous": false,
      "User": "Lsjbot",
      "DeltaBucket": 4100,
      "Deleted": 0,
      "Namespace": "Main",
      "CityName": null,
      "CountryName": null,
      "RegionIsoCode": null,
      "MetroCode": null,
      "CountryIsoCode": null,
      "RegionName": null
    }
  },
  {
    "SegmentId": "wikipedia_2016-06-27T00:00:00.000Z_2016-06-28T00:00:00.000Z_2024-03-06T22:10:26.236Z",
    "Value": {
      "Timestamp": "2016-06-27T00:03:43.383+00:00",
      "IsRobot": true,
      "Channel": "#ceb.wikipedia",
      "Flags": "NB",
      "IsUnpatrolled": false,
      "Page": "Navaranâq",
      "DiffUri": "https://ceb.wikipedia.org/w/index.php?oldid=9563270&rcid=36193245",
      "Added": 5100,
      "Comment": "Paghimo ni bot Greenland",
      "CommentLength": 24,
      "IsNew": true,
      "IsMinor": false,
      "Delta": 5100,
      "IsAnonymous": false,
      "User": "Lsjbot",
      "DeltaBucket": 5100,
      "Deleted": 0,
      "Namespace": "Main",
      "CityName": null,
      "CountryName": null,
      "RegionIsoCode": null,
      "MetroCode": null,
      "CountryIsoCode": null,
      "RegionName": null
    }
  },
  {
    "SegmentId": "wikipedia_2016-06-27T00:00:00.000Z_2016-06-28T00:00:00.000Z_2024-03-06T22:10:26.236Z",
    "Value": {
      "Timestamp": "2016-06-27T00:04:11.906+00:00",
      "IsRobot": true,
      "Channel": "#sv.wikipedia",
      "Flags": "NB",
      "IsUnpatrolled": false,
      "Page": "Boeloe Tonggolowi",
      "DiffUri": "https://sv.wikipedia.org/w/index.php?oldid=36099331&rcid=89370087",
      "Added": 33,
      "Comment": "Botskapande Indonesien omdirigering",
      "CommentLength": 35,
      "IsNew": true,
      "IsMinor": false,
      "Delta": 33,
      "IsAnonymous": false,
      "User": "Lsjbot",
      "DeltaBucket": 0,
      "Deleted": 0,
      "Namespace": "Main",
      "CityName": null,
      "CountryName": null,
      "RegionIsoCode": null,
      "MetroCode": null,
      "CountryIsoCode": null,
      "RegionName": null
    }
  },
  {
    "SegmentId": "wikipedia_2016-06-27T00:00:00.000Z_2016-06-28T00:00:00.000Z_2024-03-06T22:10:26.236Z",
    "Value": {
      "Timestamp": "2016-06-27T00:05:54.563+00:00",
      "IsRobot": true,
      "Channel": "#ceb.wikipedia",
      "Flags": "NB",
      "IsUnpatrolled": false,
      "Page": "Naujanguit Kua",
      "DiffUri": "https://ceb.wikipedia.org/w/index.php?oldid=9563296&rcid=36193363",
      "Added": 30,
      "Comment": "Paghimo ni bot Greenland redirect",
      "CommentLength": 33,
      "IsNew": true,
      "IsMinor": false,
      "Delta": 30,
      "IsAnonymous": false,
      "User": "Lsjbot",
      "DeltaBucket": 0,
      "Deleted": 0,
      "Namespace": "Main",
      "CityName": null,
      "CountryName": null,
      "RegionIsoCode": null,
      "MetroCode": null,
      "CountryIsoCode": null,
      "RegionName": null
    }
  },
  {
    "SegmentId": "wikipedia_2016-06-27T00:00:00.000Z_2016-06-28T00:00:00.000Z_2024-03-06T22:10:26.236Z",
    "Value": {
      "Timestamp": "2016-06-27T00:06:03.861+00:00",
      "IsRobot": true,
      "Channel": "#ceb.wikipedia",
      "Flags": "NB",
      "IsUnpatrolled": false,
      "Page": "Naujánguit (bukid sa Qaasuitsup, lat 70,25, long -53,87)",
      "DiffUri": "https://ceb.wikipedia.org/w/index.php?oldid=9563297&rcid=36193364",
      "Added": 5938,
      "Comment": "Paghimo ni bot Greenland",
      "CommentLength": 24,
      "IsNew": true,
      "IsMinor": false,
      "Delta": 5938,
      "IsAnonymous": false,
      "User": "Lsjbot",
      "DeltaBucket": 5900,
      "Deleted": 0,
      "Namespace": "Main",
      "CityName": null,
      "CountryName": null,
      "RegionIsoCode": null,
      "MetroCode": null,
      "CountryIsoCode": null,
      "RegionName": null
    }
  },
  {
    "SegmentId": "wikipedia_2016-06-27T00:00:00.000Z_2016-06-28T00:00:00.000Z_2024-03-06T22:10:26.236Z",
    "Value": {
      "Timestamp": "2016-06-27T00:07:13.472+00:00",
      "IsRobot": true,
      "Channel": "#ceb.wikipedia",
      "Flags": "NB",
      "IsUnpatrolled": false,
      "Page": "Nâtunâq",
      "DiffUri": "https://ceb.wikipedia.org/w/index.php?oldid=9563311&rcid=36193420",
      "Added": 3577,
      "Comment": "Paghimo ni bot Greenland",
      "CommentLength": 24,
      "IsNew": true,
      "IsMinor": false,
      "Delta": 3577,
      "IsAnonymous": false,
      "User": "Lsjbot",
      "DeltaBucket": 3500,
      "Deleted": 0,
      "Namespace": "Main",
      "CityName": null,
      "CountryName": null,
      "RegionIsoCode": null,
      "MetroCode": null,
      "CountryIsoCode": null,
      "RegionName": null
    }
  },
  {
    "SegmentId": "wikipedia_2016-06-27T00:00:00.000Z_2016-06-28T00:00:00.000Z_2024-03-06T22:10:26.236Z",
    "Value": {
      "Timestamp": "2016-06-27T00:07:33.34+00:00",
      "IsRobot": true,
      "Channel": "#sv.wikipedia",
      "Flags": "NB",
      "IsUnpatrolled": false,
      "Page": "Kategori:Orter i Sulawesi Utara",
      "DiffUri": "https://sv.wikipedia.org/w/index.php?oldid=36099372&rcid=89370208",
      "Added": 84,
      "Comment": "Botskapande Indonesien",
      "CommentLength": 22,
      "IsNew": true,
      "IsMinor": false,
      "Delta": 84,
      "IsAnonymous": false,
      "User": "Lsjbot",
      "DeltaBucket": 0,
      "Deleted": 0,
      "Namespace": "Kategori",
      "CityName": null,
      "CountryName": null,
      "RegionIsoCode": null,
      "MetroCode": null,
      "CountryIsoCode": null,
      "RegionName": null
    }
  },
  {
    "SegmentId": "wikipedia_2016-06-27T00:00:00.000Z_2016-06-28T00:00:00.000Z_2024-03-06T22:10:26.236Z",
    "Value": {
      "Timestamp": "2016-06-27T00:08:12.929+00:00",
      "IsRobot": true,
      "Channel": "#ceb.wikipedia",
      "Flags": "NB",
      "IsUnpatrolled": false,
      "Page": "Supertoq Fjord",
      "DiffUri": "https://ceb.wikipedia.org/w/index.php?oldid=9563323&rcid=36193453",
      "Added": 30,
      "Comment": "Paghimo ni bot Greenland redirect",
      "CommentLength": 33,
      "IsNew": true,
      "IsMinor": false,
      "Delta": 30,
      "IsAnonymous": false,
      "User": "Lsjbot",
      "DeltaBucket": 0,
      "Deleted": 0,
      "Namespace": "Main",
      "CityName": null,
      "CountryName": null,
      "RegionIsoCode": null,
      "MetroCode": null,
      "CountryIsoCode": null,
      "RegionName": null
    }
  },
  {
    "SegmentId": "wikipedia_2016-06-27T00:00:00.000Z_2016-06-28T00:00:00.000Z_2024-03-06T22:10:26.236Z",
    "Value": {
      "Timestamp": "2016-06-27T00:08:32.775+00:00",
      "IsRobot": true,
      "Channel": "#ceb.wikipedia",
      "Flags": "NB",
      "IsUnpatrolled": false,
      "Page": "Natsilik Pardlerssuaq",
      "DiffUri": "https://ceb.wikipedia.org/w/index.php?oldid=9563327&rcid=36193467",
      "Added": 36,
      "Comment": "Paghimo ni bot Greenland redirect",
      "CommentLength": 33,
      "IsNew": true,
      "IsMinor": false,
      "Delta": 36,
      "IsAnonymous": false,
      "User": "Lsjbot",
      "DeltaBucket": 0,
      "Deleted": 0,
      "Namespace": "Main",
      "CityName": null,
      "CountryName": null,
      "RegionIsoCode": null,
      "MetroCode": null,
      "CountryIsoCode": null,
      "RegionName": null
    }
  },
  {
    "SegmentId": "wikipedia_2016-06-27T00:00:00.000Z_2016-06-28T00:00:00.000Z_2024-03-06T22:10:26.236Z",
    "Value": {
      "Timestamp": "2016-06-27T00:08:51.089+00:00",
      "IsRobot": true,
      "Channel": "#ceb.wikipedia",
      "Flags": "NB",
      "IsUnpatrolled": false,
      "Page": "Natsiarsiorfik (pulo, lat 74,77, long -57,45)",
      "DiffUri": "https://ceb.wikipedia.org/w/index.php?oldid=9563331&rcid=36193477",
      "Added": 5652,
      "Comment": "Paghimo ni bot Greenland",
      "CommentLength": 24,
      "IsNew": true,
      "IsMinor": false,
      "Delta": 5652,
      "IsAnonymous": false,
      "User": "Lsjbot",
      "DeltaBucket": 5600,
      "Deleted": 0,
      "Namespace": "Main",
      "CityName": null,
      "CountryName": null,
      "RegionIsoCode": null,
      "MetroCode": null,
      "CountryIsoCode": null,
      "RegionName": null
    }
  },
  {
    "SegmentId": "wikipedia_2016-06-27T00:00:00.000Z_2016-06-28T00:00:00.000Z_2024-03-06T22:10:26.236Z",
    "Value": {
      "Timestamp": "2016-06-27T00:09:01.866+00:00",
      "IsRobot": true,
      "Channel": "#sv.wikipedia",
      "Flags": "NB",
      "IsUnpatrolled": false,
      "Page": "Boeloe Toempoetiga",
      "DiffUri": "https://sv.wikipedia.org/w/index.php?oldid=36099393&rcid=89387368",
      "Added": 38,
      "Comment": "Botskapande Indonesien omdirigering",
      "CommentLength": 35,
      "IsNew": true,
      "IsMinor": false,
      "Delta": 38,
      "IsAnonymous": false,
      "User": "Lsjbot",
      "DeltaBucket": 0,
      "Deleted": 0,
      "Namespace": "Main",
      "CityName": null,
      "CountryName": null,
      "RegionIsoCode": null,
      "MetroCode": null,
      "CountryIsoCode": null,
      "RegionName": null
    }
  },
  {
    "SegmentId": "wikipedia_2016-06-27T00:00:00.000Z_2016-06-28T00:00:00.000Z_2024-03-06T22:10:26.236Z",
    "Value": {
      "Timestamp": "2016-06-27T00:09:06.904+00:00",
      "IsRobot": true,
      "Channel": "#sv.wikipedia",
      "Flags": "NB",
      "IsUnpatrolled": false,
      "Page": "Gunung Tompotiga",
      "DiffUri": "https://sv.wikipedia.org/w/index.php?oldid=36099394&rcid=89388459",
      "Added": 38,
      "Comment": "Botskapande Indonesien omdirigering",
      "CommentLength": 35,
      "IsNew": true,
      "IsMinor": false,
      "Delta": 38,
      "IsAnonymous": false,
      "User": "Lsjbot",
      "DeltaBucket": 0,
      "Deleted": 0,
      "Namespace": "Main",
      "CityName": null,
      "CountryName": null,
      "RegionIsoCode": null,
      "MetroCode": null,
      "CountryIsoCode": null,
      "RegionName": null
    }
  },
  {
    "SegmentId": "wikipedia_2016-06-27T00:00:00.000Z_2016-06-28T00:00:00.000Z_2024-03-06T22:10:26.236Z",
    "Value": {
      "Timestamp": "2016-06-27T00:09:53.021+00:00",
      "IsRobot": true,
      "Channel": "#ceb.wikipedia",
      "Flags": "NB",
      "IsUnpatrolled": false,
      "Page": "Kategoriya:Mga patag sa Qaasuitsup",
      "DiffUri": "https://ceb.wikipedia.org/w/index.php?oldid=9563344&rcid=36193529",
      "Added": 98,
      "Comment": "Paghimo ni bot Greenland",
      "CommentLength": 24,
      "IsNew": true,
      "IsMinor": false,
      "Delta": 98,
      "IsAnonymous": false,
      "User": "Lsjbot",
      "DeltaBucket": 0,
      "Deleted": 0,
      "Namespace": "Kategoriya",
      "CityName": null,
      "CountryName": null,
      "RegionIsoCode": null,
      "MetroCode": null,
      "CountryIsoCode": null,
      "RegionName": null
    }
  },
  {
    "SegmentId": "wikipedia_2016-06-27T00:00:00.000Z_2016-06-28T00:00:00.000Z_2024-03-06T22:10:26.236Z",
    "Value": {
      "Timestamp": "2016-06-27T00:10:32.677+00:00",
      "IsRobot": true,
      "Channel": "#ceb.wikipedia",
      "Flags": "NB",
      "IsUnpatrolled": false,
      "Page": "Natarnivingup Qaqa",
      "DiffUri": "https://ceb.wikipedia.org/w/index.php?oldid=9563352&rcid=36193547",
      "Added": 37,
      "Comment": "Paghimo ni bot Greenland redirect",
      "CommentLength": 33,
      "IsNew": true,
      "IsMinor": false,
      "Delta": 37,
      "IsAnonymous": false,
      "User": "Lsjbot",
      "DeltaBucket": 0,
      "Deleted": 0,
      "Namespace": "Main",
      "CityName": null,
      "CountryName": null,
      "RegionIsoCode": null,
      "MetroCode": null,
      "CountryIsoCode": null,
      "RegionName": null
    }
  },
  {
    "SegmentId": "wikipedia_2016-06-27T00:00:00.000Z_2016-06-28T00:00:00.000Z_2024-03-06T22:10:26.236Z",
    "Value": {
      "Timestamp": "2016-06-27T00:12:28.734+00:00",
      "IsRobot": true,
      "Channel": "#ceb.wikipedia",
      "Flags": "NB",
      "IsUnpatrolled": false,
      "Page": "Nârtusût",
      "DiffUri": "https://ceb.wikipedia.org/w/index.php?oldid=9563375&rcid=36193634",
      "Added": 4191,
      "Comment": "Paghimo ni bot Greenland",
      "CommentLength": 24,
      "IsNew": true,
      "IsMinor": false,
      "Delta": 4191,
      "IsAnonymous": false,
      "User": "Lsjbot",
      "DeltaBucket": 4100,
      "Deleted": 0,
      "Namespace": "Main",
      "CityName": null,
      "CountryName": null,
      "RegionIsoCode": null,
      "MetroCode": null,
      "CountryIsoCode": null,
      "RegionName": null
    }
  },
  {
    "SegmentId": "wikipedia_2016-06-27T00:00:00.000Z_2016-06-28T00:00:00.000Z_2024-03-06T22:10:26.236Z",
    "Value": {
      "Timestamp": "2016-06-27T00:15:05.932+00:00",
      "IsRobot": true,
      "Channel": "#ceb.wikipedia",
      "Flags": "NB",
      "IsUnpatrolled": false,
      "Page": "Narsaq (pangpang)",
      "DiffUri": "https://ceb.wikipedia.org/w/index.php?oldid=9563406&rcid=36193725",
      "Added": 4945,
      "Comment": "Paghimo ni bot Greenland",
      "CommentLength": 24,
      "IsNew": true,
      "IsMinor": false,
      "Delta": 4945,
      "IsAnonymous": false,
      "User": "Lsjbot",
      "DeltaBucket": 4900,
      "Deleted": 0,
      "Namespace": "Main",
      "CityName": null,
      "CountryName": null,
      "RegionIsoCode": null,
      "MetroCode": null,
      "CountryIsoCode": null,
      "RegionName": null
    }
  },
  {
    "SegmentId": "wikipedia_2016-06-27T00:00:00.000Z_2016-06-28T00:00:00.000Z_2024-03-06T22:10:26.236Z",
    "Value": {
      "Timestamp": "2016-06-27T00:17:02.822+00:00",
      "IsRobot": true,
      "Channel": "#fr.wikipedia",
      "Flags": "NB",
      "IsUnpatrolled": false,
      "Page": "Discussion utilisateur:Kosmoceratops87",
      "DiffUri": "https://fr.wikipedia.org/w/index.php?oldid=127386253&rcid=195136878",
      "Added": 1767,
      "Comment": "Bienvenue !",
      "CommentLength": 11,
      "IsNew": true,
      "IsMinor": false,
      "Delta": 1767,
      "IsAnonymous": false,
      "User": "Loveless",
      "DeltaBucket": 1700,
      "Deleted": 0,
      "Namespace": "Discussion utilisateur",
      "CityName": null,
      "CountryName": null,
      "RegionIsoCode": null,
      "MetroCode": null,
      "CountryIsoCode": null,
      "RegionName": null
    }
  },
  {
    "SegmentId": "wikipedia_2016-06-27T00:00:00.000Z_2016-06-28T00:00:00.000Z_2024-03-06T22:10:26.236Z",
    "Value": {
      "Timestamp": "2016-06-27T00:17:58.751+00:00",
      "IsRobot": true,
      "Channel": "#ceb.wikipedia",
      "Flags": "NB",
      "IsUnpatrolled": false,
      "Page": "Nappat",
      "DiffUri": "https://ceb.wikipedia.org/w/index.php?oldid=9563440&rcid=36193847",
      "Added": 5587,
      "Comment": "Paghimo ni bot Greenland",
      "CommentLength": 24,
      "IsNew": true,
      "IsMinor": false,
      "Delta": 5587,
      "IsAnonymous": false,
      "User": "Lsjbot",
      "DeltaBucket": 5500,
      "Deleted": 0,
      "Namespace": "Main",
      "CityName": null,
      "CountryName": null,
      "RegionIsoCode": null,
      "MetroCode": null,
      "CountryIsoCode": null,
      "RegionName": null
    }
  },
  {
    "SegmentId": "wikipedia_2016-06-27T00:00:00.000Z_2016-06-28T00:00:00.000Z_2024-03-06T22:10:26.236Z",
    "Value": {
      "Timestamp": "2016-06-27T00:18:00.256+00:00",
      "IsRobot": true,
      "Channel": "#ceb.wikipedia",
      "Flags": "NB",
      "IsUnpatrolled": false,
      "Page": "Uviartup Putdlatâ",
      "DiffUri": "https://ceb.wikipedia.org/w/index.php?oldid=9563441&rcid=36193848",
      "Added": 20,
      "Comment": "Paghimo ni bot Greenland redirect",
      "CommentLength": 33,
      "IsNew": true,
      "IsMinor": false,
      "Delta": 20,
      "IsAnonymous": false,
      "User": "Lsjbot",
      "DeltaBucket": 0,
      "Deleted": 0,
      "Namespace": "Main",
      "CityName": null,
      "CountryName": null,
      "RegionIsoCode": null,
      "MetroCode": null,
      "CountryIsoCode": null,
      "RegionName": null
    }
  },
  {
    "SegmentId": "wikipedia_2016-06-27T00:00:00.000Z_2016-06-28T00:00:00.000Z_2024-03-06T22:10:26.236Z",
    "Value": {
      "Timestamp": "2016-06-27T00:19:03.418+00:00",
      "IsRobot": true,
      "Channel": "#ceb.wikipedia",
      "Flags": "NB",
      "IsUnpatrolled": false,
      "Page": "Napasorsuaq (kabukiran)",
      "DiffUri": "https://ceb.wikipedia.org/w/index.php?oldid=9563453&rcid=36193883",
      "Added": 3950,
      "Comment": "Paghimo ni bot Greenland",
      "CommentLength": 24,
      "IsNew": true,
      "IsMinor": false,
      "Delta": 3950,
      "IsAnonymous": false,
      "User": "Lsjbot",
      "DeltaBucket": 3900,
      "Deleted": 0,
      "Namespace": "Main",
      "CityName": null,
      "CountryName": null,
      "RegionIsoCode": null,
      "MetroCode": null,
      "CountryIsoCode": null,
      "RegionName": null
    }
  },
  {
    "SegmentId": "wikipedia_2016-06-27T00:00:00.000Z_2016-06-28T00:00:00.000Z_2024-03-06T22:10:26.236Z",
    "Value": {
      "Timestamp": "2016-06-27T00:19:35.202+00:00",
      "IsRobot": true,
      "Channel": "#ceb.wikipedia",
      "Flags": "NB",
      "IsUnpatrolled": false,
      "Page": "Nanusek Fjord",
      "DiffUri": "https://ceb.wikipedia.org/w/index.php?oldid=9563460&rcid=36193908",
      "Added": 28,
      "Comment": "Paghimo ni bot Greenland redirect",
      "CommentLength": 33,
      "IsNew": true,
      "IsMinor": false,
      "Delta": 28,
      "IsAnonymous": false,
      "User": "Lsjbot",
      "DeltaBucket": 0,
      "Deleted": 0,
      "Namespace": "Main",
      "CityName": null,
      "CountryName": null,
      "RegionIsoCode": null,
      "MetroCode": null,
      "CountryIsoCode": null,
      "RegionName": null
    }
  },
  {
    "SegmentId": "wikipedia_2016-06-27T00:00:00.000Z_2016-06-28T00:00:00.000Z_2024-03-06T22:10:26.236Z",
    "Value": {
      "Timestamp": "2016-06-27T00:19:57.951+00:00",
      "IsRobot": true,
      "Channel": "#sv.wikipedia",
      "Flags": "NB",
      "IsUnpatrolled": false,
      "Page": "Salu Tomoni",
      "DiffUri": "https://sv.wikipedia.org/w/index.php?oldid=36099408&rcid=89457796",
      "Added": 29,
      "Comment": "Botskapande Indonesien omdirigering",
      "CommentLength": 35,
      "IsNew": true,
      "IsMinor": false,
      "Delta": 29,
      "IsAnonymous": false,
      "User": "Lsjbot",
      "DeltaBucket": 0,
      "Deleted": 0,
      "Namespace": "Main",
      "CityName": null,
      "CountryName": null,
      "RegionIsoCode": null,
      "MetroCode": null,
      "CountryIsoCode": null,
      "RegionName": null
    }
  },
  {
    "SegmentId": "wikipedia_2016-06-27T00:00:00.000Z_2016-06-28T00:00:00.000Z_2024-03-06T22:10:26.236Z",
    "Value": {
      "Timestamp": "2016-06-27T00:21:15.867+00:00",
      "IsRobot": true,
      "Channel": "#he.wikipedia",
      "Flags": "NB",
      "IsUnpatrolled": false,
      "Page": "שיחת ויקיפדיה:בוט/בוט ההסבה/תיקון קישורים חיצוניים לוויקיפדיה",
      "DiffUri": "https://he.wikipedia.org/w/index.php?oldid=18867414&rcid=25550901",
      "Added": 325,
      "Comment": "Bot edits",
      "CommentLength": 9,
      "IsNew": true,
      "IsMinor": false,
      "Delta": 325,
      "IsAnonymous": false,
      "User": "KotzBot",
      "DeltaBucket": 300,
      "Deleted": 0,
      "Namespace": "שיחת ויקיפדיה",
      "CityName": null,
      "CountryName": null,
      "RegionIsoCode": null,
      "MetroCode": null,
      "CountryIsoCode": null,
      "RegionName": null
    }
  },
  {
    "SegmentId": "wikipedia_2016-06-27T00:00:00.000Z_2016-06-28T00:00:00.000Z_2024-03-06T22:10:26.236Z",
    "Value": {
      "Timestamp": "2016-06-27T00:21:25.802+00:00",
      "IsRobot": true,
      "Channel": "#ceb.wikipedia",
      "Flags": "NB",
      "IsUnpatrolled": false,
      "Page": "Nanortalik Kommune",
      "DiffUri": "https://ceb.wikipedia.org/w/index.php?oldid=9563482&rcid=36193980",
      "Added": 34,
      "Comment": "Paghimo ni bot Greenland redirect",
      "CommentLength": 33,
      "IsNew": true,
      "IsMinor": false,
      "Delta": 34,
      "IsAnonymous": false,
      "User": "Lsjbot",
      "DeltaBucket": 0,
      "Deleted": 0,
      "Namespace": "Main",
      "CityName": null,
      "CountryName": null,
      "RegionIsoCode": null,
      "MetroCode": null,
      "CountryIsoCode": null,
      "RegionName": null
    }
  },
  {
    "SegmentId": "wikipedia_2016-06-27T00:00:00.000Z_2016-06-28T00:00:00.000Z_2024-03-06T22:10:26.236Z",
    "Value": {
      "Timestamp": "2016-06-27T00:21:37.945+00:00",
      "IsRobot": true,
      "Channel": "#sv.wikipedia",
      "Flags": "NB",
      "IsUnpatrolled": false,
      "Page": "Pulau Tomea",
      "DiffUri": "https://sv.wikipedia.org/w/index.php?oldid=36099428&rcid=89459553",
      "Added": 29,
      "Comment": "Botskapande Indonesien omdirigering",
      "CommentLength": 35,
      "IsNew": true,
      "IsMinor": false,
      "Delta": 29,
      "IsAnonymous": false,
      "User": "Lsjbot",
      "DeltaBucket": 0,
      "Deleted": 0,
      "Namespace": "Main",
      "CityName": null,
      "CountryName": null,
      "RegionIsoCode": null,
      "MetroCode": null,
      "CountryIsoCode": null,
      "RegionName": null
    }
  },
  {
    "SegmentId": "wikipedia_2016-06-27T00:00:00.000Z_2016-06-28T00:00:00.000Z_2024-03-06T22:10:26.236Z",
    "Value": {
      "Timestamp": "2016-06-27T00:22:02.976+00:00",
      "IsRobot": true,
      "Channel": "#he.wikipedia",
      "Flags": "NB",
      "IsUnpatrolled": false,
      "Page": "שיחת ויקיפדיה:בוט/בוט ההסבה/תיקונים בתמונות5",
      "DiffUri": "https://he.wikipedia.org/w/index.php?oldid=18867428&rcid=25550920",
      "Added": 20895,
      "Comment": "Bot edits",
      "CommentLength": 9,
      "IsNew": true,
      "IsMinor": false,
      "Delta": 20895,
      "IsAnonymous": false,
      "User": "KotzBot",
      "DeltaBucket": 20800,
      "Deleted": 0,
      "Namespace": "שיחת ויקיפדיה",
      "CityName": null,
      "CountryName": null,
      "RegionIsoCode": null,
      "MetroCode": null,
      "CountryIsoCode": null,
      "RegionName": null
    }
  },
  {
    "SegmentId": "wikipedia_2016-06-27T00:00:00.000Z_2016-06-28T00:00:00.000Z_2024-03-06T22:10:26.236Z",
    "Value": {
      "Timestamp": "2016-06-27T00:22:07.87+00:00",
      "IsRobot": true,
      "Channel": "#sv.wikipedia",
      "Flags": "NB",
      "IsUnpatrolled": false,
      "Page": "Tandjoeng Tomboelilata",
      "DiffUri": "https://sv.wikipedia.org/w/index.php?oldid=36099434&rcid=89459564",
      "Added": 65,
      "Comment": "Botskapande Indonesien omdirigering",
      "CommentLength": 35,
      "IsNew": true,
      "IsMinor": false,
      "Delta": 65,
      "IsAnonymous": false,
      "User": "Lsjbot",
      "DeltaBucket": 0,
      "Deleted": 0,
      "Namespace": "Main",
      "CityName": null,
      "CountryName": null,
      "RegionIsoCode": null,
      "MetroCode": null,
      "CountryIsoCode": null,
      "RegionName": null
    }
  },
  {
    "SegmentId": "wikipedia_2016-06-27T00:00:00.000Z_2016-06-28T00:00:00.000Z_2024-03-06T22:10:26.236Z",
    "Value": {
      "Timestamp": "2016-06-27T00:22:49.145+00:00",
      "IsRobot": true,
      "Channel": "#ceb.wikipedia",
      "Flags": "NB",
      "IsUnpatrolled": false,
      "Page": "Nålepuden",
      "DiffUri": "https://ceb.wikipedia.org/w/index.php?oldid=9563498&rcid=36194042",
      "Added": 6011,
      "Comment": "Paghimo ni bot Greenland",
      "CommentLength": 24,
      "IsNew": true,
      "IsMinor": false,
      "Delta": 6011,
      "IsAnonymous": false,
      "User": "Lsjbot",
      "DeltaBucket": 6000,
      "Deleted": 0,
      "Namespace": "Main",
      "CityName": null,
      "CountryName": null,
      "RegionIsoCode": null,
      "MetroCode": null,
      "CountryIsoCode": null,
      "RegionName": null
    }
  },
  {
    "SegmentId": "wikipedia_2016-06-27T00:00:00.000Z_2016-06-28T00:00:00.000Z_2024-03-06T22:10:26.236Z",
    "Value": {
      "Timestamp": "2016-06-27T00:23:35.604+00:00",
      "IsRobot": true,
      "Channel": "#sv.wikipedia",
      "Flags": "NB",
      "IsUnpatrolled": false,
      "Page": "Pulau Tomakomafatu",
      "DiffUri": "https://sv.wikipedia.org/w/index.php?oldid=36099451&rcid=89459619",
      "Added": 4313,
      "Comment": "Botskapande Indonesien",
      "CommentLength": 22,
      "IsNew": true,
      "IsMinor": false,
      "Delta": 4313,
      "IsAnonymous": false,
      "User": "Lsjbot",
      "DeltaBucket": 4300,
      "Deleted": 0,
      "Namespace": "Main",
      "CityName": null,
      "CountryName": null,
      "RegionIsoCode": null,
      "MetroCode": null,
      "CountryIsoCode": null,
      "RegionName": null
    }
  },
  {
    "SegmentId": "wikipedia_2016-06-27T00:00:00.000Z_2016-06-28T00:00:00.000Z_2024-03-06T22:10:26.236Z",
    "Value": {
      "Timestamp": "2016-06-27T00:23:57.873+00:00",
      "IsRobot": true,
      "Channel": "#sv.wikipedia",
      "Flags": "NB",
      "IsUnpatrolled": false,
      "Page": "Pulau Tomako-ketjil",
      "DiffUri": "https://sv.wikipedia.org/w/index.php?oldid=36099456&rcid=89459639",
      "Added": 36,
      "Comment": "Botskapande Indonesien omdirigering",
      "CommentLength": 35,
      "IsNew": true,
      "IsMinor": false,
      "Delta": 36,
      "IsAnonymous": false,
      "User": "Lsjbot",
      "DeltaBucket": 0,
      "Deleted": 0,
      "Namespace": "Main",
      "CityName": null,
      "CountryName": null,
      "RegionIsoCode": null,
      "MetroCode": null,
      "CountryIsoCode": null,
      "RegionName": null
    }
  },
  {
    "SegmentId": "wikipedia_2016-06-27T00:00:00.000Z_2016-06-28T00:00:00.000Z_2024-03-06T22:10:26.236Z",
    "Value": {
      "Timestamp": "2016-06-27T00:24:37.235+00:00",
      "IsRobot": true,
      "Channel": "#ja.wikipedia",
      "Flags": "NB",
      "IsUnpatrolled": false,
      "Page": "利用者‐会話:そーす",
      "DiffUri": "https://ja.wikipedia.org/w/index.php?oldid=60240051&rcid=75503886",
      "Added": 5158,
      "Comment": "ウィキペディア日本語版へようこそ！",
      "CommentLength": 17,
      "IsNew": true,
      "IsMinor": false,
      "Delta": 5158,
      "IsAnonymous": false,
      "User": "Trgbot",
      "DeltaBucket": 5100,
      "Deleted": 0,
      "Namespace": "利用者‐会話",
      "CityName": null,
      "CountryName": null,
      "RegionIsoCode": null,
      "MetroCode": null,
      "CountryIsoCode": null,
      "RegionName": null
    }
  },
  {
    "SegmentId": "wikipedia_2016-06-27T00:00:00.000Z_2016-06-28T00:00:00.000Z_2024-03-06T22:10:26.236Z",
    "Value": {
      "Timestamp": "2016-06-27T00:25:06.975+00:00",
      "IsRobot": true,
      "Channel": "#ja.wikipedia",
      "Flags": "NB",
      "IsUnpatrolled": false,
      "Page": "利用者‐会話:Bankmeyer2000",
      "DiffUri": "https://ja.wikipedia.org/w/index.php?oldid=60240057&rcid=75503893",
      "Added": 5174,
      "Comment": "ウィキペディア日本語版へようこそ！",
      "CommentLength": 17,
      "IsNew": true,
      "IsMinor": false,
      "Delta": 5174,
      "IsAnonymous": false,
      "User": "Trgbot",
      "DeltaBucket": 5100,
      "Deleted": 0,
      "Namespace": "利用者‐会話",
      "CityName": null,
      "CountryName": null,
      "RegionIsoCode": null,
      "MetroCode": null,
      "CountryIsoCode": null,
      "RegionName": null
    }
  },
  {
    "SegmentId": "wikipedia_2016-06-27T00:00:00.000Z_2016-06-28T00:00:00.000Z_2024-03-06T22:10:26.236Z",
    "Value": {
      "Timestamp": "2016-06-27T00:26:03.648+00:00",
      "IsRobot": true,
      "Channel": "#he.wikipedia",
      "Flags": "NB",
      "IsUnpatrolled": false,
      "Page": "שיחת משתמש:ישרון/רענון דפים/פלט2",
      "DiffUri": "https://he.wikipedia.org/w/index.php?oldid=18867482&rcid=25550997",
      "Added": 4434,
      "Comment": "Bot edits",
      "CommentLength": 9,
      "IsNew": true,
      "IsMinor": false,
      "Delta": 4434,
      "IsAnonymous": false,
      "User": "KotzBot",
      "DeltaBucket": 4400,
      "Deleted": 0,
      "Namespace": "שיחת משתמש",
      "CityName": null,
      "CountryName": null,
      "RegionIsoCode": null,
      "MetroCode": null,
      "CountryIsoCode": null,
      "RegionName": null
    }
  },
  {
    "SegmentId": "wikipedia_2016-06-27T00:00:00.000Z_2016-06-28T00:00:00.000Z_2024-03-06T22:10:26.236Z",
    "Value": {
      "Timestamp": "2016-06-27T00:26:57.263+00:00",
      "IsRobot": true,
      "Channel": "#ceb.wikipedia",
      "Flags": "NB",
      "IsUnpatrolled": false,
      "Page": "Astrup Ø",
      "DiffUri": "https://ceb.wikipedia.org/w/index.php?oldid=9563546&rcid=36194209",
      "Added": 28,
      "Comment": "Paghimo ni bot Greenland redirect",
      "CommentLength": 33,
      "IsNew": true,
      "IsMinor": false,
      "Delta": 28,
      "IsAnonymous": false,
      "User": "Lsjbot",
      "DeltaBucket": 0,
      "Deleted": 0,
      "Namespace": "Main",
      "CityName": null,
      "CountryName": null,
      "RegionIsoCode": null,
      "MetroCode": null,
      "CountryIsoCode": null,
      "RegionName": null
    }
  },
  {
    "SegmentId": "wikipedia_2016-06-27T00:00:00.000Z_2016-06-28T00:00:00.000Z_2024-03-06T22:10:26.236Z",
    "Value": {
      "Timestamp": "2016-06-27T00:28:21.529+00:00",
      "IsRobot": true,
      "Channel": "#ceb.wikipedia",
      "Flags": "NB",
      "IsUnpatrolled": false,
      "Page": "Naajat (pulo sa Qaasuitsup, lat 68,47, long -52,72)",
      "DiffUri": "https://ceb.wikipedia.org/w/index.php?oldid=9563562&rcid=36194267",
      "Added": 5566,
      "Comment": "Paghimo ni bot Greenland",
      "CommentLength": 24,
      "IsNew": true,
      "IsMinor": false,
      "Delta": 5566,
      "IsAnonymous": false,
      "User": "Lsjbot",
      "DeltaBucket": 5500,
      "Deleted": 0,
      "Namespace": "Main",
      "CityName": null,
      "CountryName": null,
      "RegionIsoCode": null,
      "MetroCode": null,
      "CountryIsoCode": null,
      "RegionName": null
    }
  },
  {
    "SegmentId": "wikipedia_2016-06-27T00:00:00.000Z_2016-06-28T00:00:00.000Z_2024-03-06T22:10:26.236Z",
    "Value": {
      "Timestamp": "2016-06-27T00:28:36.871+00:00",
      "IsRobot": true,
      "Channel": "#ja.wikipedia",
      "Flags": "NB",
      "IsUnpatrolled": false,
      "Page": "利用者‐会話:よいなび",
      "DiffUri": "https://ja.wikipedia.org/w/index.php?oldid=60240105&rcid=75503961",
      "Added": 5170,
      "Comment": "ウィキペディア日本語版へようこそ！",
      "CommentLength": 17,
      "IsNew": true,
      "IsMinor": false,
      "Delta": 5170,
      "IsAnonymous": false,
      "User": "Trgbot",
      "DeltaBucket": 5100,
      "Deleted": 0,
      "Namespace": "利用者‐会話",
      "CityName": null,
      "CountryName": null,
      "RegionIsoCode": null,
      "MetroCode": null,
      "CountryIsoCode": null,
      "RegionName": null
    }
  },
  {
    "SegmentId": "wikipedia_2016-06-27T00:00:00.000Z_2016-06-28T00:00:00.000Z_2024-03-06T22:10:26.236Z",
    "Value": {
      "Timestamp": "2016-06-27T00:30:13.128+00:00",
      "IsRobot": true,
      "Channel": "#ceb.wikipedia",
      "Flags": "NB",
      "IsUnpatrolled": false,
      "Page": "Mountnorris Fjord",
      "DiffUri": "https://ceb.wikipedia.org/w/index.php?oldid=9563585&rcid=36194365",
      "Added": 3565,
      "Comment": "Paghimo ni bot Greenland",
      "CommentLength": 24,
      "IsNew": true,
      "IsMinor": false,
      "Delta": 3565,
      "IsAnonymous": false,
      "User": "Lsjbot",
      "DeltaBucket": 3500,
      "Deleted": 0,
      "Namespace": "Main",
      "CityName": null,
      "CountryName": null,
      "RegionIsoCode": null,
      "MetroCode": null,
      "CountryIsoCode": null,
      "RegionName": null
    }
  },
  {
    "SegmentId": "wikipedia_2016-06-27T00:00:00.000Z_2016-06-28T00:00:00.000Z_2024-03-06T22:10:26.236Z",
    "Value": {
      "Timestamp": "2016-06-27T00:30:39.075+00:00",
      "IsRobot": true,
      "Channel": "#ceb.wikipedia",
      "Flags": "NB",
      "IsUnpatrolled": false,
      "Page": "Kap Mosle",
      "DiffUri": "https://ceb.wikipedia.org/w/index.php?oldid=9563590&rcid=36194378",
      "Added": 4429,
      "Comment": "Paghimo ni bot Greenland",
      "CommentLength": 24,
      "IsNew": true,
      "IsMinor": false,
      "Delta": 4429,
      "IsAnonymous": false,
      "User": "Lsjbot",
      "DeltaBucket": 4400,
      "Deleted": 0,
      "Namespace": "Main",
      "CityName": null,
      "CountryName": null,
      "RegionIsoCode": null,
      "MetroCode": null,
      "CountryIsoCode": null,
      "RegionName": null
    }
  },
  {
    "SegmentId": "wikipedia_2016-06-27T00:00:00.000Z_2016-06-28T00:00:00.000Z_2024-03-06T22:10:26.236Z",
    "Value": {
      "Timestamp": "2016-06-27T00:32:32.941+00:00",
      "IsRobot": true,
      "Channel": "#ceb.wikipedia",
      "Flags": "NB",
      "IsUnpatrolled": false,
      "Page": "Mørkebjerg (bukid)",
      "DiffUri": "https://ceb.wikipedia.org/w/index.php?oldid=9563611&rcid=36194445",
      "Added": 5700,
      "Comment": "Paghimo ni bot Greenland",
      "CommentLength": 24,
      "IsNew": true,
      "IsMinor": false,
      "Delta": 5700,
      "IsAnonymous": false,
      "User": "Lsjbot",
      "DeltaBucket": 5700,
      "Deleted": 0,
      "Namespace": "Main",
      "CityName": null,
      "CountryName": null,
      "RegionIsoCode": null,
      "MetroCode": null,
      "CountryIsoCode": null,
      "RegionName": null
    }
  },
  {
    "SegmentId": "wikipedia_2016-06-27T00:00:00.000Z_2016-06-28T00:00:00.000Z_2024-03-06T22:10:26.236Z",
    "Value": {
      "Timestamp": "2016-06-27T00:32:36.944+00:00",
      "IsRobot": true,
      "Channel": "#ja.wikipedia",
      "Flags": "NB",
      "IsUnpatrolled": false,
      "Page": "利用者‐会話:UttNEKObot",
      "DiffUri": "https://ja.wikipedia.org/w/index.php?oldid=60240160&rcid=75504042",
      "Added": 5162,
      "Comment": "ウィキペディア日本語版へようこそ！",
      "CommentLength": 17,
      "IsNew": true,
      "IsMinor": false,
      "Delta": 5162,
      "IsAnonymous": false,
      "User": "Trgbot",
      "DeltaBucket": 5100,
      "Deleted": 0,
      "Namespace": "利用者‐会話",
      "CityName": null,
      "CountryName": null,
      "RegionIsoCode": null,
      "MetroCode": null,
      "CountryIsoCode": null,
      "RegionName": null
    }
  },
  {
    "SegmentId": "wikipedia_2016-06-27T00:00:00.000Z_2016-06-28T00:00:00.000Z_2024-03-06T22:10:26.236Z",
    "Value": {
      "Timestamp": "2016-06-27T00:32:58.471+00:00",
      "IsRobot": true,
      "Channel": "#ceb.wikipedia",
      "Flags": "NB",
      "IsUnpatrolled": false,
      "Page": "Morane Pynt",
      "DiffUri": "https://ceb.wikipedia.org/w/index.php?oldid=9563617&rcid=36194465",
      "Added": 26,
      "Comment": "Paghimo ni bot Greenland redirect",
      "CommentLength": 33,
      "IsNew": true,
      "IsMinor": false,
      "Delta": 26,
      "IsAnonymous": false,
      "User": "Lsjbot",
      "DeltaBucket": 0,
      "Deleted": 0,
      "Namespace": "Main",
      "CityName": null,
      "CountryName": null,
      "RegionIsoCode": null,
      "MetroCode": null,
      "CountryIsoCode": null,
      "RegionName": null
    }
  },
  {
    "SegmentId": "wikipedia_2016-06-27T00:00:00.000Z_2016-06-28T00:00:00.000Z_2024-03-06T22:10:26.236Z",
    "Value": {
      "Timestamp": "2016-06-27T00:33:51.186+00:00",
      "IsRobot": true,
      "Channel": "#ceb.wikipedia",
      "Flags": "NB",
      "IsUnpatrolled": false,
      "Page": "Monucleus",
      "DiffUri": "https://ceb.wikipedia.org/w/index.php?oldid=9563627&rcid=36194491",
      "Added": 5647,
      "Comment": "Paghimo ni bot Greenland",
      "CommentLength": 24,
      "IsNew": true,
      "IsMinor": false,
      "Delta": 5647,
      "IsAnonymous": false,
      "User": "Lsjbot",
      "DeltaBucket": 5600,
      "Deleted": 0,
      "Namespace": "Main",
      "CityName": null,
      "CountryName": null,
      "RegionIsoCode": null,
      "MetroCode": null,
      "CountryIsoCode": null,
      "RegionName": null
    }
  },
  {
    "SegmentId": "wikipedia_2016-06-27T00:00:00.000Z_2016-06-28T00:00:00.000Z_2024-03-06T22:10:26.236Z",
    "Value": {
      "Timestamp": "2016-06-27T00:33:59.284+00:00",
      "IsRobot": true,
      "Channel": "#ceb.wikipedia",
      "Flags": "NB",
      "IsUnpatrolled": false,
      "Page": "Mønselv",
      "DiffUri": "https://ceb.wikipedia.org/w/index.php?oldid=9563629&rcid=36194499",
      "Added": 5514,
      "Comment": "Paghimo ni bot Greenland",
      "CommentLength": 24,
      "IsNew": true,
      "IsMinor": false,
      "Delta": 5514,
      "IsAnonymous": false,
      "User": "Lsjbot",
      "DeltaBucket": 5500,
      "Deleted": 0,
      "Namespace": "Main",
      "CityName": null,
      "CountryName": null,
      "RegionIsoCode": null,
      "MetroCode": null,
      "CountryIsoCode": null,
      "RegionName": null
    }
  },
  {
    "SegmentId": "wikipedia_2016-06-27T00:00:00.000Z_2016-06-28T00:00:00.000Z_2024-03-06T22:10:26.236Z",
    "Value": {
      "Timestamp": "2016-06-27T00:36:00.998+00:00",
      "IsRobot": true,
      "Channel": "#ceb.wikipedia",
      "Flags": "NB",
      "IsUnpatrolled": false,
      "Page": "Møbius Bjerg",
      "DiffUri": "https://ceb.wikipedia.org/w/index.php?oldid=9563651&rcid=36194580",
      "Added": 5820,
      "Comment": "Paghimo ni bot Greenland",
      "CommentLength": 24,
      "IsNew": true,
      "IsMinor": false,
      "Delta": 5820,
      "IsAnonymous": false,
      "User": "Lsjbot",
      "DeltaBucket": 5800,
      "Deleted": 0,
      "Namespace": "Main",
      "CityName": null,
      "CountryName": null,
      "RegionIsoCode": null,
      "MetroCode": null,
      "CountryIsoCode": null,
      "RegionName": null
    }
  },
  {
    "SegmentId": "wikipedia_2016-06-27T00:00:00.000Z_2016-06-28T00:00:00.000Z_2024-03-06T22:10:26.236Z",
    "Value": {
      "Timestamp": "2016-06-27T00:36:16.622+00:00",
      "IsRobot": true,
      "Channel": "#ceb.wikipedia",
      "Flags": "NB",
      "IsUnpatrolled": false,
      "Page": "Mjøolne",
      "DiffUri": "https://ceb.wikipedia.org/w/index.php?oldid=9563655&rcid=36194594",
      "Added": 22,
      "Comment": "Paghimo ni bot Greenland redirect",
      "CommentLength": 33,
      "IsNew": true,
      "IsMinor": false,
      "Delta": 22,
      "IsAnonymous": false,
      "User": "Lsjbot",
      "DeltaBucket": 0,
      "Deleted": 0,
      "Namespace": "Main",
      "CityName": null,
      "CountryName": null,
      "RegionIsoCode": null,
      "MetroCode": null,
      "CountryIsoCode": null,
      "RegionName": null
    }
  },
  {
    "SegmentId": "wikipedia_2016-06-27T00:00:00.000Z_2016-06-28T00:00:00.000Z_2024-03-06T22:10:26.236Z",
    "Value": {
      "Timestamp": "2016-06-27T00:36:44.282+00:00",
      "IsRobot": true,
      "Channel": "#en.wikipedia",
      "Flags": "NB",
      "IsUnpatrolled": false,
      "Page": "User talk:Ariagmitter",
      "DiffUri": "https://en.wikipedia.org/w/index.php?oldid=727147601&rcid=838342283",
      "Added": 2975,
      "Comment": "[[WP:Bots|Bot]]: Notice of potential reference breaking",
      "CommentLength": 55,
      "IsNew": true,
      "IsMinor": false,
      "Delta": 2975,
      "IsAnonymous": false,
      "User": "ReferenceBot",
      "DeltaBucket": 2900,
      "Deleted": 0,
      "Namespace": "User talk",
      "CityName": null,
      "CountryName": null,
      "RegionIsoCode": null,
      "MetroCode": null,
      "CountryIsoCode": null,
      "RegionName": null
    }
  },
  {
    "SegmentId": "wikipedia_2016-06-27T00:00:00.000Z_2016-06-28T00:00:00.000Z_2024-03-06T22:10:26.236Z",
    "Value": {
      "Timestamp": "2016-06-27T00:36:47.329+00:00",
      "IsRobot": true,
      "Channel": "#ceb.wikipedia",
      "Flags": "NB",
      "IsUnpatrolled": false,
      "Page": "Mitdlûvfik",
      "DiffUri": "https://ceb.wikipedia.org/w/index.php?oldid=9563661&rcid=36194616",
      "Added": 4201,
      "Comment": "Paghimo ni bot Greenland",
      "CommentLength": 24,
      "IsNew": true,
      "IsMinor": false,
      "Delta": 4201,
      "IsAnonymous": false,
      "User": "Lsjbot",
      "DeltaBucket": 4200,
      "Deleted": 0,
      "Namespace": "Main",
      "CityName": null,
      "CountryName": null,
      "RegionIsoCode": null,
      "MetroCode": null,
      "CountryIsoCode": null,
      "RegionName": null
    }
  },
  {
    "SegmentId": "wikipedia_2016-06-27T00:00:00.000Z_2016-06-28T00:00:00.000Z_2024-03-06T22:10:26.236Z",
    "Value": {
      "Timestamp": "2016-06-27T00:36:59.703+00:00",
      "IsRobot": true,
      "Channel": "#sv.wikipedia",
      "Flags": "NB",
      "IsUnpatrolled": false,
      "Page": "Toli (vattendrag i Indonesien)",
      "DiffUri": "https://sv.wikipedia.org/w/index.php?oldid=36099494&rcid=89482153",
      "Added": 5331,
      "Comment": "Botskapande Indonesien",
      "CommentLength": 22,
      "IsNew": true,
      "IsMinor": false,
      "Delta": 5331,
      "IsAnonymous": false,
      "User": "Lsjbot",
      "DeltaBucket": 5300,
      "Deleted": 0,
      "Namespace": "Main",
      "CityName": null,
      "CountryName": null,
      "RegionIsoCode": null,
      "MetroCode": null,
      "CountryIsoCode": null,
      "RegionName": null
    }
  },
  {
    "SegmentId": "wikipedia_2016-06-27T00:00:00.000Z_2016-06-28T00:00:00.000Z_2024-03-06T22:10:26.236Z",
    "Value": {
      "Timestamp": "2016-06-27T00:37:05.057+00:00",
      "IsRobot": true,
      "Channel": "#ceb.wikipedia",
      "Flags": "NB",
      "IsUnpatrolled": false,
      "Page": "Mitdlûtigssalik",
      "DiffUri": "https://ceb.wikipedia.org/w/index.php?oldid=9563664&rcid=36194623",
      "Added": 5997,
      "Comment": "Paghimo ni bot Greenland",
      "CommentLength": 24,
      "IsNew": true,
      "IsMinor": false,
      "Delta": 5997,
      "IsAnonymous": false,
      "User": "Lsjbot",
      "DeltaBucket": 5900,
      "Deleted": 0,
      "Namespace": "Main",
      "CityName": null,
      "CountryName": null,
      "RegionIsoCode": null,
      "MetroCode": null,
      "CountryIsoCode": null,
      "RegionName": null
    }
  },
  {
    "SegmentId": "wikipedia_2016-06-27T00:00:00.000Z_2016-06-28T00:00:00.000Z_2024-03-06T22:10:26.236Z",
    "Value": {
      "Timestamp": "2016-06-27T00:37:08.936+00:00",
      "IsRobot": true,
      "Channel": "#sv.wikipedia",
      "Flags": "NB",
      "IsUnpatrolled": false,
      "Page": "Toli-rivier",
      "DiffUri": "https://sv.wikipedia.org/w/index.php?oldid=36099496&rcid=89482160",
      "Added": 48,
      "Comment": "Botskapande Indonesien omdirigering",
      "CommentLength": 35,
      "IsNew": true,
      "IsMinor": false,
      "Delta": 48,
      "IsAnonymous": false,
      "User": "Lsjbot",
      "DeltaBucket": 0,
      "Deleted": 0,
      "Namespace": "Main",
      "CityName": null,
      "CountryName": null,
      "RegionIsoCode": null,
      "MetroCode": null,
      "CountryIsoCode": null,
      "RegionName": null
    }
  },
  {
    "SegmentId": "wikipedia_2016-06-27T00:00:00.000Z_2016-06-28T00:00:00.000Z_2024-03-06T22:10:26.236Z",
    "Value": {
      "Timestamp": "2016-06-27T00:39:09.306+00:00",
      "IsRobot": true,
      "Channel": "#sv.wikipedia",
      "Flags": "NB",
      "IsUnpatrolled": false,
      "Page": "Tokong Kangen",
      "DiffUri": "https://sv.wikipedia.org/w/index.php?oldid=36099520&rcid=89482239",
      "Added": 3349,
      "Comment": "Botskapande Indonesien",
      "CommentLength": 22,
      "IsNew": true,
      "IsMinor": false,
      "Delta": 3349,
      "IsAnonymous": false,
      "User": "Lsjbot",
      "DeltaBucket": 3300,
      "Deleted": 0,
      "Namespace": "Main",
      "CityName": null,
      "CountryName": null,
      "RegionIsoCode": null,
      "MetroCode": null,
      "CountryIsoCode": null,
      "RegionName": null
    }
  },
  {
    "SegmentId": "wikipedia_2016-06-27T00:00:00.000Z_2016-06-28T00:00:00.000Z_2024-03-06T22:10:26.236Z",
    "Value": {
      "Timestamp": "2016-06-27T00:39:51.573+00:00",
      "IsRobot": true,
      "Channel": "#ceb.wikipedia",
      "Flags": "NB",
      "IsUnpatrolled": false,
      "Page": "Kap Middendorf",
      "DiffUri": "https://ceb.wikipedia.org/w/index.php?oldid=9563698&rcid=36194756",
      "Added": 29,
      "Comment": "Paghimo ni bot Greenland redirect",
      "CommentLength": 33,
      "IsNew": true,
      "IsMinor": false,
      "Delta": 29,
      "IsAnonymous": false,
      "User": "Lsjbot",
      "DeltaBucket": 0,
      "Deleted": 0,
      "Namespace": "Main",
      "CityName": null,
      "CountryName": null,
      "RegionIsoCode": null,
      "MetroCode": null,
      "CountryIsoCode": null,
      "RegionName": null
    }
  },
  {
    "SegmentId": "wikipedia_2016-06-27T00:00:00.000Z_2016-06-28T00:00:00.000Z_2024-03-06T22:10:26.236Z",
    "Value": {
      "Timestamp": "2016-06-27T00:40:14.338+00:00",
      "IsRobot": true,
      "Channel": "#ceb.wikipedia",
      "Flags": "NB",
      "IsUnpatrolled": false,
      "Page": "Miaggoq",
      "DiffUri": "https://ceb.wikipedia.org/w/index.php?oldid=9563700&rcid=36194758",
      "Added": 5432,
      "Comment": "Paghimo ni bot Greenland",
      "CommentLength": 24,
      "IsNew": true,
      "IsMinor": false,
      "Delta": 5432,
      "IsAnonymous": false,
      "User": "Lsjbot",
      "DeltaBucket": 5400,
      "Deleted": 0,
      "Namespace": "Main",
      "CityName": null,
      "CountryName": null,
      "RegionIsoCode": null,
      "MetroCode": null,
      "CountryIsoCode": null,
      "RegionName": null
    }
  },
  {
    "SegmentId": "wikipedia_2016-06-27T00:00:00.000Z_2016-06-28T00:00:00.000Z_2024-03-06T22:10:26.236Z",
    "Value": {
      "Timestamp": "2016-06-27T00:40:59.87+00:00",
      "IsRobot": true,
      "Channel": "#ceb.wikipedia",
      "Flags": "NB",
      "IsUnpatrolled": false,
      "Page": "Merqoqange",
      "DiffUri": "https://ceb.wikipedia.org/w/index.php?oldid=9563710&rcid=36194801",
      "Added": 25,
      "Comment": "Paghimo ni bot Greenland redirect",
      "CommentLength": 33,
      "IsNew": true,
      "IsMinor": false,
      "Delta": 25,
      "IsAnonymous": false,
      "User": "Lsjbot",
      "DeltaBucket": 0,
      "Deleted": 0,
      "Namespace": "Main",
      "CityName": null,
      "CountryName": null,
      "RegionIsoCode": null,
      "MetroCode": null,
      "CountryIsoCode": null,
      "RegionName": null
    }
  },
  {
    "SegmentId": "wikipedia_2016-06-27T00:00:00.000Z_2016-06-28T00:00:00.000Z_2024-03-06T22:10:26.236Z",
    "Value": {
      "Timestamp": "2016-06-27T00:42:04.43+00:00",
      "IsRobot": true,
      "Channel": "#sv.wikipedia",
      "Flags": "NB",
      "IsUnpatrolled": false,
      "Page": "Wae Tok",
      "DiffUri": "https://sv.wikipedia.org/w/index.php?oldid=36099555&rcid=89482356",
      "Added": 5571,
      "Comment": "Botskapande Indonesien",
      "CommentLength": 22,
      "IsNew": true,
      "IsMinor": false,
      "Delta": 5571,
      "IsAnonymous": false,
      "User": "Lsjbot",
      "DeltaBucket": 5500,
      "Deleted": 0,
      "Namespace": "Main",
      "CityName": null,
      "CountryName": null,
      "RegionIsoCode": null,
      "MetroCode": null,
      "CountryIsoCode": null,
      "RegionName": null
    }
  },
  {
    "SegmentId": "wikipedia_2016-06-27T00:00:00.000Z_2016-06-28T00:00:00.000Z_2024-03-06T22:10:26.236Z",
    "Value": {
      "Timestamp": "2016-06-27T00:42:50.649+00:00",
      "IsRobot": true,
      "Channel": "#ceb.wikipedia",
      "Flags": "NB",
      "IsUnpatrolled": false,
      "Page": "McKinley Sea",
      "DiffUri": "https://ceb.wikipedia.org/w/index.php?oldid=9563732&rcid=36194877",
      "Added": 3010,
      "Comment": "Paghimo ni bot Greenland",
      "CommentLength": 24,
      "IsNew": true,
      "IsMinor": false,
      "Delta": 3010,
      "IsAnonymous": false,
      "User": "Lsjbot",
      "DeltaBucket": 3000,
      "Deleted": 0,
      "Namespace": "Main",
      "CityName": null,
      "CountryName": null,
      "RegionIsoCode": null,
      "MetroCode": null,
      "CountryIsoCode": null,
      "RegionName": null
    }
  },
  {
    "SegmentId": "wikipedia_2016-06-27T00:00:00.000Z_2016-06-28T00:00:00.000Z_2024-03-06T22:10:26.236Z",
    "Value": {
      "Timestamp": "2016-06-27T00:43:44.108+00:00",
      "IsRobot": true,
      "Channel": "#sv.wikipedia",
      "Flags": "NB",
      "IsUnpatrolled": false,
      "Page": "Tohkiri Mountains",
      "DiffUri": "https://sv.wikipedia.org/w/index.php?oldid=36099576&rcid=89482430",
      "Added": 36,
      "Comment": "Botskapande Indonesien omdirigering",
      "CommentLength": 35,
      "IsNew": true,
      "IsMinor": false,
      "Delta": 36,
      "IsAnonymous": false,
      "User": "Lsjbot",
      "DeltaBucket": 0,
      "Deleted": 0,
      "Namespace": "Main",
      "CityName": null,
      "CountryName": null,
      "RegionIsoCode": null,
      "MetroCode": null,
      "CountryIsoCode": null,
      "RegionName": null
    }
  },
  {
    "SegmentId": "wikipedia_2016-06-27T00:00:00.000Z_2016-06-28T00:00:00.000Z_2024-03-06T22:10:26.236Z",
    "Value": {
      "Timestamp": "2016-06-27T00:43:58.495+00:00",
      "IsRobot": true,
      "Channel": "#ceb.wikipedia",
      "Flags": "NB",
      "IsUnpatrolled": false,
      "Page": "Mathiesen Næs",
      "DiffUri": "https://ceb.wikipedia.org/w/index.php?oldid=9563744&rcid=36194926",
      "Added": 4943,
      "Comment": "Paghimo ni bot Greenland",
      "CommentLength": 24,
      "IsNew": true,
      "IsMinor": false,
      "Delta": 4943,
      "IsAnonymous": false,
      "User": "Lsjbot",
      "DeltaBucket": 4900,
      "Deleted": 0,
      "Namespace": "Main",
      "CityName": null,
      "CountryName": null,
      "RegionIsoCode": null,
      "MetroCode": null,
      "CountryIsoCode": null,
      "RegionName": null
    }
  },
  {
    "SegmentId": "wikipedia_2016-06-27T00:00:00.000Z_2016-06-28T00:00:00.000Z_2024-03-06T22:10:26.236Z",
    "Value": {
      "Timestamp": "2016-06-27T00:45:01.707+00:00",
      "IsRobot": true,
      "Channel": "#ceb.wikipedia",
      "Flags": "NB",
      "IsUnpatrolled": false,
      "Page": "Murray Ö",
      "DiffUri": "https://ceb.wikipedia.org/w/index.php?oldid=9563757&rcid=36194967",
      "Added": 28,
      "Comment": "Paghimo ni bot Greenland redirect",
      "CommentLength": 33,
      "IsNew": true,
      "IsMinor": false,
      "Delta": 28,
      "IsAnonymous": false,
      "User": "Lsjbot",
      "DeltaBucket": 0,
      "Deleted": 0,
      "Namespace": "Main",
      "CityName": null,
      "CountryName": null,
      "RegionIsoCode": null,
      "MetroCode": null,
      "CountryIsoCode": null,
      "RegionName": null
    }
  },
  {
    "SegmentId": "wikipedia_2016-06-27T00:00:00.000Z_2016-06-28T00:00:00.000Z_2024-03-06T22:10:26.236Z",
    "Value": {
      "Timestamp": "2016-06-27T00:45:20.199+00:00",
      "IsRobot": true,
      "Channel": "#ceb.wikipedia",
      "Flags": "NB",
      "IsUnpatrolled": false,
      "Page": "Martin Knudsen Nunatakker",
      "DiffUri": "https://ceb.wikipedia.org/w/index.php?oldid=9563760&rcid=36194974",
      "Added": 6118,
      "Comment": "Paghimo ni bot Greenland",
      "CommentLength": 24,
      "IsNew": true,
      "IsMinor": false,
      "Delta": 6118,
      "IsAnonymous": false,
      "User": "Lsjbot",
      "DeltaBucket": 6100,
      "Deleted": 0,
      "Namespace": "Main",
      "CityName": null,
      "CountryName": null,
      "RegionIsoCode": null,
      "MetroCode": null,
      "CountryIsoCode": null,
      "RegionName": null
    }
  },
  {
    "SegmentId": "wikipedia_2016-06-27T00:00:00.000Z_2016-06-28T00:00:00.000Z_2024-03-06T22:10:26.236Z",
    "Value": {
      "Timestamp": "2016-06-27T00:46:22.218+00:00",
      "IsRobot": true,
      "Channel": "#sv.wikipedia",
      "Flags": "NB",
      "IsUnpatrolled": false,
      "Page": "Salo Togit",
      "DiffUri": "https://sv.wikipedia.org/w/index.php?oldid=36099607&rcid=89482535",
      "Added": 29,
      "Comment": "Botskapande Indonesien omdirigering",
      "CommentLength": 35,
      "IsNew": true,
      "IsMinor": false,
      "Delta": 29,
      "IsAnonymous": false,
      "User": "Lsjbot",
      "DeltaBucket": 0,
      "Deleted": 0,
      "Namespace": "Main",
      "CityName": null,
      "CountryName": null,
      "RegionIsoCode": null,
      "MetroCode": null,
      "CountryIsoCode": null,
      "RegionName": null
    }
  },
  {
    "SegmentId": "wikipedia_2016-06-27T00:00:00.000Z_2016-06-28T00:00:00.000Z_2024-03-06T22:10:26.236Z",
    "Value": {
      "Timestamp": "2016-06-27T00:46:48.334+00:00",
      "IsRobot": true,
      "Channel": "#ceb.wikipedia",
      "Flags": "NB",
      "IsUnpatrolled": false,
      "Page": "Marraat (luuk, lat 68,98, long -51,12)",
      "DiffUri": "https://ceb.wikipedia.org/w/index.php?oldid=9563778&rcid=36195036",
      "Added": 3686,
      "Comment": "Paghimo ni bot Greenland",
      "CommentLength": 24,
      "IsNew": true,
      "IsMinor": false,
      "Delta": 3686,
      "IsAnonymous": false,
      "User": "Lsjbot",
      "DeltaBucket": 3600,
      "Deleted": 0,
      "Namespace": "Main",
      "CityName": null,
      "CountryName": null,
      "RegionIsoCode": null,
      "MetroCode": null,
      "CountryIsoCode": null,
      "RegionName": null
    }
  },
  {
    "SegmentId": "wikipedia_2016-06-27T00:00:00.000Z_2016-06-28T00:00:00.000Z_2024-03-06T22:10:26.236Z",
    "Value": {
      "Timestamp": "2016-06-27T00:47:01.508+00:00",
      "IsRobot": true,
      "Channel": "#ceb.wikipedia",
      "Flags": "NB",
      "IsUnpatrolled": false,
      "Page": "Markham O",
      "DiffUri": "https://ceb.wikipedia.org/w/index.php?oldid=9563781&rcid=36195047",
      "Added": 24,
      "Comment": "Paghimo ni bot Greenland redirect",
      "CommentLength": 33,
      "IsNew": true,
      "IsMinor": false,
      "Delta": 24,
      "IsAnonymous": false,
      "User": "Lsjbot",
      "DeltaBucket": 0,
      "Deleted": 0,
      "Namespace": "Main",
      "CityName": null,
      "CountryName": null,
      "RegionIsoCode": null,
      "MetroCode": null,
      "CountryIsoCode": null,
      "RegionName": null
    }
  },
  {
    "SegmentId": "wikipedia_2016-06-27T00:00:00.000Z_2016-06-28T00:00:00.000Z_2024-03-06T22:10:26.236Z",
    "Value": {
      "Timestamp": "2016-06-27T00:47:02.898+00:00",
      "IsRobot": true,
      "Channel": "#sv.wikipedia",
      "Flags": "NB",
      "IsUnpatrolled": false,
      "Page": "Pulau Togian",
      "DiffUri": "https://sv.wikipedia.org/w/index.php?oldid=36099615&rcid=89482561",
      "Added": 30,
      "Comment": "Botskapande Indonesien omdirigering",
      "CommentLength": 35,
      "IsNew": true,
      "IsMinor": false,
      "Delta": 30,
      "IsAnonymous": false,
      "User": "Lsjbot",
      "DeltaBucket": 0,
      "Deleted": 0,
      "Namespace": "Main",
      "CityName": null,
      "CountryName": null,
      "RegionIsoCode": null,
      "MetroCode": null,
      "CountryIsoCode": null,
      "RegionName": null
    }
  },
  {
    "SegmentId": "wikipedia_2016-06-27T00:00:00.000Z_2016-06-28T00:00:00.000Z_2024-03-06T22:10:26.236Z",
    "Value": {
      "Timestamp": "2016-06-27T00:47:58.55+00:00",
      "IsRobot": true,
      "Channel": "#sv.wikipedia",
      "Flags": "NB",
      "IsUnpatrolled": false,
      "Page": "Ake Togel",
      "DiffUri": "https://sv.wikipedia.org/w/index.php?oldid=36099626&rcid=89482598",
      "Added": 5603,
      "Comment": "Botskapande Indonesien",
      "CommentLength": 22,
      "IsNew": true,
      "IsMinor": false,
      "Delta": 5603,
      "IsAnonymous": false,
      "User": "Lsjbot",
      "DeltaBucket": 5600,
      "Deleted": 0,
      "Namespace": "Main",
      "CityName": null,
      "CountryName": null,
      "RegionIsoCode": null,
      "MetroCode": null,
      "CountryIsoCode": null,
      "RegionName": null
    }
  },
  {
    "SegmentId": "wikipedia_2016-06-27T00:00:00.000Z_2016-06-28T00:00:00.000Z_2024-03-06T22:10:26.236Z",
    "Value": {
      "Timestamp": "2016-06-27T00:48:41.498+00:00",
      "IsRobot": true,
      "Channel": "#ceb.wikipedia",
      "Flags": "NB",
      "IsUnpatrolled": false,
      "Page": "Manitsut Kitdlit",
      "DiffUri": "https://ceb.wikipedia.org/w/index.php?oldid=9563801&rcid=36195127",
      "Added": 32,
      "Comment": "Paghimo ni bot Greenland redirect",
      "CommentLength": 33,
      "IsNew": true,
      "IsMinor": false,
      "Delta": 32,
      "IsAnonymous": false,
      "User": "Lsjbot",
      "DeltaBucket": 0,
      "Deleted": 0,
      "Namespace": "Main",
      "CityName": null,
      "CountryName": null,
      "RegionIsoCode": null,
      "MetroCode": null,
      "CountryIsoCode": null,
      "RegionName": null
    }
  },
  {
    "SegmentId": "wikipedia_2016-06-27T00:00:00.000Z_2016-06-28T00:00:00.000Z_2024-03-06T22:10:26.236Z",
    "Value": {
      "Timestamp": "2016-06-27T00:48:58.434+00:00",
      "IsRobot": true,
      "Channel": "#sv.wikipedia",
      "Flags": "NB",
      "IsUnpatrolled": false,
      "Page": "Ake Tofu",
      "DiffUri": "https://sv.wikipedia.org/w/index.php?oldid=36099638&rcid=89482639",
      "Added": 5687,
      "Comment": "Botskapande Indonesien",
      "CommentLength": 22,
      "IsNew": true,
      "IsMinor": false,
      "Delta": 5687,
      "IsAnonymous": false,
      "User": "Lsjbot",
      "DeltaBucket": 5600,
      "Deleted": 0,
      "Namespace": "Main",
      "CityName": null,
      "CountryName": null,
      "RegionIsoCode": null,
      "MetroCode": null,
      "CountryIsoCode": null,
      "RegionName": null
    }
  },
  {
    "SegmentId": "wikipedia_2016-06-27T00:00:00.000Z_2016-06-28T00:00:00.000Z_2024-03-06T22:10:26.236Z",
    "Value": {
      "Timestamp": "2016-06-27T00:49:28.428+00:00",
      "IsRobot": true,
      "Channel": "#sv.wikipedia",
      "Flags": "NB",
      "IsUnpatrolled": false,
      "Page": "Kuala Toili",
      "DiffUri": "https://sv.wikipedia.org/w/index.php?oldid=36099644&rcid=89482659",
      "Added": 4453,
      "Comment": "Botskapande Indonesien",
      "CommentLength": 22,
      "IsNew": true,
      "IsMinor": false,
      "Delta": 4453,
      "IsAnonymous": false,
      "User": "Lsjbot",
      "DeltaBucket": 4400,
      "Deleted": 0,
      "Namespace": "Main",
      "CityName": null,
      "CountryName": null,
      "RegionIsoCode": null,
      "MetroCode": null,
      "CountryIsoCode": null,
      "RegionName": null
    }
  },
  {
    "SegmentId": "wikipedia_2016-06-27T00:00:00.000Z_2016-06-28T00:00:00.000Z_2024-03-06T22:10:26.236Z",
    "Value": {
      "Timestamp": "2016-06-27T00:51:07.086+00:00",
      "IsRobot": true,
      "Channel": "#sv.wikipedia",
      "Flags": "NB",
      "IsUnpatrolled": false,
      "Page": "Todo Range",
      "DiffUri": "https://sv.wikipedia.org/w/index.php?oldid=36099664&rcid=89482725",
      "Added": 33,
      "Comment": "Botskapande Indonesien omdirigering",
      "CommentLength": 35,
      "IsNew": true,
      "IsMinor": false,
      "Delta": 33,
      "IsAnonymous": false,
      "User": "Lsjbot",
      "DeltaBucket": 0,
      "Deleted": 0,
      "Namespace": "Main",
      "CityName": null,
      "CountryName": null,
      "RegionIsoCode": null,
      "MetroCode": null,
      "CountryIsoCode": null,
      "RegionName": null
    }
  },
  {
    "SegmentId": "wikipedia_2016-06-27T00:00:00.000Z_2016-06-28T00:00:00.000Z_2024-03-06T22:10:26.236Z",
    "Value": {
      "Timestamp": "2016-06-27T00:51:37.592+00:00",
      "IsRobot": true,
      "Channel": "#ceb.wikipedia",
      "Flags": "NB",
      "IsUnpatrolled": false,
      "Page": "Maniitsoq (pulo sa Qeqqata, lat 65,47, long -52,98)",
      "DiffUri": "https://ceb.wikipedia.org/w/index.php?oldid=9563835&rcid=36195242",
      "Added": 5764,
      "Comment": "Paghimo ni bot Greenland",
      "CommentLength": 24,
      "IsNew": true,
      "IsMinor": false,
      "Delta": 5764,
      "IsAnonymous": false,
      "User": "Lsjbot",
      "DeltaBucket": 5700,
      "Deleted": 0,
      "Namespace": "Main",
      "CityName": null,
      "CountryName": null,
      "RegionIsoCode": null,
      "MetroCode": null,
      "CountryIsoCode": null,
      "RegionName": null
    }
  },
  {
    "SegmentId": "wikipedia_2016-06-27T00:00:00.000Z_2016-06-28T00:00:00.000Z_2024-03-06T22:10:26.236Z",
    "Value": {
      "Timestamp": "2016-06-27T00:51:57.752+00:00",
      "IsRobot": true,
      "Channel": "#sv.wikipedia",
      "Flags": "NB",
      "IsUnpatrolled": false,
      "Page": "Poelau Tabolon",
      "DiffUri": "https://sv.wikipedia.org/w/index.php?oldid=36099675&rcid=89482758",
      "Added": 31,
      "Comment": "Botskapande Indonesien omdirigering",
      "CommentLength": 35,
      "IsNew": true,
      "IsMinor": false,
      "Delta": 31,
      "IsAnonymous": false,
      "User": "Lsjbot",
      "DeltaBucket": 0,
      "Deleted": 0,
      "Namespace": "Main",
      "CityName": null,
      "CountryName": null,
      "RegionIsoCode": null,
      "MetroCode": null,
      "CountryIsoCode": null,
      "RegionName": null
    }
  },
  {
    "SegmentId": "wikipedia_2016-06-27T00:00:00.000Z_2016-06-28T00:00:00.000Z_2024-03-06T22:10:26.236Z",
    "Value": {
      "Timestamp": "2016-06-27T00:52:38.748+00:00",
      "IsRobot": true,
      "Channel": "#sv.wikipedia",
      "Flags": "NB",
      "IsUnpatrolled": false,
      "Page": "Kali Tobi (vattendrag i Indonesien)",
      "DiffUri": "https://sv.wikipedia.org/w/index.php?oldid=36099683&rcid=89482787",
      "Added": 5319,
      "Comment": "Botskapande Indonesien",
      "CommentLength": 22,
      "IsNew": true,
      "IsMinor": false,
      "Delta": 5319,
      "IsAnonymous": false,
      "User": "Lsjbot",
      "DeltaBucket": 5300,
      "Deleted": 0,
      "Namespace": "Main",
      "CityName": null,
      "CountryName": null,
      "RegionIsoCode": null,
      "MetroCode": null,
      "CountryIsoCode": null,
      "RegionName": null
    }
  },
  {
    "SegmentId": "wikipedia_2016-06-27T00:00:00.000Z_2016-06-28T00:00:00.000Z_2024-03-06T22:10:26.236Z",
    "Value": {
      "Timestamp": "2016-06-27T00:52:56.487+00:00",
      "IsRobot": true,
      "Channel": "#ceb.wikipedia",
      "Flags": "NB",
      "IsUnpatrolled": false,
      "Page": "Manertôq (pulo, lat 68,77, long -52,83)",
      "DiffUri": "https://ceb.wikipedia.org/w/index.php?oldid=9563851&rcid=36195302",
      "Added": 4252,
      "Comment": "Paghimo ni bot Greenland",
      "CommentLength": 24,
      "IsNew": true,
      "IsMinor": false,
      "Delta": 4252,
      "IsAnonymous": false,
      "User": "Lsjbot",
      "DeltaBucket": 4200,
      "Deleted": 0,
      "Namespace": "Main",
      "CityName": null,
      "CountryName": null,
      "RegionIsoCode": null,
      "MetroCode": null,
      "CountryIsoCode": null,
      "RegionName": null
    }
  },
  {
    "SegmentId": "wikipedia_2016-06-27T00:00:00.000Z_2016-06-28T00:00:00.000Z_2024-03-06T22:10:26.236Z",
    "Value": {
      "Timestamp": "2016-06-27T00:53:36.796+00:00",
      "IsRobot": true,
      "Channel": "#ceb.wikipedia",
      "Flags": "NB",
      "IsUnpatrolled": false,
      "Page": "Manby Halvø",
      "DiffUri": "https://ceb.wikipedia.org/w/index.php?oldid=9563859&rcid=36195330",
      "Added": 4247,
      "Comment": "Paghimo ni bot Greenland",
      "CommentLength": 24,
      "IsNew": true,
      "IsMinor": false,
      "Delta": 4247,
      "IsAnonymous": false,
      "User": "Lsjbot",
      "DeltaBucket": 4200,
      "Deleted": 0,
      "Namespace": "Main",
      "CityName": null,
      "CountryName": null,
      "RegionIsoCode": null,
      "MetroCode": null,
      "CountryIsoCode": null,
      "RegionName": null
    }
  },
  {
    "SegmentId": "wikipedia_2016-06-27T00:00:00.000Z_2016-06-28T00:00:00.000Z_2024-03-06T22:10:26.236Z",
    "Value": {
      "Timestamp": "2016-06-27T00:53:48.377+00:00",
      "IsRobot": true,
      "Channel": "#sv.wikipedia",
      "Flags": "NB",
      "IsUnpatrolled": false,
      "Page": "Tobaroe-maboekoe Mountain",
      "DiffUri": "https://sv.wikipedia.org/w/index.php?oldid=36099698&rcid=89482841",
      "Added": 31,
      "Comment": "Botskapande Indonesien omdirigering",
      "CommentLength": 35,
      "IsNew": true,
      "IsMinor": false,
      "Delta": 31,
      "IsAnonymous": false,
      "User": "Lsjbot",
      "DeltaBucket": 0,
      "Deleted": 0,
      "Namespace": "Main",
      "CityName": null,
      "CountryName": null,
      "RegionIsoCode": null,
      "MetroCode": null,
      "CountryIsoCode": null,
      "RegionName": null
    }
  },
  {
    "SegmentId": "wikipedia_2016-06-27T00:00:00.000Z_2016-06-28T00:00:00.000Z_2024-03-06T22:10:26.236Z",
    "Value": {
      "Timestamp": "2016-06-27T00:54:53.74+00:00",
      "IsRobot": true,
      "Channel": "#sv.wikipedia",
      "Flags": "NB",
      "IsUnpatrolled": false,
      "Page": "Kategori:Sund i Maluku Utara",
      "DiffUri": "https://sv.wikipedia.org/w/index.php?oldid=36099712&rcid=89482891",
      "Added": 83,
      "Comment": "Botskapande Indonesien",
      "CommentLength": 22,
      "IsNew": true,
      "IsMinor": false,
      "Delta": 83,
      "IsAnonymous": false,
      "User": "Lsjbot",
      "DeltaBucket": 0,
      "Deleted": 0,
      "Namespace": "Kategori",
      "CityName": null,
      "CountryName": null,
      "RegionIsoCode": null,
      "MetroCode": null,
      "CountryIsoCode": null,
      "RegionName": null
    }
  },
  {
    "SegmentId": "wikipedia_2016-06-27T00:00:00.000Z_2016-06-28T00:00:00.000Z_2024-03-06T22:10:26.236Z",
    "Value": {
      "Timestamp": "2016-06-27T00:54:58.801+00:00",
      "IsRobot": true,
      "Channel": "#sv.wikipedia",
      "Flags": "NB",
      "IsUnpatrolled": false,
      "Page": "Selat Tobalai",
      "DiffUri": "https://sv.wikipedia.org/w/index.php?oldid=36099713&rcid=89482894",
      "Added": 4394,
      "Comment": "Botskapande Indonesien",
      "CommentLength": 22,
      "IsNew": true,
      "IsMinor": false,
      "Delta": 4394,
      "IsAnonymous": false,
      "User": "Lsjbot",
      "DeltaBucket": 4300,
      "Deleted": 0,
      "Namespace": "Main",
      "CityName": null,
      "CountryName": null,
      "RegionIsoCode": null,
      "MetroCode": null,
      "CountryIsoCode": null,
      "RegionName": null
    }
  },
  {
    "SegmentId": "wikipedia_2016-06-27T00:00:00.000Z_2016-06-28T00:00:00.000Z_2024-03-06T22:10:26.236Z",
    "Value": {
      "Timestamp": "2016-06-27T00:55:03.706+00:00",
      "IsRobot": true,
      "Channel": "#sv.wikipedia",
      "Flags": "NB",
      "IsUnpatrolled": false,
      "Page": "Gase Straat",
      "DiffUri": "https://sv.wikipedia.org/w/index.php?oldid=36099714&rcid=89482900",
      "Added": 31,
      "Comment": "Botskapande Indonesien omdirigering",
      "CommentLength": 35,
      "IsNew": true,
      "IsMinor": false,
      "Delta": 31,
      "IsAnonymous": false,
      "User": "Lsjbot",
      "DeltaBucket": 0,
      "Deleted": 0,
      "Namespace": "Main",
      "CityName": null,
      "CountryName": null,
      "RegionIsoCode": null,
      "MetroCode": null,
      "CountryIsoCode": null,
      "RegionName": null
    }
  },
  {
    "SegmentId": "wikipedia_2016-06-27T00:00:00.000Z_2016-06-28T00:00:00.000Z_2024-03-06T22:10:26.236Z",
    "Value": {
      "Timestamp": "2016-06-27T00:55:18.727+00:00",
      "IsRobot": true,
      "Channel": "#sv.wikipedia",
      "Flags": "NB",
      "IsUnpatrolled": false,
      "Page": "Pulau Tubalai",
      "DiffUri": "https://sv.wikipedia.org/w/index.php?oldid=36099717&rcid=89482908",
      "Added": 31,
      "Comment": "Botskapande Indonesien omdirigering",
      "CommentLength": 35,
      "IsNew": true,
      "IsMinor": false,
      "Delta": 31,
      "IsAnonymous": false,
      "User": "Lsjbot",
      "DeltaBucket": 0,
      "Deleted": 0,
      "Namespace": "Main",
      "CityName": null,
      "CountryName": null,
      "RegionIsoCode": null,
      "MetroCode": null,
      "CountryIsoCode": null,
      "RegionName": null
    }
  },
  {
    "SegmentId": "wikipedia_2016-06-27T00:00:00.000Z_2016-06-28T00:00:00.000Z_2024-03-06T22:10:26.236Z",
    "Value": {
      "Timestamp": "2016-06-27T00:55:43.693+00:00",
      "IsRobot": true,
      "Channel": "#sv.wikipedia",
      "Flags": "NB",
      "IsUnpatrolled": false,
      "Page": "Tandjoeng Tabako",
      "DiffUri": "https://sv.wikipedia.org/w/index.php?oldid=36099722&rcid=89482918",
      "Added": 32,
      "Comment": "Botskapande Indonesien omdirigering",
      "CommentLength": 35,
      "IsNew": true,
      "IsMinor": false,
      "Delta": 32,
      "IsAnonymous": false,
      "User": "Lsjbot",
      "DeltaBucket": 0,
      "Deleted": 0,
      "Namespace": "Main",
      "CityName": null,
      "CountryName": null,
      "RegionIsoCode": null,
      "MetroCode": null,
      "CountryIsoCode": null,
      "RegionName": null
    }
  },
  {
    "SegmentId": "wikipedia_2016-06-27T00:00:00.000Z_2016-06-28T00:00:00.000Z_2024-03-06T22:10:26.236Z",
    "Value": {
      "Timestamp": "2016-06-27T00:56:38.691+00:00",
      "IsRobot": true,
      "Channel": "#sv.wikipedia",
      "Flags": "NB",
      "IsUnpatrolled": false,
      "Page": "Sungai Tuorim",
      "DiffUri": "https://sv.wikipedia.org/w/index.php?oldid=36099733&rcid=89482950",
      "Added": 31,
      "Comment": "Botskapande Indonesien omdirigering",
      "CommentLength": 35,
      "IsNew": true,
      "IsMinor": false,
      "Delta": 31,
      "IsAnonymous": false,
      "User": "Lsjbot",
      "DeltaBucket": 0,
      "Deleted": 0,
      "Namespace": "Main",
      "CityName": null,
      "CountryName": null,
      "RegionIsoCode": null,
      "MetroCode": null,
      "CountryIsoCode": null,
      "RegionName": null
    }
  },
  {
    "SegmentId": "wikipedia_2016-06-27T00:00:00.000Z_2016-06-28T00:00:00.000Z_2024-03-06T22:10:26.236Z",
    "Value": {
      "Timestamp": "2016-06-27T00:56:58.689+00:00",
      "IsRobot": true,
      "Channel": "#sv.wikipedia",
      "Flags": "NB",
      "IsUnpatrolled": false,
      "Page": "Toaikoemaoema River",
      "DiffUri": "https://sv.wikipedia.org/w/index.php?oldid=36099737&rcid=89482970",
      "Added": 33,
      "Comment": "Botskapande Indonesien omdirigering",
      "CommentLength": 35,
      "IsNew": true,
      "IsMinor": false,
      "Delta": 33,
      "IsAnonymous": false,
      "User": "Lsjbot",
      "DeltaBucket": 0,
      "Deleted": 0,
      "Namespace": "Main",
      "CityName": null,
      "CountryName": null,
      "RegionIsoCode": null,
      "MetroCode": null,
      "CountryIsoCode": null,
      "RegionName": null
    }
  },
  {
    "SegmentId": "wikipedia_2016-06-27T00:00:00.000Z_2016-06-28T00:00:00.000Z_2024-03-06T22:10:26.236Z",
    "Value": {
      "Timestamp": "2016-06-27T00:57:13.654+00:00",
      "IsRobot": true,
      "Channel": "#sv.wikipedia",
      "Flags": "NB",
      "IsUnpatrolled": false,
      "Page": "Tandjoeng Boewowong",
      "DiffUri": "https://sv.wikipedia.org/w/index.php?oldid=36099741&rcid=89482979",
      "Added": 37,
      "Comment": "Botskapande Indonesien omdirigering",
      "CommentLength": 35,
      "IsNew": true,
      "IsMinor": false,
      "Delta": 37,
      "IsAnonymous": false,
      "User": "Lsjbot",
      "DeltaBucket": 0,
      "Deleted": 0,
      "Namespace": "Main",
      "CityName": null,
      "CountryName": null,
      "RegionIsoCode": null,
      "MetroCode": null,
      "CountryIsoCode": null,
      "RegionName": null
    }
  },
  {
    "SegmentId": "wikipedia_2016-06-27T00:00:00.000Z_2016-06-28T00:00:00.000Z_2024-03-06T22:10:26.236Z",
    "Value": {
      "Timestamp": "2016-06-27T00:58:14.171+00:00",
      "IsRobot": true,
      "Channel": "#ceb.wikipedia",
      "Flags": "NB",
      "IsUnpatrolled": false,
      "Page": "Maagefjeld",
      "DiffUri": "https://ceb.wikipedia.org/w/index.php?oldid=9563914&rcid=36195525",
      "Added": 32,
      "Comment": "Paghimo ni bot Greenland redirect",
      "CommentLength": 33,
      "IsNew": true,
      "IsMinor": false,
      "Delta": 32,
      "IsAnonymous": false,
      "User": "Lsjbot",
      "DeltaBucket": 0,
      "Deleted": 0,
      "Namespace": "Main",
      "CityName": null,
      "CountryName": null,
      "RegionIsoCode": null,
      "MetroCode": null,
      "CountryIsoCode": null,
      "RegionName": null
    }
  },
  {
    "SegmentId": "wikipedia_2016-06-27T00:00:00.000Z_2016-06-28T00:00:00.000Z_2024-03-06T22:10:26.236Z",
    "Value": {
      "Timestamp": "2016-06-27T00:58:19.695+00:00",
      "IsRobot": true,
      "Channel": "#ceb.wikipedia",
      "Flags": "NB",
      "IsUnpatrolled": false,
      "Page": "Mågeelv",
      "DiffUri": "https://ceb.wikipedia.org/w/index.php?oldid=9563915&rcid=36195526",
      "Added": 5345,
      "Comment": "Paghimo ni bot Greenland",
      "CommentLength": 24,
      "IsNew": true,
      "IsMinor": false,
      "Delta": 5345,
      "IsAnonymous": false,
      "User": "Lsjbot",
      "DeltaBucket": 5300,
      "Deleted": 0,
      "Namespace": "Main",
      "CityName": null,
      "CountryName": null,
      "RegionIsoCode": null,
      "MetroCode": null,
      "CountryIsoCode": null,
      "RegionName": null
    }
  },
  {
    "SegmentId": "wikipedia_2016-06-27T00:00:00.000Z_2016-06-28T00:00:00.000Z_2024-03-06T22:10:26.236Z",
    "Value": {
      "Timestamp": "2016-06-27T00:58:38.777+00:00",
      "IsRobot": true,
      "Channel": "#ceb.wikipedia",
      "Flags": "NB",
      "IsUnpatrolled": false,
      "Page": "Malkevejen",
      "DiffUri": "https://ceb.wikipedia.org/w/index.php?oldid=9563919&rcid=36195542",
      "Added": 25,
      "Comment": "Paghimo ni bot Greenland redirect",
      "CommentLength": 33,
      "IsNew": true,
      "IsMinor": false,
      "Delta": 25,
      "IsAnonymous": false,
      "User": "Lsjbot",
      "DeltaBucket": 0,
      "Deleted": 0,
      "Namespace": "Main",
      "CityName": null,
      "CountryName": null,
      "RegionIsoCode": null,
      "MetroCode": null,
      "CountryIsoCode": null,
      "RegionName": null
    }
  },
  {
    "SegmentId": "wikipedia_2016-06-27T00:00:00.000Z_2016-06-28T00:00:00.000Z_2024-03-06T22:10:26.236Z",
    "Value": {
      "Timestamp": "2016-06-27T00:59:28.817+00:00",
      "IsRobot": true,
      "Channel": "#ceb.wikipedia",
      "Flags": "NB",
      "IsUnpatrolled": false,
      "Page": "Majorssuit",
      "DiffUri": "https://ceb.wikipedia.org/w/index.php?oldid=9563929&rcid=36195580",
      "Added": 24,
      "Comment": "Paghimo ni bot Greenland redirect",
      "CommentLength": 33,
      "IsNew": true,
      "IsMinor": false,
      "Delta": 24,
      "IsAnonymous": false,
      "User": "Lsjbot",
      "DeltaBucket": 0,
      "Deleted": 0,
      "Namespace": "Main",
      "CityName": null,
      "CountryName": null,
      "RegionIsoCode": null,
      "MetroCode": null,
      "CountryIsoCode": null,
      "RegionName": null
    }
  },
  {
    "SegmentId": "wikipedia_2016-06-27T00:00:00.000Z_2016-06-28T00:00:00.000Z_2024-03-06T22:10:26.236Z",
    "Value": {
      "Timestamp": "2016-06-27T01:00:03.916+00:00",
      "IsRobot": true,
      "Channel": "#ceb.wikipedia",
      "Flags": "NB",
      "IsUnpatrolled": false,
      "Page": "Lyngksbraeen",
      "DiffUri": "https://ceb.wikipedia.org/w/index.php?oldid=9563936&rcid=36195605",
      "Added": 28,
      "Comment": "Paghimo ni bot Greenland redirect",
      "CommentLength": 33,
      "IsNew": true,
      "IsMinor": false,
      "Delta": 28,
      "IsAnonymous": false,
      "User": "Lsjbot",
      "DeltaBucket": 0,
      "Deleted": 0,
      "Namespace": "Main",
      "CityName": null,
      "CountryName": null,
      "RegionIsoCode": null,
      "MetroCode": null,
      "CountryIsoCode": null,
      "RegionName": null
    }
  },
  {
    "SegmentId": "wikipedia_2016-06-27T00:00:00.000Z_2016-06-28T00:00:00.000Z_2024-03-06T22:10:26.236Z",
    "Value": {
      "Timestamp": "2016-06-27T01:00:48.818+00:00",
      "IsRobot": true,
      "Channel": "#ceb.wikipedia",
      "Flags": "NB",
      "IsUnpatrolled": false,
      "Page": "Lynas",
      "DiffUri": "https://ceb.wikipedia.org/w/index.php?oldid=9563945&rcid=36195626",
      "Added": 20,
      "Comment": "Paghimo ni bot Greenland redirect",
      "CommentLength": 33,
      "IsNew": true,
      "IsMinor": false,
      "Delta": 20,
      "IsAnonymous": false,
      "User": "Lsjbot",
      "DeltaBucket": 0,
      "Deleted": 0,
      "Namespace": "Main",
      "CityName": null,
      "CountryName": null,
      "RegionIsoCode": null,
      "MetroCode": null,
      "CountryIsoCode": null,
      "RegionName": null
    }
  },
  {
    "SegmentId": "wikipedia_2016-06-27T00:00:00.000Z_2016-06-28T00:00:00.000Z_2024-03-06T22:10:26.236Z",
    "Value": {
      "Timestamp": "2016-06-27T01:02:04.4+00:00",
      "IsRobot": true,
      "Channel": "#ceb.wikipedia",
      "Flags": "NB",
      "IsUnpatrolled": false,
      "Page": "Low Pynt",
      "DiffUri": "https://ceb.wikipedia.org/w/index.php?oldid=9563959&rcid=36195681",
      "Added": 4443,
      "Comment": "Paghimo ni bot Greenland",
      "CommentLength": 24,
      "IsNew": true,
      "IsMinor": false,
      "Delta": 4443,
      "IsAnonymous": false,
      "User": "Lsjbot",
      "DeltaBucket": 4400,
      "Deleted": 0,
      "Namespace": "Main",
      "CityName": null,
      "CountryName": null,
      "RegionIsoCode": null,
      "MetroCode": null,
      "CountryIsoCode": null,
      "RegionName": null
    }
  },
  {
    "SegmentId": "wikipedia_2016-06-27T00:00:00.000Z_2016-06-28T00:00:00.000Z_2024-03-06T22:10:26.236Z",
    "Value": {
      "Timestamp": "2016-06-27T01:02:14.867+00:00",
      "IsRobot": true,
      "Channel": "#sv.wikipedia",
      "Flags": "NB",
      "IsUnpatrolled": false,
      "Page": "Teluk Tiru",
      "DiffUri": "https://sv.wikipedia.org/w/index.php?oldid=36099798&rcid=89483149",
      "Added": 3313,
      "Comment": "Botskapande Indonesien",
      "CommentLength": 22,
      "IsNew": true,
      "IsMinor": false,
      "Delta": 3313,
      "IsAnonymous": false,
      "User": "Lsjbot",
      "DeltaBucket": 3300,
      "Deleted": 0,
      "Namespace": "Main",
      "CityName": null,
      "CountryName": null,
      "RegionIsoCode": null,
      "MetroCode": null,
      "CountryIsoCode": null,
      "RegionName": null
    }
  },
  {
    "SegmentId": "wikipedia_2016-06-27T00:00:00.000Z_2016-06-28T00:00:00.000Z_2024-03-06T22:10:26.236Z",
    "Value": {
      "Timestamp": "2016-06-27T01:03:55.08+00:00",
      "IsRobot": true,
      "Channel": "#sv.wikipedia",
      "Flags": "NB",
      "IsUnpatrolled": false,
      "Page": "Air Tirfoan",
      "DiffUri": "https://sv.wikipedia.org/w/index.php?oldid=36099818&rcid=89483225",
      "Added": 5671,
      "Comment": "Botskapande Indonesien",
      "CommentLength": 22,
      "IsNew": true,
      "IsMinor": false,
      "Delta": 5671,
      "IsAnonymous": false,
      "User": "Lsjbot",
      "DeltaBucket": 5600,
      "Deleted": 0,
      "Namespace": "Main",
      "CityName": null,
      "CountryName": null,
      "RegionIsoCode": null,
      "MetroCode": null,
      "CountryIsoCode": null,
      "RegionName": null
    }
  },
  {
    "SegmentId": "wikipedia_2016-06-27T00:00:00.000Z_2016-06-28T00:00:00.000Z_2024-03-06T22:10:26.236Z",
    "Value": {
      "Timestamp": "2016-06-27T01:04:24.803+00:00",
      "IsRobot": true,
      "Channel": "#sv.wikipedia",
      "Flags": "NB",
      "IsUnpatrolled": false,
      "Page": "Pulau Tirangcawang",
      "DiffUri": "https://sv.wikipedia.org/w/index.php?oldid=36099824&rcid=89483277",
      "Added": 5131,
      "Comment": "Botskapande Indonesien",
      "CommentLength": 22,
      "IsNew": true,
      "IsMinor": false,
      "Delta": 5131,
      "IsAnonymous": false,
      "User": "Lsjbot",
      "DeltaBucket": 5100,
      "Deleted": 0,
      "Namespace": "Main",
      "CityName": null,
      "CountryName": null,
      "RegionIsoCode": null,
      "MetroCode": null,
      "CountryIsoCode": null,
      "RegionName": null
    }
  },
  {
    "SegmentId": "wikipedia_2016-06-27T00:00:00.000Z_2016-06-28T00:00:00.000Z_2024-03-06T22:10:26.236Z",
    "Value": {
      "Timestamp": "2016-06-27T01:05:04.354+00:00",
      "IsRobot": true,
      "Channel": "#sv.wikipedia",
      "Flags": "NB",
      "IsUnpatrolled": false,
      "Page": "Tipinjoeng Island",
      "DiffUri": "https://sv.wikipedia.org/w/index.php?oldid=36099833&rcid=89483358",
      "Added": 33,
      "Comment": "Botskapande Indonesien omdirigering",
      "CommentLength": 35,
      "IsNew": true,
      "IsMinor": false,
      "Delta": 33,
      "IsAnonymous": false,
      "User": "Lsjbot",
      "DeltaBucket": 0,
      "Deleted": 0,
      "Namespace": "Main",
      "CityName": null,
      "CountryName": null,
      "RegionIsoCode": null,
      "MetroCode": null,
      "CountryIsoCode": null,
      "RegionName": null
    }
  },
  {
    "SegmentId": "wikipedia_2016-06-27T00:00:00.000Z_2016-06-28T00:00:00.000Z_2024-03-06T22:10:26.236Z",
    "Value": {
      "Timestamp": "2016-06-27T01:06:35.769+00:00",
      "IsRobot": true,
      "Channel": "#ceb.wikipedia",
      "Flags": "NB",
      "IsUnpatrolled": false,
      "Page": "Ligkistefjeld",
      "DiffUri": "https://ceb.wikipedia.org/w/index.php?oldid=9564013&rcid=36196036",
      "Added": 6451,
      "Comment": "Paghimo ni bot Greenland",
      "CommentLength": 24,
      "IsNew": true,
      "IsMinor": false,
      "Delta": 6451,
      "IsAnonymous": false,
      "User": "Lsjbot",
      "DeltaBucket": 6400,
      "Deleted": 0,
      "Namespace": "Main",
      "CityName": null,
      "CountryName": null,
      "RegionIsoCode": null,
      "MetroCode": null,
      "CountryIsoCode": null,
      "RegionName": null
    }
  },
  {
    "SegmentId": "wikipedia_2016-06-27T00:00:00.000Z_2016-06-28T00:00:00.000Z_2024-03-06T22:10:26.236Z",
    "Value": {
      "Timestamp": "2016-06-27T01:07:24.506+00:00",
      "IsRobot": true,
      "Channel": "#ceb.wikipedia",
      "Flags": "NB",
      "IsUnpatrolled": false,
      "Page": "Kap Leslie",
      "DiffUri": "https://ceb.wikipedia.org/w/index.php?oldid=9564023&rcid=36196160",
      "Added": 4343,
      "Comment": "Paghimo ni bot Greenland",
      "CommentLength": 24,
      "IsNew": true,
      "IsMinor": false,
      "Delta": 4343,
      "IsAnonymous": false,
      "User": "Lsjbot",
      "DeltaBucket": 4300,
      "Deleted": 0,
      "Namespace": "Main",
      "CityName": null,
      "CountryName": null,
      "RegionIsoCode": null,
      "MetroCode": null,
      "CountryIsoCode": null,
      "RegionName": null
    }
  },
  {
    "SegmentId": "wikipedia_2016-06-27T00:00:00.000Z_2016-06-28T00:00:00.000Z_2024-03-06T22:10:26.236Z",
    "Value": {
      "Timestamp": "2016-06-27T01:08:04.379+00:00",
      "IsRobot": true,
      "Channel": "#sv.wikipedia",
      "Flags": "NB",
      "IsUnpatrolled": false,
      "Page": "Selat Tinopo",
      "DiffUri": "https://sv.wikipedia.org/w/index.php?oldid=36099872&rcid=89483695",
      "Added": 30,
      "Comment": "Botskapande Indonesien omdirigering",
      "CommentLength": 35,
      "IsNew": true,
      "IsMinor": false,
      "Delta": 30,
      "IsAnonymous": false,
      "User": "Lsjbot",
      "DeltaBucket": 0,
      "Deleted": 0,
      "Namespace": "Main",
      "CityName": null,
      "CountryName": null,
      "RegionIsoCode": null,
      "MetroCode": null,
      "CountryIsoCode": null,
      "RegionName": null
    }
  },
  {
    "SegmentId": "wikipedia_2016-06-27T00:00:00.000Z_2016-06-28T00:00:00.000Z_2024-03-06T22:10:26.236Z",
    "Value": {
      "Timestamp": "2016-06-27T01:08:49.323+00:00",
      "IsRobot": true,
      "Channel": "#sv.wikipedia",
      "Flags": "NB",
      "IsUnpatrolled": false,
      "Page": "Trouwere-eiland",
      "DiffUri": "https://sv.wikipedia.org/w/index.php?oldid=36099882&rcid=89483761",
      "Added": 30,
      "Comment": "Botskapande Indonesien omdirigering",
      "CommentLength": 35,
      "IsNew": true,
      "IsMinor": false,
      "Delta": 30,
      "IsAnonymous": false,
      "User": "Lsjbot",
      "DeltaBucket": 0,
      "Deleted": 0,
      "Namespace": "Main",
      "CityName": null,
      "CountryName": null,
      "RegionIsoCode": null,
      "MetroCode": null,
      "CountryIsoCode": null,
      "RegionName": null
    }
  }
]
