[
  {
    "SegmentId": "wikipedia_2016-06-27T00:00:00.000Z_2016-06-28T00:00:00.000Z_2024-02-17T12:37:41.909Z",
    "Value": {
      "First": {
        "Timestamp": "2016-06-27T00:00:11.08+00:00",
        "IsRobot": true,
        "Channel": "#sv.wikipedia",
        "Flags": "NB",
        "IsUnpatrolled": false,
        "Page": "Salo Toraut",
        "DiffUri": "https://sv.wikipedia.org/w/index.php?oldid=36099284&rcid=89369918",
        "Added": 31,
        "Comment": "Botskapande Indonesien omdirigering",
        "CommentLength": 35,
        "IsNew": true,
        "IsMinor": false,
        "Delta": 31,
        "IsAnonymous": false,
        "User": "Lsjbot",
        "DeltaBucket": 0,
        "Deleted": 0,
        "Namespace": "Main",
        "CityName": null,
        "CountryName": null,
        "RegionIsoCode": null,
        "MetroCode": null,
        "CountryIsoCode": null,
        "RegionName": null
      },
      "Second": {
        "Timestamp": "2016-06-27T00:00:11.08+00:00",
        "IsRobot": true,
        "Channel": "#sv.wikipedia",
        "Flags": "NB",
        "IsUnpatrolled": false,
        "Page": "Salo Toraut",
        "DiffUri": "https://sv.wikipedia.org/w/index.php?oldid=36099284&rcid=89369918",
        "Added": 31,
        "Comment": "Botskapande Indonesien omdirigering",
        "CommentLength": 35,
        "IsNew": true,
        "IsMinor": false,
        "Delta": 31,
        "IsAnonymous": false,
        "User": "Lsjbot",
        "DeltaBucket": 0,
        "Deleted": 0,
        "Namespace": "Main",
        "CityName": null,
        "CountryName": null,
        "RegionIsoCode": null,
        "MetroCode": null,
        "CountryIsoCode": null,
        "RegionName": null
      }
    }
  },
  {
    "SegmentId": "wikipedia_2016-06-27T00:00:00.000Z_2016-06-28T00:00:00.000Z_2024-02-17T12:37:41.909Z",
    "Value": {
      "First": {
        "Timestamp": "2016-06-27T00:00:17.457+00:00",
        "IsRobot": false,
        "Channel": "#ja.wikipedia",
        "Flags": "",
        "IsUnpatrolled": false,
        "Page": "利用者:ワーナー成増/放送ウーマン賞",
        "DiffUri": "https://ja.wikipedia.org/w/index.php?diff=60239890&oldid=60239620",
        "Added": 125,
        "Comment": "70年代",
        "CommentLength": 4,
        "IsNew": false,
        "IsMinor": false,
        "Delta": 125,
        "IsAnonymous": false,
        "User": "ワーナー成増",
        "DeltaBucket": 100,
        "Deleted": 0,
        "Namespace": "利用者",
        "CityName": null,
        "CountryName": null,
        "RegionIsoCode": null,
        "MetroCode": null,
        "CountryIsoCode": null,
        "RegionName": null
      },
      "Second": {
        "Timestamp": "2016-06-27T00:00:17.457+00:00",
        "IsRobot": false,
        "Channel": "#ja.wikipedia",
        "Flags": "",
        "IsUnpatrolled": false,
        "Page": "利用者:ワーナー成増/放送ウーマン賞",
        "DiffUri": "https://ja.wikipedia.org/w/index.php?diff=60239890&oldid=60239620",
        "Added": 125,
        "Comment": "70年代",
        "CommentLength": 4,
        "IsNew": false,
        "IsMinor": false,
        "Delta": 125,
        "IsAnonymous": false,
        "User": "ワーナー成増",
        "DeltaBucket": 100,
        "Deleted": 0,
        "Namespace": "利用者",
        "CityName": null,
        "CountryName": null,
        "RegionIsoCode": null,
        "MetroCode": null,
        "CountryIsoCode": null,
        "RegionName": null
      }
    }
  },
  {
    "SegmentId": "wikipedia_2016-06-27T00:00:00.000Z_2016-06-28T00:00:00.000Z_2024-02-17T12:37:41.909Z",
    "Value": {
      "First": {
        "Timestamp": "2016-06-27T00:00:34.959+00:00",
        "IsRobot": false,
        "Channel": "#en.wikipedia",
        "Flags": "",
        "IsUnpatrolled": false,
        "Page": "Bailando 2015",
        "DiffUri": "https://en.wikipedia.org/w/index.php?diff=727144213&oldid=727144184",
        "Added": 2,
        "Comment": "/* Scores */",
        "CommentLength": 12,
        "IsNew": false,
        "IsMinor": false,
        "Delta": 2,
        "IsAnonymous": true,
        "User": "181.230.118.178",
        "DeltaBucket": 0,
        "Deleted": 0,
        "Namespace": "Main",
        "CityName": "Buenos Aires",
        "CountryName": "Argentina",
        "RegionIsoCode": "C",
        "MetroCode": null,
        "CountryIsoCode": "AR",
        "RegionName": "Buenos Aires F.D."
      },
      "Second": {
        "Timestamp": "2016-06-27T00:00:34.959+00:00",
        "IsRobot": false,
        "Channel": "#en.wikipedia",
        "Flags": "",
        "IsUnpatrolled": false,
        "Page": "Bailando 2015",
        "DiffUri": "https://en.wikipedia.org/w/index.php?diff=727144213&oldid=727144184",
        "Added": 2,
        "Comment": "/* Scores */",
        "CommentLength": 12,
        "IsNew": false,
        "IsMinor": false,
        "Delta": 2,
        "IsAnonymous": true,
        "User": "181.230.118.178",
        "DeltaBucket": 0,
        "Deleted": 0,
        "Namespace": "Main",
        "CityName": "Buenos Aires",
        "CountryName": "Argentina",
        "RegionIsoCode": "C",
        "MetroCode": null,
        "CountryIsoCode": "AR",
        "RegionName": "Buenos Aires F.D."
      }
    }
  },
  {
    "SegmentId": "wikipedia_2016-06-27T00:00:00.000Z_2016-06-28T00:00:00.000Z_2024-02-17T12:37:41.909Z",
    "Value": {
      "First": {
        "Timestamp": "2016-06-27T00:00:36.027+00:00",
        "IsRobot": false,
        "Channel": "#en.wikipedia",
        "Flags": "M",
        "IsUnpatrolled": false,
        "Page": "Richie Rich's Christmas Wish",
        "DiffUri": "https://en.wikipedia.org/w/index.php?diff=727144214&oldid=716794477",
        "Added": 0,
        "Comment": "standard term is [[title character]]",
        "CommentLength": 36,
        "IsNew": false,
        "IsMinor": true,
        "Delta": -2,
        "IsAnonymous": false,
        "User": "JasonAQuest",
        "DeltaBucket": -100,
        "Deleted": 2,
        "Namespace": "Main",
        "CityName": null,
        "CountryName": null,
        "RegionIsoCode": null,
        "MetroCode": null,
        "CountryIsoCode": null,
        "RegionName": null
      },
      "Second": {
        "Timestamp": "2016-06-27T00:00:36.027+00:00",
        "IsRobot": false,
        "Channel": "#en.wikipedia",
        "Flags": "M",
        "IsUnpatrolled": false,
        "Page": "Richie Rich's Christmas Wish",
        "DiffUri": "https://en.wikipedia.org/w/index.php?diff=727144214&oldid=716794477",
        "Added": 0,
        "Comment": "standard term is [[title character]]",
        "CommentLength": 36,
        "IsNew": false,
        "IsMinor": true,
        "Delta": -2,
        "IsAnonymous": false,
        "User": "JasonAQuest",
        "DeltaBucket": -100,
        "Deleted": 2,
        "Namespace": "Main",
        "CityName": null,
        "CountryName": null,
        "RegionIsoCode": null,
        "MetroCode": null,
        "CountryIsoCode": null,
        "RegionName": null
      }
    }
  },
  {
    "SegmentId": "wikipedia_2016-06-27T00:00:00.000Z_2016-06-28T00:00:00.000Z_2024-02-17T12:37:41.909Z",
    "Value": {
      "First": {
        "Timestamp": "2016-06-27T00:00:46.874+00:00",
        "IsRobot": true,
        "Channel": "#sh.wikipedia",
        "Flags": "MB",
        "IsUnpatrolled": false,
        "Page": "El Olivo, Ascensión",
        "DiffUri": "https://sh.wikipedia.org/w/index.php?diff=29388551&oldid=29282558&rcid=34712908",
        "Added": 0,
        "Comment": "Bot: Automatska zamjena teksta  (-[[Administrativna podjela Meksika|Admin]] +[[Administrativna podjela Meksika|Admi]])",
        "CommentLength": 118,
        "IsNew": false,
        "IsMinor": true,
        "Delta": -1,
        "IsAnonymous": false,
        "User": "Kolega2357",
        "DeltaBucket": -100,
        "Deleted": 1,
        "Namespace": "Main",
        "CityName": null,
        "CountryName": null,
        "RegionIsoCode": null,
        "MetroCode": null,
        "CountryIsoCode": null,
        "RegionName": null
      },
      "Second": {
        "Timestamp": "2016-06-27T00:00:46.874+00:00",
        "IsRobot": true,
        "Channel": "#sh.wikipedia",
        "Flags": "MB",
        "IsUnpatrolled": false,
        "Page": "El Olivo, Ascensión",
        "DiffUri": "https://sh.wikipedia.org/w/index.php?diff=29388551&oldid=29282558&rcid=34712908",
        "Added": 0,
        "Comment": "Bot: Automatska zamjena teksta  (-[[Administrativna podjela Meksika|Admin]] +[[Administrativna podjela Meksika|Admi]])",
        "CommentLength": 118,
        "IsNew": false,
        "IsMinor": true,
        "Delta": -1,
        "IsAnonymous": false,
        "User": "Kolega2357",
        "DeltaBucket": -100,
        "Deleted": 1,
        "Namespace": "Main",
        "CityName": null,
        "CountryName": null,
        "RegionIsoCode": null,
        "MetroCode": null,
        "CountryIsoCode": null,
        "RegionName": null
      }
    }
  },
  {
    "SegmentId": "wikipedia_2016-06-27T00:00:00.000Z_2016-06-28T00:00:00.000Z_2024-02-17T12:37:41.909Z",
    "Value": {
      "First": {
        "Timestamp": "2016-06-27T00:00:56.913+00:00",
        "IsRobot": false,
        "Channel": "#en.wikipedia",
        "Flags": "M",
        "IsUnpatrolled": false,
        "Page": "Blowback (intelligence)",
        "DiffUri": "https://en.wikipedia.org/w/index.php?diff=727144242&oldid=726157098",
        "Added": 76,
        "Comment": "linking to other wikipedia pages",
        "CommentLength": 32,
        "IsNew": false,
        "IsMinor": true,
        "Delta": 76,
        "IsAnonymous": false,
        "User": "Brokenshardz",
        "DeltaBucket": 0,
        "Deleted": 0,
        "Namespace": "Main",
        "CityName": null,
        "CountryName": null,
        "RegionIsoCode": null,
        "MetroCode": null,
        "CountryIsoCode": null,
        "RegionName": null
      },
      "Second": {
        "Timestamp": "2016-06-27T00:00:56.913+00:00",
        "IsRobot": false,
        "Channel": "#en.wikipedia",
        "Flags": "M",
        "IsUnpatrolled": false,
        "Page": "Blowback (intelligence)",
        "DiffUri": "https://en.wikipedia.org/w/index.php?diff=727144242&oldid=726157098",
        "Added": 76,
        "Comment": "linking to other wikipedia pages",
        "CommentLength": 32,
        "IsNew": false,
        "IsMinor": true,
        "Delta": 76,
        "IsAnonymous": false,
        "User": "Brokenshardz",
        "DeltaBucket": 0,
        "Deleted": 0,
        "Namespace": "Main",
        "CityName": null,
        "CountryName": null,
        "RegionIsoCode": null,
        "MetroCode": null,
        "CountryIsoCode": null,
        "RegionName": null
      }
    }
  },
  {
    "SegmentId": "wikipedia_2016-06-27T00:00:00.000Z_2016-06-28T00:00:00.000Z_2024-02-17T12:37:41.909Z",
    "Value": {
      "First": {
        "Timestamp": "2016-06-27T00:00:58.599+00:00",
        "IsRobot": true,
        "Channel": "#pl.wikipedia",
        "Flags": "NB",
        "IsUnpatrolled": false,
        "Page": "Kategoria:Dyskusje nad usunięciem artykułu zakończone bez konsensusu − lipiec 2016",
        "DiffUri": "https://pl.wikipedia.org/w/index.php?oldid=46204477&rcid=68522573",
        "Added": 270,
        "Comment": "utworzenie kategorii",
        "CommentLength": 20,
        "IsNew": true,
        "IsMinor": false,
        "Delta": 270,
        "IsAnonymous": false,
        "User": "Beau.bot",
        "DeltaBucket": 200,
        "Deleted": 0,
        "Namespace": "Kategoria",
        "CityName": null,
        "CountryName": null,
        "RegionIsoCode": null,
        "MetroCode": null,
        "CountryIsoCode": null,
        "RegionName": null
      },
      "Second": {
        "Timestamp": "2016-06-27T00:00:58.599+00:00",
        "IsRobot": true,
        "Channel": "#pl.wikipedia",
        "Flags": "NB",
        "IsUnpatrolled": false,
        "Page": "Kategoria:Dyskusje nad usunięciem artykułu zakończone bez konsensusu − lipiec 2016",
        "DiffUri": "https://pl.wikipedia.org/w/index.php?oldid=46204477&rcid=68522573",
        "Added": 270,
        "Comment": "utworzenie kategorii",
        "CommentLength": 20,
        "IsNew": true,
        "IsMinor": false,
        "Delta": 270,
        "IsAnonymous": false,
        "User": "Beau.bot",
        "DeltaBucket": 200,
        "Deleted": 0,
        "Namespace": "Kategoria",
        "CityName": null,
        "CountryName": null,
        "RegionIsoCode": null,
        "MetroCode": null,
        "CountryIsoCode": null,
        "RegionName": null
      }
    }
  },
  {
    "SegmentId": "wikipedia_2016-06-27T00:00:00.000Z_2016-06-28T00:00:00.000Z_2024-02-17T12:37:41.909Z",
    "Value": {
      "First": {
        "Timestamp": "2016-06-27T00:01:01.364+00:00",
        "IsRobot": true,
        "Channel": "#sh.wikipedia",
        "Flags": "MB",
        "IsUnpatrolled": false,
        "Page": "El Paraíso, Bachíniva",
        "DiffUri": "https://sh.wikipedia.org/w/index.php?diff=29388564&oldid=29282570&rcid=34712921",
        "Added": 0,
        "Comment": "Bot: Automatska zamjena teksta  (-[[Administrativna podjela Meksika|Admin]] +[[Administrativna podjela Meksika|Admi]])",
        "CommentLength": 118,
        "IsNew": false,
        "IsMinor": true,
        "Delta": -1,
        "IsAnonymous": false,
        "User": "Kolega2357",
        "DeltaBucket": -100,
        "Deleted": 1,
        "Namespace": "Main",
        "CityName": null,
        "CountryName": null,
        "RegionIsoCode": null,
        "MetroCode": null,
        "CountryIsoCode": null,
        "RegionName": null
      },
      "Second": {
        "Timestamp": "2016-06-27T00:01:01.364+00:00",
        "IsRobot": true,
        "Channel": "#sh.wikipedia",
        "Flags": "MB",
        "IsUnpatrolled": false,
        "Page": "El Paraíso, Bachíniva",
        "DiffUri": "https://sh.wikipedia.org/w/index.php?diff=29388564&oldid=29282570&rcid=34712921",
        "Added": 0,
        "Comment": "Bot: Automatska zamjena teksta  (-[[Administrativna podjela Meksika|Admin]] +[[Administrativna podjela Meksika|Admi]])",
        "CommentLength": 118,
        "IsNew": false,
        "IsMinor": true,
        "Delta": -1,
        "IsAnonymous": false,
        "User": "Kolega2357",
        "DeltaBucket": -100,
        "Deleted": 1,
        "Namespace": "Main",
        "CityName": null,
        "CountryName": null,
        "RegionIsoCode": null,
        "MetroCode": null,
        "CountryIsoCode": null,
        "RegionName": null
      }
    }
  },
  {
    "SegmentId": "wikipedia_2016-06-27T00:00:00.000Z_2016-06-28T00:00:00.000Z_2024-02-17T12:37:41.909Z",
    "Value": {
      "First": {
        "Timestamp": "2016-06-27T00:01:03.685+00:00",
        "IsRobot": true,
        "Channel": "#sh.wikipedia",
        "Flags": "MB",
        "IsUnpatrolled": false,
        "Page": "El Terco, Bachíniva",
        "DiffUri": "https://sh.wikipedia.org/w/index.php?diff=29388566&oldid=29282572&rcid=34712923",
        "Added": 0,
        "Comment": "Bot: Automatska zamjena teksta  (-[[Administrativna podjela Meksika|Admin]] +[[Administrativna podjela Meksika|Admi]])",
        "CommentLength": 118,
        "IsNew": false,
        "IsMinor": true,
        "Delta": -1,
        "IsAnonymous": false,
        "User": "Kolega2357",
        "DeltaBucket": -100,
        "Deleted": 1,
        "Namespace": "Main",
        "CityName": null,
        "CountryName": null,
        "RegionIsoCode": null,
        "MetroCode": null,
        "CountryIsoCode": null,
        "RegionName": null
      },
      "Second": {
        "Timestamp": "2016-06-27T00:01:03.685+00:00",
        "IsRobot": true,
        "Channel": "#sh.wikipedia",
        "Flags": "MB",
        "IsUnpatrolled": false,
        "Page": "El Terco, Bachíniva",
        "DiffUri": "https://sh.wikipedia.org/w/index.php?diff=29388566&oldid=29282572&rcid=34712923",
        "Added": 0,
        "Comment": "Bot: Automatska zamjena teksta  (-[[Administrativna podjela Meksika|Admin]] +[[Administrativna podjela Meksika|Admi]])",
        "CommentLength": 118,
        "IsNew": false,
        "IsMinor": true,
        "Delta": -1,
        "IsAnonymous": false,
        "User": "Kolega2357",
        "DeltaBucket": -100,
        "Deleted": 1,
        "Namespace": "Main",
        "CityName": null,
        "CountryName": null,
        "RegionIsoCode": null,
        "MetroCode": null,
        "CountryIsoCode": null,
        "RegionName": null
      }
    }
  },
  {
    "SegmentId": "wikipedia_2016-06-27T00:00:00.000Z_2016-06-28T00:00:00.000Z_2024-02-17T12:37:41.909Z",
    "Value": {
      "First": {
        "Timestamp": "2016-06-27T00:01:07.347+00:00",
        "IsRobot": true,
        "Channel": "#ceb.wikipedia",
        "Flags": "NB",
        "IsUnpatrolled": false,
        "Page": "Neqerssuaq",
        "DiffUri": "https://ceb.wikipedia.org/w/index.php?oldid=9563239&rcid=36193146",
        "Added": 4150,
        "Comment": "Paghimo ni bot Greenland",
        "CommentLength": 24,
        "IsNew": true,
        "IsMinor": false,
        "Delta": 4150,
        "IsAnonymous": false,
        "User": "Lsjbot",
        "DeltaBucket": 4100,
        "Deleted": 0,
        "Namespace": "Main",
        "CityName": null,
        "CountryName": null,
        "RegionIsoCode": null,
        "MetroCode": null,
        "CountryIsoCode": null,
        "RegionName": null
      },
      "Second": {
        "Timestamp": "2016-06-27T00:01:07.347+00:00",
        "IsRobot": true,
        "Channel": "#ceb.wikipedia",
        "Flags": "NB",
        "IsUnpatrolled": false,
        "Page": "Neqerssuaq",
        "DiffUri": "https://ceb.wikipedia.org/w/index.php?oldid=9563239&rcid=36193146",
        "Added": 4150,
        "Comment": "Paghimo ni bot Greenland",
        "CommentLength": 24,
        "IsNew": true,
        "IsMinor": false,
        "Delta": 4150,
        "IsAnonymous": false,
        "User": "Lsjbot",
        "DeltaBucket": 4100,
        "Deleted": 0,
        "Namespace": "Main",
        "CityName": null,
        "CountryName": null,
        "RegionIsoCode": null,
        "MetroCode": null,
        "CountryIsoCode": null,
        "RegionName": null
      }
    }
  }
]
