[
  {
    "Timestamp": "2016-06-27T00:00:00+00:00",
    "Value": {
      "Dimension": "Ace Hardware",
      "Aggregations": 1
    }
  },
  {
    "Timestamp": "2016-06-27T00:00:00+00:00",
    "Value": {
      "Dimension": "BOK Center",
      "Aggregations": 1
    }
  },
  {
    "Timestamp": "2016-06-27T00:00:00+00:00",
    "Value": {
      "Dimension": "Best of Both Worlds Tour",
      "Aggregations": 1
    }
  },
  {
    "Timestamp": "2016-06-27T00:00:00+00:00",
    "Value": {
      "Dimension": "Big Brother 17 (U.S.)",
      "Aggregations": 1
    }
  },
  {
    "Timestamp": "2016-06-27T00:00:00+00:00",
    "Value": {
      "Dimension": "Chef (film)",
      "Aggregations": 1
    }
  },
  {
    "Timestamp": "2016-06-27T00:00:00+00:00",
    "Value": {
      "Dimension": "Colossus (band)",
      "Aggregations": 1
    }
  },
  {
    "Timestamp": "2016-06-27T00:00:00+00:00",
    "Value": {
      "Dimension": "Deaton-Flanigen Productions",
      "Aggregations": 1
    }
  },
  {
    "Timestamp": "2016-06-27T00:00:00+00:00",
    "Value": {
      "Dimension": "Derek Carr (American football)",
      "Aggregations": 1
    }
  },
  {
    "Timestamp": "2016-06-27T00:00:00+00:00",
    "Value": {
      "Dimension": "Ethan Strimling",
      "Aggregations": 1
    }
  },
  {
    "Timestamp": "2016-06-27T00:00:00+00:00",
    "Value": {
      "Dimension": "Independence Day: Resurgence",
      "Aggregations": 1
    }
  },
  {
    "Timestamp": "2016-06-27T01:00:00+00:00",
    "Value": {
      "Dimension": "Crossroads (1976 film)",
      "Aggregations": 2
    }
  },
  {
    "Timestamp": "2016-06-27T01:00:00+00:00",
    "Value": {
      "Dimension": "White Settlement, Texas",
      "Aggregations": 2
    }
  },
  {
    "Timestamp": "2016-06-27T01:00:00+00:00",
    "Value": {
      "Dimension": "1960 Ford",
      "Aggregations": 1
    }
  },
  {
    "Timestamp": "2016-06-27T01:00:00+00:00",
    "Value": {
      "Dimension": "BET Award for Video of the Year",
      "Aggregations": 1
    }
  },
  {
    "Timestamp": "2016-06-27T01:00:00+00:00",
    "Value": {
      "Dimension": "Empress Elisabeth of Austria",
      "Aggregations": 1
    }
  },
  {
    "Timestamp": "2016-06-27T01:00:00+00:00",
    "Value": {
      "Dimension": "Hailey Baldwin",
      "Aggregations": 1
    }
  },
  {
    "Timestamp": "2016-06-27T01:00:00+00:00",
    "Value": {
      "Dimension": "ISU Judging System",
      "Aggregations": 1
    }
  },
  {
    "Timestamp": "2016-06-27T01:00:00+00:00",
    "Value": {
      "Dimension": "List of Fresh Off the Boat episodes",
      "Aggregations": 1
    }
  },
  {
    "Timestamp": "2016-06-27T01:00:00+00:00",
    "Value": {
      "Dimension": "List of Transformers: Rescue Bots characters",
      "Aggregations": 1
    }
  },
  {
    "Timestamp": "2016-06-27T01:00:00+00:00",
    "Value": {
      "Dimension": "List of awards and nominations received by Drake",
      "Aggregations": 1
    }
  },
  {
    "Timestamp": "2016-06-27T02:00:00+00:00",
    "Value": {
      "Dimension": "1988 NHL Entry Draft",
      "Aggregations": 1
    }
  },
  {
    "Timestamp": "2016-06-27T02:00:00+00:00",
    "Value": {
      "Dimension": "Armored Core: Verdict Day",
      "Aggregations": 1
    }
  },
  {
    "Timestamp": "2016-06-27T02:00:00+00:00",
    "Value": {
      "Dimension": "Assassins creed syndicate",
      "Aggregations": 1
    }
  },
  {
    "Timestamp": "2016-06-27T02:00:00+00:00",
    "Value": {
      "Dimension": "Battle of Bạch Đằng (938)",
      "Aggregations": 1
    }
  },
  {
    "Timestamp": "2016-06-27T02:00:00+00:00",
    "Value": {
      "Dimension": "Battlefield 4",
      "Aggregations": 1
    }
  },
  {
    "Timestamp": "2016-06-27T02:00:00+00:00",
    "Value": {
      "Dimension": "Blank Face LP",
      "Aggregations": 1
    }
  },
  {
    "Timestamp": "2016-06-27T02:00:00+00:00",
    "Value": {
      "Dimension": "Brandi Chastain",
      "Aggregations": 1
    }
  },
  {
    "Timestamp": "2016-06-27T02:00:00+00:00",
    "Value": {
      "Dimension": "Cali",
      "Aggregations": 1
    }
  },
  {
    "Timestamp": "2016-06-27T02:00:00+00:00",
    "Value": {
      "Dimension": "Gujarat",
      "Aggregations": 1
    }
  },
  {
    "Timestamp": "2016-06-27T02:00:00+00:00",
    "Value": {
      "Dimension": "Hatsune Miku: Project DIVA",
      "Aggregations": 1
    }
  },
  {
    "Timestamp": "2016-06-27T03:00:00+00:00",
    "Value": {
      "Dimension": "Guillermo Ochoa",
      "Aggregations": 2
    }
  },
  {
    "Timestamp": "2016-06-27T03:00:00+00:00",
    "Value": {
      "Dimension": "Alum Rock (BART station)",
      "Aggregations": 1
    }
  },
  {
    "Timestamp": "2016-06-27T03:00:00+00:00",
    "Value": {
      "Dimension": "Beeville, Texas",
      "Aggregations": 1
    }
  },
  {
    "Timestamp": "2016-06-27T03:00:00+00:00",
    "Value": {
      "Dimension": "Bert Kreischer",
      "Aggregations": 1
    }
  },
  {
    "Timestamp": "2016-06-27T03:00:00+00:00",
    "Value": {
      "Dimension": "Carnage (comics)",
      "Aggregations": 1
    }
  },
  {
    "Timestamp": "2016-06-27T03:00:00+00:00",
    "Value": {
      "Dimension": "Eduardo Vargas",
      "Aggregations": 1
    }
  },
  {
    "Timestamp": "2016-06-27T03:00:00+00:00",
    "Value": {
      "Dimension": "Equine coat color genetics",
      "Aggregations": 1
    }
  },
  {
    "Timestamp": "2016-06-27T03:00:00+00:00",
    "Value": {
      "Dimension": "File:Countess Remillard Dandini.jpg",
      "Aggregations": 1
    }
  },
  {
    "Timestamp": "2016-06-27T03:00:00+00:00",
    "Value": {
      "Dimension": "Glossary of firefighting equipment",
      "Aggregations": 1
    }
  },
  {
    "Timestamp": "2016-06-27T03:00:00+00:00",
    "Value": {
      "Dimension": "IFP School",
      "Aggregations": 1
    }
  },
  {
    "Timestamp": "2016-06-27T04:00:00+00:00",
    "Value": {
      "Dimension": "American Nazi Party",
      "Aggregations": 2
    }
  },
  {
    "Timestamp": "2016-06-27T04:00:00+00:00",
    "Value": {
      "Dimension": "1964 in comics",
      "Aggregations": 1
    }
  },
  {
    "Timestamp": "2016-06-27T04:00:00+00:00",
    "Value": {
      "Dimension": "1965 in comics",
      "Aggregations": 1
    }
  },
  {
    "Timestamp": "2016-06-27T04:00:00+00:00",
    "Value": {
      "Dimension": "ASAP Nast",
      "Aggregations": 1
    }
  },
  {
    "Timestamp": "2016-06-27T04:00:00+00:00",
    "Value": {
      "Dimension": "Always Strive and Prosper",
      "Aggregations": 1
    }
  },
  {
    "Timestamp": "2016-06-27T04:00:00+00:00",
    "Value": {
      "Dimension": "American Mafia",
      "Aggregations": 1
    }
  },
  {
    "Timestamp": "2016-06-27T04:00:00+00:00",
    "Value": {
      "Dimension": "Bullet Club",
      "Aggregations": 1
    }
  },
  {
    "Timestamp": "2016-06-27T04:00:00+00:00",
    "Value": {
      "Dimension": "College Students for Bernie",
      "Aggregations": 1
    }
  },
  {
    "Timestamp": "2016-06-27T04:00:00+00:00",
    "Value": {
      "Dimension": "David W. Mack",
      "Aggregations": 1
    }
  },
  {
    "Timestamp": "2016-06-27T04:00:00+00:00",
    "Value": {
      "Dimension": "Don Patterson (organist)",
      "Aggregations": 1
    }
  },
  {
    "Timestamp": "2016-06-27T05:00:00+00:00",
    "Value": {
      "Dimension": "1995 NHL Entry Draft",
      "Aggregations": 2
    }
  },
  {
    "Timestamp": "2016-06-27T05:00:00+00:00",
    "Value": {
      "Dimension": "1997 National League Championship Series",
      "Aggregations": 1
    }
  },
  {
    "Timestamp": "2016-06-27T05:00:00+00:00",
    "Value": {
      "Dimension": "American professional soccer players abroad",
      "Aggregations": 1
    }
  },
  {
    "Timestamp": "2016-06-27T05:00:00+00:00",
    "Value": {
      "Dimension": "Carnival Vista",
      "Aggregations": 1
    }
  },
  {
    "Timestamp": "2016-06-27T05:00:00+00:00",
    "Value": {
      "Dimension": "Josh Blue",
      "Aggregations": 1
    }
  },
  {
    "Timestamp": "2016-06-27T05:00:00+00:00",
    "Value": {
      "Dimension": "List of gaming conventions",
      "Aggregations": 1
    }
  },
  {
    "Timestamp": "2016-06-27T05:00:00+00:00",
    "Value": {
      "Dimension": "Seneca Niagara Casino & Hotel",
      "Aggregations": 1
    }
  },
  {
    "Timestamp": "2016-06-27T05:00:00+00:00",
    "Value": {
      "Dimension": "Ultimate Spider-Man (TV series)",
      "Aggregations": 1
    }
  },
  {
    "Timestamp": "2016-06-27T06:00:00+00:00",
    "Value": {
      "Dimension": "Alexander Holtmann",
      "Aggregations": 1
    }
  },
  {
    "Timestamp": "2016-06-27T06:00:00+00:00",
    "Value": {
      "Dimension": "Kal David",
      "Aggregations": 1
    }
  },
  {
    "Timestamp": "2016-06-27T06:00:00+00:00",
    "Value": {
      "Dimension": "List of fast food restaurant chains",
      "Aggregations": 1
    }
  },
  {
    "Timestamp": "2016-06-27T06:00:00+00:00",
    "Value": {
      "Dimension": "Luís de Alpoim",
      "Aggregations": 1
    }
  },
  {
    "Timestamp": "2016-06-27T06:00:00+00:00",
    "Value": {
      "Dimension": "The Big Lebowski",
      "Aggregations": 1
    }
  },
  {
    "Timestamp": "2016-06-27T06:00:00+00:00",
    "Value": {
      "Dimension": "中田考",
      "Aggregations": 1
    }
  },
  {
    "Timestamp": "2016-06-27T07:00:00+00:00",
    "Value": {
      "Dimension": "Atlantic puffin",
      "Aggregations": 1
    }
  },
  {
    "Timestamp": "2016-06-27T07:00:00+00:00",
    "Value": {
      "Dimension": "Category:Jat clans of Punjab",
      "Aggregations": 1
    }
  },
  {
    "Timestamp": "2016-06-27T07:00:00+00:00",
    "Value": {
      "Dimension": "David Copperfield (illusionist)",
      "Aggregations": 1
    }
  },
  {
    "Timestamp": "2016-06-27T07:00:00+00:00",
    "Value": {
      "Dimension": "Major Key (album)",
      "Aggregations": 1
    }
  },
  {
    "Timestamp": "2016-06-27T08:00:00+00:00",
    "Value": {
      "Dimension": "Copa América Centenario",
      "Aggregations": 1
    }
  },
  {
    "Timestamp": "2016-06-27T08:00:00+00:00",
    "Value": {
      "Dimension": "Economy of the Maya civilization",
      "Aggregations": 1
    }
  },
  {
    "Timestamp": "2016-06-27T08:00:00+00:00",
    "Value": {
      "Dimension": "Kunta Kinte",
      "Aggregations": 1
    }
  },
  {
    "Timestamp": "2016-06-27T08:00:00+00:00",
    "Value": {
      "Dimension": "List of buildings with 100 floors or more",
      "Aggregations": 1
    }
  },
  {
    "Timestamp": "2016-06-27T08:00:00+00:00",
    "Value": {
      "Dimension": "ライトノベル",
      "Aggregations": 1
    }
  },
  {
    "Timestamp": "2016-06-27T09:00:00+00:00",
    "Value": {
      "Dimension": "Candle",
      "Aggregations": 1
    }
  },
  {
    "Timestamp": "2016-06-27T09:00:00+00:00",
    "Value": {
      "Dimension": "Category:Tablet computers introduced in 2010",
      "Aggregations": 1
    }
  },
  {
    "Timestamp": "2016-06-27T09:00:00+00:00",
    "Value": {
      "Dimension": "Category:Tablet computers introduced in 2011",
      "Aggregations": 1
    }
  },
  {
    "Timestamp": "2016-06-27T09:00:00+00:00",
    "Value": {
      "Dimension": "Talk:Edmund White",
      "Aggregations": 1
    }
  },
  {
    "Timestamp": "2016-06-27T10:00:00+00:00",
    "Value": {
      "Dimension": "Addie Wagenknecht",
      "Aggregations": 1
    }
  },
  {
    "Timestamp": "2016-06-27T10:00:00+00:00",
    "Value": {
      "Dimension": "Don't Be Afraid of the Dark (2010 film)",
      "Aggregations": 1
    }
  },
  {
    "Timestamp": "2016-06-27T10:00:00+00:00",
    "Value": {
      "Dimension": "Jillian York",
      "Aggregations": 1
    }
  },
  {
    "Timestamp": "2016-06-27T10:00:00+00:00",
    "Value": {
      "Dimension": "Scream (comics)",
      "Aggregations": 1
    }
  },
  {
    "Timestamp": "2016-06-27T10:00:00+00:00",
    "Value": {
      "Dimension": "Shadow of Night",
      "Aggregations": 1
    }
  },
  {
    "Timestamp": "2016-06-27T10:00:00+00:00",
    "Value": {
      "Dimension": "Talk:Omdurman Ahlia High School",
      "Aggregations": 1
    }
  },
  {
    "Timestamp": "2016-06-27T10:00:00+00:00",
    "Value": {
      "Dimension": "Wetherby (film)",
      "Aggregations": 1
    }
  },
  {
    "Timestamp": "2016-06-27T11:00:00+00:00",
    "Value": {
      "Dimension": "2016 Wimbledon Championships – Men's Singles",
      "Aggregations": 2
    }
  },
  {
    "Timestamp": "2016-06-27T11:00:00+00:00",
    "Value": {
      "Dimension": "2016 Wimbledon Championships",
      "Aggregations": 1
    }
  },
  {
    "Timestamp": "2016-06-27T11:00:00+00:00",
    "Value": {
      "Dimension": "Gros Michel banana",
      "Aggregations": 1
    }
  },
  {
    "Timestamp": "2016-06-27T11:00:00+00:00",
    "Value": {
      "Dimension": "Lateralization of brain function",
      "Aggregations": 1
    }
  },
  {
    "Timestamp": "2016-06-27T11:00:00+00:00",
    "Value": {
      "Dimension": "Subramanian Swamy",
      "Aggregations": 1
    }
  },
  {
    "Timestamp": "2016-06-27T12:00:00+00:00",
    "Value": {
      "Dimension": "2016 Wimbledon Championships – Men's Singles",
      "Aggregations": 1
    }
  },
  {
    "Timestamp": "2016-06-27T12:00:00+00:00",
    "Value": {
      "Dimension": "Aravina Anastasia",
      "Aggregations": 1
    }
  },
  {
    "Timestamp": "2016-06-27T12:00:00+00:00",
    "Value": {
      "Dimension": "Bucky Richardson",
      "Aggregations": 1
    }
  },
  {
    "Timestamp": "2016-06-27T12:00:00+00:00",
    "Value": {
      "Dimension": "Draft:Sandbox",
      "Aggregations": 1
    }
  },
  {
    "Timestamp": "2016-06-27T12:00:00+00:00",
    "Value": {
      "Dimension": "Elena Gogoleva",
      "Aggregations": 1
    }
  },
  {
    "Timestamp": "2016-06-27T12:00:00+00:00",
    "Value": {
      "Dimension": "Mr. Mike",
      "Aggregations": 1
    }
  },
  {
    "Timestamp": "2016-06-27T12:00:00+00:00",
    "Value": {
      "Dimension": "Wikipedia:Administrator intervention against vandalism",
      "Aggregations": 1
    }
  },
  {
    "Timestamp": "2016-06-27T13:00:00+00:00",
    "Value": {
      "Dimension": "List of schools in Sudan",
      "Aggregations": 2
    }
  },
  {
    "Timestamp": "2016-06-27T13:00:00+00:00",
    "Value": {
      "Dimension": "True Colors (Zedd and Kesha song)",
      "Aggregations": 2
    }
  },
  {
    "Timestamp": "2016-06-27T13:00:00+00:00",
    "Value": {
      "Dimension": "13 Hours: The Secret Soldiers of Benghazi",
      "Aggregations": 1
    }
  },
  {
    "Timestamp": "2016-06-27T13:00:00+00:00",
    "Value": {
      "Dimension": "Clay County, Alabama",
      "Aggregations": 1
    }
  },
  {
    "Timestamp": "2016-06-27T13:00:00+00:00",
    "Value": {
      "Dimension": "Derek Jacobi",
      "Aggregations": 1
    }
  },
  {
    "Timestamp": "2016-06-27T13:00:00+00:00",
    "Value": {
      "Dimension": "Expansion joint",
      "Aggregations": 1
    }
  },
  {
    "Timestamp": "2016-06-27T13:00:00+00:00",
    "Value": {
      "Dimension": "Fever (Little Willie John song)",
      "Aggregations": 1
    }
  },
  {
    "Timestamp": "2016-06-27T13:00:00+00:00",
    "Value": {
      "Dimension": "Microcontroller",
      "Aggregations": 1
    }
  },
  {
    "Timestamp": "2016-06-27T13:00:00+00:00",
    "Value": {
      "Dimension": "Phone (phonetics)",
      "Aggregations": 1
    }
  },
  {
    "Timestamp": "2016-06-27T13:00:00+00:00",
    "Value": {
      "Dimension": "Race for the White House",
      "Aggregations": 1
    }
  },
  {
    "Timestamp": "2016-06-27T14:00:00+00:00",
    "Value": {
      "Dimension": "2016 Wimbledon Championships – Men's Singles",
      "Aggregations": 3
    }
  },
  {
    "Timestamp": "2016-06-27T14:00:00+00:00",
    "Value": {
      "Dimension": "2016 Wimbledon Championships",
      "Aggregations": 1
    }
  },
  {
    "Timestamp": "2016-06-27T14:00:00+00:00",
    "Value": {
      "Dimension": "Carlos E. Santiago",
      "Aggregations": 1
    }
  },
  {
    "Timestamp": "2016-06-27T14:00:00+00:00",
    "Value": {
      "Dimension": "Dissidia Final Fantasy (2015 video game)",
      "Aggregations": 1
    }
  },
  {
    "Timestamp": "2016-06-27T14:00:00+00:00",
    "Value": {
      "Dimension": "Gus Grissom",
      "Aggregations": 1
    }
  },
  {
    "Timestamp": "2016-06-27T14:00:00+00:00",
    "Value": {
      "Dimension": "Korean Air destinations",
      "Aggregations": 1
    }
  },
  {
    "Timestamp": "2016-06-27T14:00:00+00:00",
    "Value": {
      "Dimension": "List of clowns",
      "Aggregations": 1
    }
  },
  {
    "Timestamp": "2016-06-27T14:00:00+00:00",
    "Value": {
      "Dimension": "Marquis Who's Who",
      "Aggregations": 1
    }
  },
  {
    "Timestamp": "2016-06-27T14:00:00+00:00",
    "Value": {
      "Dimension": "Nongshim",
      "Aggregations": 1
    }
  },
  {
    "Timestamp": "2016-06-27T14:00:00+00:00",
    "Value": {
      "Dimension": "Order of the Star in the East",
      "Aggregations": 1
    }
  },
  {
    "Timestamp": "2016-06-27T15:00:00+00:00",
    "Value": {
      "Dimension": "Puerto Rican cuisine",
      "Aggregations": 2
    }
  },
  {
    "Timestamp": "2016-06-27T15:00:00+00:00",
    "Value": {
      "Dimension": "2016 WTA Finals",
      "Aggregations": 1
    }
  },
  {
    "Timestamp": "2016-06-27T15:00:00+00:00",
    "Value": {
      "Dimension": "2016 Wimbledon Championships – Men's Singles",
      "Aggregations": 1
    }
  },
  {
    "Timestamp": "2016-06-27T15:00:00+00:00",
    "Value": {
      "Dimension": "Alan Scott",
      "Aggregations": 1
    }
  },
  {
    "Timestamp": "2016-06-27T15:00:00+00:00",
    "Value": {
      "Dimension": "BET Awards 2016",
      "Aggregations": 1
    }
  },
  {
    "Timestamp": "2016-06-27T15:00:00+00:00",
    "Value": {
      "Dimension": "Couatl",
      "Aggregations": 1
    }
  },
  {
    "Timestamp": "2016-06-27T15:00:00+00:00",
    "Value": {
      "Dimension": "Doctrine of lapse",
      "Aggregations": 1
    }
  },
  {
    "Timestamp": "2016-06-27T15:00:00+00:00",
    "Value": {
      "Dimension": "Elle and Blair Fowler",
      "Aggregations": 1
    }
  },
  {
    "Timestamp": "2016-06-27T15:00:00+00:00",
    "Value": {
      "Dimension": "Gus Grissom",
      "Aggregations": 1
    }
  },
  {
    "Timestamp": "2016-06-27T15:00:00+00:00",
    "Value": {
      "Dimension": "Infrared spectroscopy",
      "Aggregations": 1
    }
  },
  {
    "Timestamp": "2016-06-27T16:00:00+00:00",
    "Value": {
      "Dimension": "2016 Wimbledon Championships – Men's Singles",
      "Aggregations": 1
    }
  },
  {
    "Timestamp": "2016-06-27T16:00:00+00:00",
    "Value": {
      "Dimension": "Aluminium recycling",
      "Aggregations": 1
    }
  },
  {
    "Timestamp": "2016-06-27T16:00:00+00:00",
    "Value": {
      "Dimension": "Ann Arbor Area Transportation Authority",
      "Aggregations": 1
    }
  },
  {
    "Timestamp": "2016-06-27T16:00:00+00:00",
    "Value": {
      "Dimension": "Discussion:Toulouse Aerospace Express",
      "Aggregations": 1
    }
  },
  {
    "Timestamp": "2016-06-27T16:00:00+00:00",
    "Value": {
      "Dimension": "Draft:Back Addis, Louisiana",
      "Aggregations": 1
    }
  },
  {
    "Timestamp": "2016-06-27T16:00:00+00:00",
    "Value": {
      "Dimension": "Earl L. Vandermeulen High School",
      "Aggregations": 1
    }
  },
  {
    "Timestamp": "2016-06-27T16:00:00+00:00",
    "Value": {
      "Dimension": "Erie Canal",
      "Aggregations": 1
    }
  },
  {
    "Timestamp": "2016-06-27T16:00:00+00:00",
    "Value": {
      "Dimension": "Garrison Keillor",
      "Aggregations": 1
    }
  },
  {
    "Timestamp": "2016-06-27T16:00:00+00:00",
    "Value": {
      "Dimension": "Hannes Grossmann",
      "Aggregations": 1
    }
  },
  {
    "Timestamp": "2016-06-27T16:00:00+00:00",
    "Value": {
      "Dimension": "Hotel Chelsea",
      "Aggregations": 1
    }
  },
  {
    "Timestamp": "2016-06-27T17:00:00+00:00",
    "Value": {
      "Dimension": "List of Caribbean music genres",
      "Aggregations": 3
    }
  },
  {
    "Timestamp": "2016-06-27T17:00:00+00:00",
    "Value": {
      "Dimension": "List of Atlas launches (1960–69)",
      "Aggregations": 2
    }
  },
  {
    "Timestamp": "2016-06-27T17:00:00+00:00",
    "Value": {
      "Dimension": "2016 Wimbledon Championships",
      "Aggregations": 1
    }
  },
  {
    "Timestamp": "2016-06-27T17:00:00+00:00",
    "Value": {
      "Dimension": "2016–17 Chelsea F.C. season",
      "Aggregations": 1
    }
  },
  {
    "Timestamp": "2016-06-27T17:00:00+00:00",
    "Value": {
      "Dimension": "Amador City, California",
      "Aggregations": 1
    }
  },
  {
    "Timestamp": "2016-06-27T17:00:00+00:00",
    "Value": {
      "Dimension": "American Canyon, California",
      "Aggregations": 1
    }
  },
  {
    "Timestamp": "2016-06-27T17:00:00+00:00",
    "Value": {
      "Dimension": "Benicia Unified School District",
      "Aggregations": 1
    }
  },
  {
    "Timestamp": "2016-06-27T17:00:00+00:00",
    "Value": {
      "Dimension": "Caribbean Princess",
      "Aggregations": 1
    }
  },
  {
    "Timestamp": "2016-06-27T17:00:00+00:00",
    "Value": {
      "Dimension": "Enclave and exclave",
      "Aggregations": 1
    }
  },
  {
    "Timestamp": "2016-06-27T17:00:00+00:00",
    "Value": {
      "Dimension": "KC Cassidy",
      "Aggregations": 1
    }
  },
  {
    "Timestamp": "2016-06-27T18:00:00+00:00",
    "Value": {
      "Dimension": "2016 Wimbledon Championships – Men's Singles",
      "Aggregations": 3
    }
  },
  {
    "Timestamp": "2016-06-27T18:00:00+00:00",
    "Value": {
      "Dimension": ".40 S&W",
      "Aggregations": 1
    }
  },
  {
    "Timestamp": "2016-06-27T18:00:00+00:00",
    "Value": {
      "Dimension": "2016 Washington Huskies football team",
      "Aggregations": 1
    }
  },
  {
    "Timestamp": "2016-06-27T18:00:00+00:00",
    "Value": {
      "Dimension": "2016–17 Minnesota Golden Gophers women's basketball team",
      "Aggregations": 1
    }
  },
  {
    "Timestamp": "2016-06-27T18:00:00+00:00",
    "Value": {
      "Dimension": "Azamara Club Cruises",
      "Aggregations": 1
    }
  },
  {
    "Timestamp": "2016-06-27T18:00:00+00:00",
    "Value": {
      "Dimension": "Belvedere, California",
      "Aggregations": 1
    }
  },
  {
    "Timestamp": "2016-06-27T18:00:00+00:00",
    "Value": {
      "Dimension": "Beverly Hills, 90210 (franchise)",
      "Aggregations": 1
    }
  },
  {
    "Timestamp": "2016-06-27T18:00:00+00:00",
    "Value": {
      "Dimension": "Blythe, California",
      "Aggregations": 1
    }
  },
  {
    "Timestamp": "2016-06-27T18:00:00+00:00",
    "Value": {
      "Dimension": "Dominik Hašek",
      "Aggregations": 1
    }
  },
  {
    "Timestamp": "2016-06-27T18:00:00+00:00",
    "Value": {
      "Dimension": "Frederick Pabst",
      "Aggregations": 1
    }
  },
  {
    "Timestamp": "2016-06-27T19:00:00+00:00",
    "Value": {
      "Dimension": "Mediaskare Records",
      "Aggregations": 2
    }
  },
  {
    "Timestamp": "2016-06-27T19:00:00+00:00",
    "Value": {
      "Dimension": "2016 Sacramento riot",
      "Aggregations": 1
    }
  },
  {
    "Timestamp": "2016-06-27T19:00:00+00:00",
    "Value": {
      "Dimension": "2016–17 Minnesota Golden Gophers women's basketball team",
      "Aggregations": 1
    }
  },
  {
    "Timestamp": "2016-06-27T19:00:00+00:00",
    "Value": {
      "Dimension": "2016–17 South Carolina Gamecocks women's basketball team",
      "Aggregations": 1
    }
  },
  {
    "Timestamp": "2016-06-27T19:00:00+00:00",
    "Value": {
      "Dimension": "Apollo 15",
      "Aggregations": 1
    }
  },
  {
    "Timestamp": "2016-06-27T19:00:00+00:00",
    "Value": {
      "Dimension": "Barry Gibb",
      "Aggregations": 1
    }
  },
  {
    "Timestamp": "2016-06-27T19:00:00+00:00",
    "Value": {
      "Dimension": "Black Dahlia",
      "Aggregations": 1
    }
  },
  {
    "Timestamp": "2016-06-27T19:00:00+00:00",
    "Value": {
      "Dimension": "Chef Tone",
      "Aggregations": 1
    }
  },
  {
    "Timestamp": "2016-06-27T19:00:00+00:00",
    "Value": {
      "Dimension": "Chega de Saudade",
      "Aggregations": 1
    }
  },
  {
    "Timestamp": "2016-06-27T19:00:00+00:00",
    "Value": {
      "Dimension": "Dog breed",
      "Aggregations": 1
    }
  },
  {
    "Timestamp": "2016-06-27T20:00:00+00:00",
    "Value": {
      "Dimension": "Bangor, Maine",
      "Aggregations": 1
    }
  },
  {
    "Timestamp": "2016-06-27T20:00:00+00:00",
    "Value": {
      "Dimension": "Dikshit",
      "Aggregations": 1
    }
  },
  {
    "Timestamp": "2016-06-27T20:00:00+00:00",
    "Value": {
      "Dimension": "Drive-By Truckers",
      "Aggregations": 1
    }
  },
  {
    "Timestamp": "2016-06-27T20:00:00+00:00",
    "Value": {
      "Dimension": "Food Network Star (season 12)",
      "Aggregations": 1
    }
  },
  {
    "Timestamp": "2016-06-27T20:00:00+00:00",
    "Value": {
      "Dimension": "Hasbro Studios",
      "Aggregations": 1
    }
  },
  {
    "Timestamp": "2016-06-27T20:00:00+00:00",
    "Value": {
      "Dimension": "Jess Harnell filmography",
      "Aggregations": 1
    }
  },
  {
    "Timestamp": "2016-06-27T20:00:00+00:00",
    "Value": {
      "Dimension": "Jon Voight",
      "Aggregations": 1
    }
  },
  {
    "Timestamp": "2016-06-27T20:00:00+00:00",
    "Value": {
      "Dimension": "Kitty",
      "Aggregations": 1
    }
  },
  {
    "Timestamp": "2016-06-27T20:00:00+00:00",
    "Value": {
      "Dimension": "Leonard Katzman",
      "Aggregations": 1
    }
  },
  {
    "Timestamp": "2016-06-27T20:00:00+00:00",
    "Value": {
      "Dimension": "List of Ivy League medical schools",
      "Aggregations": 1
    }
  },
  {
    "Timestamp": "2016-06-27T21:00:00+00:00",
    "Value": {
      "Dimension": "A Aa",
      "Aggregations": 2
    }
  },
  {
    "Timestamp": "2016-06-27T21:00:00+00:00",
    "Value": {
      "Dimension": "Conway Twitty",
      "Aggregations": 2
    }
  },
  {
    "Timestamp": "2016-06-27T21:00:00+00:00",
    "Value": {
      "Dimension": "12 Stones",
      "Aggregations": 1
    }
  },
  {
    "Timestamp": "2016-06-27T21:00:00+00:00",
    "Value": {
      "Dimension": "Ayrshire",
      "Aggregations": 1
    }
  },
  {
    "Timestamp": "2016-06-27T21:00:00+00:00",
    "Value": {
      "Dimension": "Computer-aided design",
      "Aggregations": 1
    }
  },
  {
    "Timestamp": "2016-06-27T21:00:00+00:00",
    "Value": {
      "Dimension": "Genie (feral child)",
      "Aggregations": 1
    }
  },
  {
    "Timestamp": "2016-06-27T21:00:00+00:00",
    "Value": {
      "Dimension": "Halsey House (Southampton, New York)",
      "Aggregations": 1
    }
  },
  {
    "Timestamp": "2016-06-27T21:00:00+00:00",
    "Value": {
      "Dimension": "KeyCreator",
      "Aggregations": 1
    }
  },
  {
    "Timestamp": "2016-06-27T21:00:00+00:00",
    "Value": {
      "Dimension": "Lesley Gore",
      "Aggregations": 1
    }
  },
  {
    "Timestamp": "2016-06-27T21:00:00+00:00",
    "Value": {
      "Dimension": "List of Spanish Americans",
      "Aggregations": 1
    }
  }
]
