[
  {
    "SegmentId": null,
    "Value": {
      "Timestamp": "2016-06-27T21:23:20.497+00:00",
      "IsRobot": false,
      "Channel": "#en.wikipedia",
      "Flags": "",
      "IsUnpatrolled": false,
      "Page": "KeyCreator",
      "DiffUri": "https://en.wikipedia.org/w/index.php?diff=727271150&oldid=727270612",
      "Added": 92,
      "Comment": "/* Extensions */",
      "CommentLength": 16,
      "IsNew": false,
      "IsMinor": false,
      "Delta": 92,
      "IsAnonymous": true,
      "User": "12.145.185.163",
      "DeltaBucket": 0,
      "Deleted": 0,
      "Namespace": "Main",
      "CityName": null,
      "CountryName": "United States",
      "RegionIsoCode": "IL",
      "MetroCode": null,
      "CountryIsoCode": "US",
      "RegionName": "Illinois"
    }
  },
  {
    "SegmentId": null,
    "Value": {
      "Timestamp": "2016-06-27T21:23:12.146+00:00",
      "IsRobot": false,
      "Channel": "#en.wikipedia",
      "Flags": "",
      "IsUnpatrolled": false,
      "Page": "Ayrshire",
      "DiffUri": "https://en.wikipedia.org/w/index.php?diff=727271125&oldid=725167739",
      "Added": 27,
      "Comment": "/* Towns and villages in Ayrshire */",
      "CommentLength": 36,
      "IsNew": false,
      "IsMinor": false,
      "Delta": 27,
      "IsAnonymous": true,
      "User": "24.214.142.40",
      "DeltaBucket": 0,
      "Deleted": 0,
      "Namespace": "Main",
      "CityName": "Prattville",
      "CountryName": "United States",
      "RegionIsoCode": "AL",
      "MetroCode": 698,
      "CountryIsoCode": "US",
      "RegionName": "Alabama"
    }
  },
  {
    "SegmentId": null,
    "Value": {
      "Timestamp": "2016-06-27T21:20:17.454+00:00",
      "IsRobot": false,
      "Channel": "#es.wikipedia",
      "Flags": "",
      "IsUnpatrolled": false,
      "Page": "Matrimonio",
      "DiffUri": "https://es.wikipedia.org/w/index.php?diff=91953335&oldid=91950387",
      "Added": 0,
      "Comment": "Deshecha la edición 91950387 de [[Especial:Contribuciones/Foundling|Foundling]] ([[Usuario Discusión:Foundling|disc.]])",
      "CommentLength": 119,
      "IsNew": false,
      "IsMinor": false,
      "Delta": -17,
      "IsAnonymous": true,
      "User": "192.55.54.45",
      "DeltaBucket": -100,
      "Deleted": 17,
      "Namespace": "Main",
      "CityName": null,
      "CountryName": "United States",
      "RegionIsoCode": "OR",
      "MetroCode": null,
      "CountryIsoCode": "US",
      "RegionName": "Oregon"
    }
  }
]
